D/CoverUI ( 4068): applyHeight h = -1, oc = true, ex = true, fa = false, ac = false, sc = false
D/PhoneStatusBar( 4068): makeExpandedInvisible: mExpandedVisible=true mExpandedVisible=true
D/StatusBar-QSPanel( 4068): setSingleLine:true
D/StatusBar-QSPanel( 4068): adjustCellWidth mButtonWidth : 272, displayWidth : 1440
D/StatusBar-QSPanel( 4068): updateButtonInfo mButtonWidth : 272 mColumns:5 orien: 1 mButtonCorrectionWidth:32
D/StatusBar-QSPanel( 4068): setSingleLine height:384
D/PhoneStatusBar( 4068): updateQSpanelHeight: 384 height:796
D/QSTile.TorchLightTile( 4068): handleUpdateState() state=MultiState[visible=true,icon=null,label=手電筒,contentDescription=手電筒 已停用。,dualLabelContentDescription=null,autoMirrorDrawable=true,iconId=2130838949,pairedDeviceName=null,alpha=1.0,imageAlpha=1.0,textAlpha=1.0,textTruncate=true,textEllipsis=false,tintColor =-1,value=2]
D/StatusBarKeyguardViewManager( 4068): setNeedAnimationFlag...  false
D/StatusBarKeyguardViewManager( 4068): setNeedAnimationFlag...  false
D/StatusBarKeyguardViewManager( 4068): setNeedAnimationFlag...  false
D/StatusBarKeyguardViewManager( 4068): setNeedAnimationFlag...  false
D/StatusBarKeyguardViewManager( 4068): setNeedAnimationFlag...  false
D/PanelView( 4068): There is/are notification(s) 
D/KeyguardEffectViewUtil( 4068): wallpaperType :1
D/StatusBar-Window( 4068): fnf=false sanc=true, kni=false, sbf=true
D/CoverUI ( 4068): applyFocusableFlag() : Remove SAMSUNG_FLAG_SVIEW_COVER
D/CoverUI ( 4068): applyHeight h = -1, oc = true, ex = true, fa = false, ac = false, sc = false
D/PanelView( 4068): flingSettings mQsMin:0 mQsMax:976 mQsEx:976.0mQsPeek:796
D/PanelView( 4068): There is/are notification(s) 
D/PanelView( 4068): kidsfalse mQsExpansionEnabled:true
D/PanelView( 4068): There is/are notification(s) 
D/KeyguardEffectViewUtil( 4068): wallpaperType :1
D/StatusBar-Window( 4068): fnf=false sanc=true, kni=false, sbf=true
D/CoverUI ( 4068): applyFocusableFlag() : Remove SAMSUNG_FLAG_SVIEW_COVER
D/CoverUI ( 4068): applyHeight h = -1, oc = true, ex = true, fa = false, ac = false, sc = false
D/PanelView( 4068): There is/are notification(s) 
D/KeyguardEffectViewUtil( 4068): wallpaperType :1
D/StatusBar-Window( 4068): fnf=false sanc=true, kni=false, sbf=false
D/CoverUI ( 4068): applyFocusableFlag() : Remove SAMSUNG_FLAG_SVIEW_COVER
D/CoverUI ( 4068): applyHeight h = -1, oc = true, ex = false, fa = false, ac = false, sc = false
D/PhoneStatusBar( 4068): disable: < expand icons* alerts system_info* BACK HOME RECENT clock SEARCH >
D/PhoneStatusBar( 4068): updateKeyguardState :0
I/KeyguardEffectViewController( 4068): setKeyguardShowing = false
W/KeyguardEffectViewController( 4068): setKeyguardShowing: **** SHOWN CALLED to turn on forcingly ****
D/KeyguardEffectViewController( 4068): cleanUp()
D/VisualEffectCircleUnlockEffect( 4068): KeyguardEffectViewNone : cleanUp
D/VisualEffectCircleUnlockEffect( 4068): KeyguardEffectViewNone : cleanUp
V/KeyguardUpdateMonitor( 4068): *** unregister callback for com.android.keyguard.sec.effect.KeyguardEffectViewController$2@3ed6da65
D/KeyguardEffectViewController( 4068): isFestivalActivated()false
I/KeyguardEffectViewController( 4068): setFestivalKeyguardShowing = false ,:false
D/KeyguardEffectViewController( 4068): isFestivalActivated()false
D/PhoneStatusBar( 4068): updateKeyguardPreviousState :1
D/PhoneStatusBar( 4068): HomeCitySettingsDialog available = false, show = false
D/StatusBar-Window( 4068): fnf=true sanc=false, kni=false, sbf=false
D/CoverUI ( 4068): applyFocusableFlag() : Remove SAMSUNG_FLAG_SVIEW_COVER
D/CoverUI ( 4068): applyHeight h = 100, oc = false, ex = false, fa = false, ac = false, sc = false
V/KeyguardUpdateMonitor( 4068): *** unregister callback for com.android.keyguard.sec.SecKeyguardCircleView$1@37df159a
V/KeyguardUpdateMonitor( 4068): *** unregister callback for com.android.keyguard.sec.SecKeyguardCircleEmergencyView$1@11ad4ecb
V/KeyguardUpdateMonitor( 4068): *** unregister callback for com.android.keyguard.KeyguardMessageArea$3@10ce96a8
V/KeyguardUpdateMonitor( 4068): *** unregister callback for com.android.keyguard.sec.SecKeyguardCircleView$1@7cd85c1
D/KeyguardUnlockEventHandler( 4068): cleanUp()
V/KeyguardUpdateMonitor( 4068): *** unregister callback for com.android.keyguard.sec.KeyguardUnlockView$9@18998a45
I/SecAttributionInfoView( 4068): onDetachedFromWindow
V/KeyguardUpdateMonitor( 4068): *** unregister callback for com.android.keyguard.KeyguardSimpleHostView$1@bb168d
D/KeyguardUpdateMonitor( 4068): sendKeyguardVisibilityChanged(false)
W/art     ( 2276): Suspending all threads took: 5.033ms
D/KeyguardViewMediator( 4068): adjustStatusBarLocked: mShowing=false mOccluded=false isSecure=? --> flags=0x0
V/KeyguardEffectViewController( 4068): *** Keyguard wallpaper service unbounded
D/PhoneStatusBar( 4068): makeExpandedInvisible: mExpandedVisible=false mExpandedVisible=false
D/KeyguardWallpaperService( 3084): onUnbind!!
D/KeyguardWallpaperViewController( 3084): removeViewWindow
V/WindowOrientationListener( 3531): mSContextAutoRotationListener.getProposedRotation, mbResultFaceDectection: false
V/WindowOrientationListener( 3531): mSContextAutoRotationListener.getProposedRotation, Rotation: -1
V/WindowOrientationListener( 3531): mSContextAutoRotationListener.getProposedRotation, mbResultFaceDectection: false
V/WindowOrientationListener( 3531): mSContextAutoRotationListener.getProposedRotation, Rotation: -1
W/ActivityManager( 3531): userId = 0, bbcId = -10000
W/ActivityManager( 3531): NORMAL SET : dst_category = 1023, src_allowCategory = 0,2-1023
W/ActivityManager( 3531): NORMAL SET : srcAppInfo.processName = com.android.systemui, destAppInfo.processName = com.yahoo.mobile.client.android.weather
D/InputDispatcher( 3531): Focus left window: 4068
D/InputDispatcher( 3531): Focus entered window: 2276
D/PointerIcon( 3531): setMouseIconStyle1 pointerType: 1001 iconType:101 flag:0 pid:3531 uid:1000
D/PointerIcon( 3531): setMouseCustomIcon IconType is same.101
D/ActivityManager( 3531): post active user change for 0 fullscreen true record.isFloatingActivity() false
D/KeyguardWallpaperService( 3084): onDestroy!!
D/lights  ( 3531): lcd : 27 +
I/Process ( 3084): Sending signal. PID: 3084 SIG: 9
D/KnoxTimeoutHandler( 3531): postActiveUserChange for user 0
I/KnoxTimeoutHandler( 3531): postActiveUserChange, showWhenLocked: false
D/CoverManagerWhiteLists( 3531): isAllowedToUse : SIGNATURE_MATCH
D/mali_winsys( 4068): new_window_surface returns 0x3000,  [1440x100]-format:1
D/lights  ( 3531): lcd : 27 -
D/CoverManagerWhiteLists( 3531): isAllowedToUse : SIGNATURE_MATCH
D/lights  ( 3531): lcd : 35 +
D/NfcService( 4416): call the applyRouting
D/NfcService( 4416): call the applyRouting
W/ActivityManager( 3531): userId = 0, bbcId = -10000
W/ActivityManager( 3531): NORMAL SET : dst_category = 1023, src_allowCategory = 0,701-1023
W/ActivityManager( 3531): NORMAL SET : srcAppInfo.processName = com.yahoo.mobile.client.android.weather, destAppInfo.processName = com.yahoo.mobile.client.android.weather
I/PERF    ( 4068): StatusBarKeyguardViewManager - callbackAfterDraw
V/KeyguardServiceDelegate( 3531): **** SHOWN CALLED ****
D/lights  ( 3531): lcd : 35 -
D/lights  ( 3531): lcd : 44 +
W/ActivityManager( 3531): userId = 0, bbcId = -10000
W/ActivityManager( 3531): NORMAL SET : dst_category = 1023, src_allowCategory = 0,2-1023
W/ActivityManager( 3531): NORMAL SET : srcAppInfo.processName = com.android.systemui, destAppInfo.processName = com.instagram.android
D/PanelView( 4068): There is/are notification(s) 
D/PanelView( 4068): kidsfalse mQsExpansionEnabled:true
E/Zygote  ( 7845): MountEmulatedStorage()
E/Zygote  ( 7845): v2
D/PanelView( 4068): mClearAll.setVisibility - mIsFullyOpened : false isShade : true mHasNotification : true mIsUpwardFling : false mQsFullyExpanded : false isShadeLocked : false mClearAllVisible : true
D/PanelView( 4068): mClearAll.setVisibility - mIsFullyOpened : false isShade : true mHasNotification : true mIsUpwardFling : false mQsFullyExpanded : false isShadeLocked : false mClearAllVisible : true
D/KeyguardUpdateMonitor( 4068): handleKeyguardVisibilityChanged(0)
I/SELinux ( 7845): Function: selinux_compare_spd_ram , priority [2] , priority version is VE=SEPF_SM-G9208_5.1.1_0024
E/SELinux ( 7845): [DEBUG] get_category: variable seinfo: default sensitivity: NULL, cateogry: NULL
D/PanelView( 4068): mClearAll.setVisibility - mIsFullyOpened : false isShade : true mHasNotification : true mIsUpwardFling : false mQsFullyExpanded : false isShadeLocked : false mClearAllVisible : true
D/PhoneStatusBar( 4068): disable: < expand icons alerts system_info back* home* recent* clock search* >
D/lights  ( 3531): lcd : 44 -
D/lights  ( 3531): lcd : 52 +
D/lights  ( 3531): lcd : 52 -
D/lights  ( 3531): lcd : 60 +
D/VisualEffectCircleUnlockEffect( 4068): clearEffect
D/VisualEffectCircleUnlockEffect( 4068): cancelAllAnimator
D/lights  ( 3531): lcd : 60 -
D/VisualEffectCircleUnlockEffect( 4068): clearEffect
D/VisualEffectCircleUnlockEffect( 4068): cancelAllAnimator
D/InputMethodManagerService( 3531): windowGainedFocus mCurrentFocusedUserId - 0 and mSecureKeypadEnabled-false
W/ActivityManager( 3531): userId = 0, bbcId = -10000
W/ActivityManager( 3531): NORMAL SET : dst_category = 701, src_allowCategory = 0,2-1023
W/ActivityManager( 3531): NORMAL SET : srcAppInfo.processName = com.android.systemui, destAppInfo.processName = com.google.android.gms
W/ActivityManager( 3531): userId = 0, bbcId = -10000
W/ActivityManager( 3531): NORMAL SET : dst_category = 1023, src_allowCategory = 0,2-1023
W/ActivityManager( 3531): NORMAL SET : srcAppInfo.processName = com.android.systemui, destAppInfo.processName = com.chocolabs.youbike
V/UserPresentBroadcastReceiver( 5258): Received Intent { act=android.intent.action.USER_PRESENT flg=0x24000010 cmp=com.google.android.gms/.auth.trustagent.UserPresentBroadcastReceiver }.
D/lights  ( 3531): lcd : 69 +
I/Timeline( 2276): Timeline: Activity_idle id: android.os.BinderProxy@3726c856 time:44608175
I/PalmMotion( 3531): [PALM] SURFACE_MOTION_ENGINE: 1 SURFACE_PALM_TOUCH: 1
I/PalmMotion( 3531): [PALM] SURFACE_PALM_SWIPE: 1
D/PalmMotion( 3531): [PALM] SETTINGS : [TOUCH: true] [SWEEP: true]
D/PalmMotion( 3531): [PALM] ACCEPTED : [zeroflte] PALM_CNT : 3, M_TOUCH : 30.0, M_SWEEP : 25.0, E_SWEEP : 2.2, IGNORE_M_SWEEP : true
D/SecContentProvider( 3531): uri = 18 selection = isUsbMediaPlayerAvailable
D/SamsungIME( 5387): onFinishInput begin
D/TimaKeyStoreProvider( 7845): TimaSignature is unavailable
D/lights  ( 3531): lcd : 69 -
D/ActivityThread( 7845): Added TimaKeyStore provider
E/Zygote  ( 7865): MountEmulatedStorage()
E/Zygote  ( 7865): v2
D/lights  ( 3531): lcd : 77 +
I/SELinux ( 7865): Function: selinux_compare_spd_ram , priority [2] , priority version is VE=SEPF_SM-G9208_5.1.1_0024
E/SELinux ( 7865): [DEBUG] get_category: variable seinfo: default sensitivity: NULL, cateogry: NULL
W/ActivityManager( 3531): userId = 0, bbcId = -10000
W/ActivityManager( 3531): NORMAL SET : dst_category = 1023, src_allowCategory = 0,2-1023
W/ActivityManager( 3531): NORMAL SET : srcAppInfo.processName = com.android.systemui, destAppInfo.processName = edu.ntu.vison.bentogo
D/lights  ( 3531): lcd : 77 -
D/lights  ( 3531): lcd : 85 +
D/TimaKeyStoreProvider( 7865): TimaSignature is unavailable
D/ActivityThread( 7865): Added TimaKeyStore provider
E/Zygote  ( 7882): MountEmulatedStorage()
E/Zygote  ( 7882): v2
I/SELinux ( 7882): Function: selinux_compare_spd_ram , priority [2] , priority version is VE=SEPF_SM-G9208_5.1.1_0024
D/PanelView( 4068): mClearAll.setVisibility - mIsFullyOpened : false isShade : true mHasNotification : true mIsUpwardFling : false mQsFullyExpanded : false isShadeLocked : false mClearAllVisible : true
E/SELinux ( 7882): [DEBUG] get_category: variable seinfo: default sensitivity: NULL, cateogry: NULL
I/art     ( 7882): Late-enabling -Xcheck:jni
W/ActivityManager( 3531): userId = 0, bbcId = -10000
W/ActivityManager( 3531): NORMAL SET : dst_category = 701, src_allowCategory = 0,701-1023
W/ActivityManager( 3531): NORMAL SET : srcAppInfo.processName = com.google.android.gms, destAppInfo.processName = com.google.android.gms
D/lights  ( 3531): lcd : 85 -
D/lights  ( 3531): lcd : 88 +
D/lights  ( 3531): lcd : 88 -
D/SamsungIME( 5387): setCandidatesViewShown=false
D/SamsungIME( 5387): onFinishInput end
D/SamsungIME( 5387): onStartInput  ccontentType: 0 Restarting:false
W/ActivityManager( 3531): userId = 0, bbcId = -10000
W/ActivityManager( 3531): NORMAL SET : dst_category = 0, src_allowCategory = 0,2-1023
W/ActivityManager( 3531): NORMAL SET : srcAppInfo.processName = com.android.systemui, destAppInfo.processName = com.sec.android.app.shealth
D/ApplicationPolicy( 3531): isStatusBarNotificationAllowedAsUser: packageName = android,userId = -1
V/ApplicationPolicy( 3531): isApplicationStateBlocked userId -1 pkgname android
D/TimaKeyStoreProvider( 7882): TimaSignature is unavailable
I/SimeSkbManager( 5387): changeToTempSkbType() do nothing
D/ActivityThread( 7882): Added TimaKeyStore provider
I/InjectionManager( 7845): Inside getClassLibPath + mLibMap{0=, 1=}
I/PalmMotion( 3531): [PALM] SURFACE_MOTION_ENGINE: 1 SURFACE_PALM_TOUCH: 1
I/PalmMotion( 3531): [PALM] SURFACE_PALM_SWIPE: 1
D/PalmMotion( 3531): [PALM] SETTINGS : [TOUCH: true] [SWEEP: true]
D/PalmMotion( 3531): [PALM] ACCEPTED : [zeroflte] PALM_CNT : 3, M_TOUCH : 30.0, M_SWEEP : 25.0, E_SWEEP : 2.2, IGNORE_M_SWEEP : true
D/SecContentProvider( 3531): uri = 18 selection = isUsbMediaPlayerAvailable
I/InjectionManager( 7865): Inside getClassLibPath + mLibMap{0=, 1=}
I/InjectionManager( 7845): Inside getClassLibPath caller 
E/Zygote  ( 7900): MountEmulatedStorage()
E/Zygote  ( 7900): v2
I/SELinux ( 7900): Function: selinux_compare_spd_ram , priority [2] , priority version is VE=SEPF_SM-G9208_5.1.1_0024
E/SELinux ( 7900): [DEBUG] get_category: variable seinfo: release sensitivity: NULL, cateogry: NULL
W/InputDispatcher( 3531): channel ~ Consumer closed input channel or an error occurred.  events=0x9
E/InputDispatcher( 3531): channel ~ Channel is unrecoverably broken and will be disposed!
W/InputDispatcher( 3531): Attempted to unregister already unregistered input channel
I/InjectionManager( 7865): Inside getClassLibPath caller 
D/ApplicationPolicy( 3531): isStatusBarNotificationAllowedAsUser: packageName = android,userId = -1
V/ApplicationPolicy( 3531): isApplicationStateBlocked userId -1 pkgname android
D/KnoxTimeoutHandler( 3531): handleActiveUserChange for user 0
W/ActivityManager( 3531): userId = 0, bbcId = -10000
W/ActivityManager( 3531): NORMAL SET : dst_category = 701, src_allowCategory = 0,701-1023
W/ActivityManager( 3531): NORMAL SET : srcAppInfo.processName = com.google.process.gapps, destAppInfo.processName = com.google.android.gms
D/TimaKeyStoreProvider( 7900): TimaSignature is unavailable
D/ActivityThread( 7900): Added TimaKeyStore provider
I/InjectionManager( 7882): Inside getClassLibPath + mLibMap{0=, 1=}
D/SamsungIME( 5387): setCandidatesViewShown=false
D/PanelView( 4068): There is/are notification(s) 
I/InjectionManager( 7900): Inside getClassLibPath + mLibMap{0=, 1=}
D/PanelView( 4068): There is/are notification(s) 
D/PanelView( 4068): kidsfalse mQsExpansionEnabled:true
I/InjectionManager( 7882): Inside getClassLibPath caller 
V/HttpGet ( 7865): http://ip-api.com/json
I/AudioPolicyManager( 3010): stopOutput() output 4, stream 1, session 1423
I/AudioPolicyManager( 3010): changeRefCount() stream 1, count 0
I/AudioPolicyManager( 3010): setOutputDevice() setting same device 0000 or null device for output 4
I/System.out( 7865): Thread-12806(ApacheHTTPLog):Reading from variable values from setDefaultValuesToVariables
I/System.out( 7865): Thread-12806(ApacheHTTPLog):isSBSettingEnabled false
I/System.out( 7865): Thread-12806(ApacheHTTPLog):isShipBuild true
I/System.out( 7865): Thread-12806(ApacheHTTPLog):SMARTBONDING_ENABLED is false
I/System.out( 7865): Thread-12806(ApacheHTTPLog):SmartBonding Enabling is false, SHIP_BUILD is true, log to file is false, DBG is false
D/EnterpriseController( 3002): mIsMarkChainAdded is 0 mIsBlockChainAdded is 0 netId is 0
D/Netd    ( 3002): getNetworkForDns: using netid 508 for uid 10211
D/PanelView( 4068): There is/are notification(s) 
D/PanelView( 4068): kidsfalse mQsExpansionEnabled:true
I/InjectionManager( 7900): Inside getClassLibPath caller 
D/KnoxNotification( 4068): ----- inflateViews : modified publicViewLocal -----
D/KnoxNotification( 4068): ----- inflateViews : modified KnoxViewLocal -----
D/PanelView( 4068): There is/are notification(s) 
D/PanelView( 4068): kidsfalse mQsExpansionEnabled:true
D/PanelView( 4068): There is/are notification(s) 
D/PanelView( 4068): kidsfalse mQsExpansionEnabled:true
I/MultiDex( 7900): VM with version 2.1.0 has multidex support
I/MultiDex( 7900): install
I/MultiDex( 7900): VM has multidex support, MultiDex support library is disabled.
I/MultiDex( 7900): install
I/MultiDex( 7900): VM has multidex support, MultiDex support library is disabled.
D/PanelView( 4068): There is/are notification(s) 
D/PanelView( 4068): kidsfalse mQsExpansionEnabled:true
D/PanelView( 4068): There is/are notification(s) 
D/PanelView( 4068): kidsfalse mQsExpansionEnabled:true
D/KnoxNotification( 4068): ----- inflateViews : modified publicViewLocal -----
D/KnoxNotification( 4068): ----- inflateViews : modified KnoxViewLocal -----
D/PanelView( 4068): There is/are notification(s) 
D/PanelView( 4068): kidsfalse mQsExpansionEnabled:true
D/PanelView( 4068): There is/are notification(s) 
D/PanelView( 4068): kidsfalse mQsExpansionEnabled:true
D/StackStateAnimator( 4068):  hided notification will be INVISIBLE
D/PanelView( 4068): mClearAll.setVisibility - mIsFullyOpened : false isShade : true mHasNotification : true mIsUpwardFling : false mQsFullyExpanded : false isShadeLocked : false mClearAllVisible : true
I/System.out( 7882): (HTTPLog)-Static: isSBSettingEnabled false
I/System.out( 7882): (HTTPLog)-Static: isShipBuild true
I/System.out( 7882): (HTTPLog)-Thread-12815-686321686: SmartBonding Enabling is false, SHIP_BUILD is true, log to file is false, DBG is false
I/System.out( 7882): (HTTPLog)-Thread-12815-686321686: SMARTBONDING_FEATURE_ENABLED is true
I/System.out( 7882): (HTTPLog)-Static: isSBSettingEnabled false
D/EnterpriseController( 3002): mIsMarkChainAdded is 0 mIsBlockChainAdded is 0 netId is 0
D/Netd    ( 3002): getNetworkForDns: using netid 508 for uid 10172
D/PanelView( 4068): mClearAll.setVisibility - mIsFullyOpened : false isShade : true mHasNotification : true mIsUpwardFling : false mQsFullyExpanded : false isShadeLocked : false mClearAllVisible : true
D/InjectionManager( 7882): InjectionManager
D/InjectionManager( 7882): fillFeatureStoreMap edu.ntu.vison.bentogo
I/InjectionManager( 7882): Constructor edu.ntu.vison.bentogo, Feature store :{}
I/InjectionManager( 7882): featureStore :{}
D/PanelView( 4068): mClearAll.setVisibility - mIsFullyOpened : false isShade : true mHasNotification : true mIsUpwardFling : false mQsFullyExpanded : false isShadeLocked : false mClearAllVisible : true
I/System.out( 7882): KnoxVpnUidStorageknoxVpnSupported API value returned is false
I/SurfaceFlinger( 2976): id=1356 Removed TurfaceView (12/14)
I/SurfaceFlinger( 2976): id=1356 Removed TurfaceView (-2/14)
D/PanelView( 4068): mClearAll.setVisibility - mIsFullyOpened : false isShade : true mHasNotification : true mIsUpwardFling : false mQsFullyExpanded : false isShadeLocked : false mClearAllVisible : true
D/PanelView( 4068): mClearAll.setVisibility - mIsFullyOpened : false isShade : true mHasNotification : true mIsUpwardFling : false mQsFullyExpanded : false isShadeLocked : false mClearAllVisible : true
I/SurfaceFlinger( 2976): id=1355 Removed LeyguardWal (12/13)
I/SurfaceFlinger( 2976): id=1355 Removed LeyguardWal (-2/13)
I/SurfaceFlinger( 2976): id=1355 Removed LeyguardWal (-2/13)
I/art     ( 3531): Explicit concurrent mark sweep GC freed 82887(4MB) AllocSpace objects, 19(380KB) LOS objects, 14% free, 90MB/106MB, paused 1.498ms total 220.528ms
W/ActivityManager( 3531): userId = 0, bbcId = -10000
W/ActivityManager( 3531): NORMAL SET : dst_category = 701, src_allowCategory = 0,701-1023
W/ActivityManager( 3531): NORMAL SET : srcAppInfo.processName = am.sunrise.android.calendar, destAppInfo.processName = com.google.android.gms
D/StatusBar.NetworkController( 4068): onSignalStrengthsChanged signalStrength=SignalStrength: 99 99 -120 -160 -120 -1 -1 24 -88 -8 220 -1 2147483647 0x4000 gsm|lte level=4
D/StatusBar.NetworkController( 4068): updateTelephonySignalStrength: hasService=true ss=SignalStrength: 99 99 -120 -160 -120 -1 -1 24 -88 -8 220 -1 2147483647 0x4000 gsm|lte
D/StatusBar.NetworkController( 4068): updateTelephonySignalStrength: iconLevel=4
D/StatusBar.NetworkController( 4068): updateTelephonySignalStrength, No signal level. mPhoneSignalIconId = com.android.systemui:drawable/stat_sys_signal_4_auto_rotate mDataSignalIconId = com.android.systemui:drawable/stat_sys_signal_4_auto_rotate mQSPhoneSignalIconId = com.android.systemui:drawable/ic_qs_signal_4 mContentDescriptionPhoneSignal = 手機訊號滿格
D/StatusBar.NetworkController( 4068): refreshViews connected={ wifi data } level=4 combinedSignalIconId=0x7f02052d/com.android.systemui:drawable/stat_sys_wifi_captive_3 mobileLabel=中華電信 wifiLabel="NTU" emergencyOnly=false combinedLabel="NTU" mAirplaneMode=false mDataActivity=0 mPhoneSignalIconId=0x7f0204d7/com.android.systemui:drawable/stat_sys_signal_4_auto_rotate mQSPhoneSignalIconId=0x7f020115/com.android.systemui:drawable/ic_qs_signal_4 mDataDirectionIconId=0x7f020320/com.android.systemui:drawable/stat_sys_data_connected_4g_plus mDataSignalIconId=0x7f0204d7/com.android.systemui:drawable/stat_sys_signal_4_auto_rotate mDataTypeIconId=0x7f020320/com.android.systemui:drawable/stat_sys_data_connected_4g_plus mQSDataTypeIconId=0x7f020116/com.android.systemui:drawable/ic_qs_signal_4g mNoSimIconId=0x0/(null) mWifiIconId=0x7f02052d/com.android.systemui:drawable/stat_sys_wifi_captive_3 mQSWifiIconId=0x7f02012a/com.android.systemui:drawable/ic_qs_wifi_3 mWifiActivityIconId=0x0/(null) mBluetoothTetherIconId=0x7f02051d/com.android.systemui:drawable/stat_sys_tether_bluetooth
D/STATUSBAR-WifiTile( 4068): onWifiSignalChanged enabled=true enabledDesc:"NTU"
D/StatusBar.NetworkController( 4068): refreshNwBoosterIndicator - setNWBoosterIndicators(false)
D/StatusBar.NetworkController( 4068): refreshNwBoosterIndicator - setNWBoosterIndicators(false)
D/StatusBar.NetworkController( 4068): refreshNwBoosterIndicator - setNWBoosterIndicators(false)
D/StatusBar.NetworkController( 4068): refreshNwBoosterIndicator - setNWBoosterIndicators(false)
D/StatusBar.NetworkController( 4068): onDataActivity: direction=3
W/ActivityManager( 3531): userId = 0, bbcId = -10000
W/ActivityManager( 3531): NORMAL SET : dst_category = 1023, src_allowCategory = 0,2-1023
W/ActivityManager( 3531): NORMAL SET : srcAppInfo.processName = com.android.systemui, destAppInfo.processName = us.zoom.videomeetings
D/StatusBar.NetworkController( 4068): updateDataIcon, mDataDirectionIconId = com.android.systemui:drawable/stat_sys_data_connected_4g_plus mDataConnected = true
D/StatusBar.NetworkController( 4068): refreshViews connected={ wifi data } level=4 combinedSignalIconId=0x7f02052d/com.android.systemui:drawable/stat_sys_wifi_captive_3 mobileLabel=中華電信 wifiLabel="NTU" emergencyOnly=false combinedLabel="NTU" mAirplaneMode=false mDataActivity=3 mPhoneSignalIconId=0x7f0204d7/com.android.systemui:drawable/stat_sys_signal_4_auto_rotate mQSPhoneSignalIconId=0x7f020115/com.android.systemui:drawable/ic_qs_signal_4 mDataDirectionIconId=0x7f020320/com.android.systemui:drawable/stat_sys_data_connected_4g_plus mDataSignalIconId=0x7f0204d7/com.android.systemui:drawable/stat_sys_signal_4_auto_rotate mDataTypeIconId=0x7f020320/com.android.systemui:drawable/stat_sys_data_connected_4g_plus mQSDataTypeIconId=0x7f020116/com.android.systemui:drawable/ic_qs_signal_4g mNoSimIconId=0x0/(null) mWifiIconId=0x7f02052d/com.android.systemui:drawable/stat_sys_wifi_captive_3 mQSWifiIconId=0x7f02012a/com.android.systemui:drawable/ic_qs_wifi_3 mWifiActivityIconId=0x0/(null) mBluetoothTetherIconId=0x7f02051d/com.android.systemui:drawable/stat_sys_tether_bluetooth
D/STATUSBAR-WifiTile( 4068): onWifiSignalChanged enabled=true enabledDesc:"NTU"
D/StatusBar.NetworkController( 4068): refreshNwBoosterIndicator - setNWBoosterIndicators(false)
D/StatusBar.NetworkController( 4068): refreshNwBoosterIndicator - setNWBoosterIndicators(false)
D/StatusBar.NetworkController( 4068): refreshNwBoosterIndicator - setNWBoosterIndicators(false)
D/StatusBar.NetworkController( 4068): refreshNwBoosterIndicator - setNWBoosterIndicators(false)
I/System.out( 7865): AsyncTask #1 calls detatch()
W/System.err( 7865): java.lang.NullPointerException: Attempt to invoke virtual method 'com.chocolabs.adsdk.account.UserInfo com.chocolabs.adsdk.ChocoAdSDK.getUserInfo()' on a null object reference
W/System.err( 7865): 	at com.chocolabs.adsdk.config.AdsConfig.setCountryCity(AdsConfig.java:51)
W/System.err( 7865): 	at com.chocolabs.adsdk.account.UserInfo.<init>(UserInfo.java:44)
W/System.err( 7865): 	at com.chocolabs.adsdk.ChocoAdSDK.initManager(ChocoAdSDK.java:63)
W/System.err( 7865): 	at com.chocolabs.adsdk.ChocoAdSDK.<init>(ChocoAdSDK.java:50)
W/System.err( 7865): 	at com.chocolabs.adsdk.ChocoAdSDK.initSingleton(ChocoAdSDK.java:74)
W/System.err( 7865): 	at com.chocolabs.youbike.MyApplication.onCreate(MyApplication.java:78)
W/System.err( 7865): 	at android.app.Instrumentation.callApplicationOnCreate(Instrumentation.java:1021)
W/System.err( 7865): 	at android.app.ActivityThread.handleBindApplication(ActivityThread.java:5932)
W/System.err( 7865): 	at android.app.ActivityThread.access$1700(ActivityThread.java:198)
W/System.err( 7865): 	at android.app.ActivityThread$H.handleMessage(ActivityThread.java:1737)
W/System.err( 7865): 	at android.os.Handler.dispatchMessage(Handler.java:102)
W/System.err( 7865): 	at android.os.Looper.loop(Looper.java:145)
W/System.err( 7865): 	at android.app.ActivityThread.main(ActivityThread.java:6837)
W/System.err( 7865): 	at java.lang.reflect.Method.invoke(Native Method)
W/System.err( 7865): 	at java.lang.reflect.Method.invoke(Method.java:372)
W/System.err( 7865): 	at com.android.internal.os.ZygoteInit$MethodAndArgsCaller.run(ZygoteInit.java:1404)
W/System.err( 7865): 	at com.android.internal.os.ZygoteInit.main(ZygoteInit.java:1199)
W/ActivityManager( 3531): userId = 0, bbcId = -10000
W/ActivityManager( 3531): NORMAL SET : dst_category = 701, src_allowCategory = 0,701-1023
W/ActivityManager( 3531): NORMAL SET : srcAppInfo.processName = com.chocolabs.youbike, destAppInfo.processName = com.google.android.gms
W/ActivityManager( 3531): userId = 0, bbcId = -10000
W/ActivityManager( 3531): NORMAL SET : dst_category = 0, src_allowCategory = 0,2-1023
W/ActivityManager( 3531): NORMAL SET : srcAppInfo.processName = com.sec.android.app.shealth, destAppInfo.processName = com.sec.android.app.shealth
D/InjectionManager( 7865): InjectionManager
D/InjectionManager( 7865): fillFeatureStoreMap com.chocolabs.youbike
I/InjectionManager( 7865): Constructor com.chocolabs.youbike, Feature store :{}
I/InjectionManager( 7865): featureStore :{}
W/ActivityManager( 3531): userId = 0, bbcId = -10000
W/ActivityManager( 3531): NORMAL SET : dst_category = 0, src_allowCategory = 0,2-1023
W/ActivityManager( 3531): NORMAL SET : srcAppInfo.processName = com.sec.android.app.shealth, destAppInfo.processName = com.sec.android.app.shealth
W/ActivityManager( 3531): userId = 0, bbcId = -10000
W/ActivityManager( 3531): NORMAL SET : dst_category = 0, src_allowCategory = 0,2-1023
W/ActivityManager( 3531): NORMAL SET : srcAppInfo.processName = com.sec.android.app.shealth, destAppInfo.processName = com.sec.android.app.shealth
W/System.err( 7845): remove failed: ENOENT (No such file or directory) : /data/data/com.instagram.android/app_libs
W/ActivityManager( 3531): userId = 0, bbcId = -10000
W/ActivityManager( 3531): NORMAL SET : dst_category = 1023, src_allowCategory = 0,2-1023
W/ActivityManager( 3531): NORMAL SET : srcAppInfo.processName = com.android.systemui, destAppInfo.processName = com.accuvally.android.accupass
E/Zygote  ( 7943): MountEmulatedStorage()
E/Zygote  ( 7943): v2
I/SELinux ( 7943): Function: selinux_compare_spd_ram , priority [2] , priority version is VE=SEPF_SM-G9208_5.1.1_0024
E/SELinux ( 7943): [DEBUG] get_category: variable seinfo: default sensitivity: NULL, cateogry: NULL
D/PanelView( 4068): mClearAll.setVisibility - mIsFullyOpened : false isShade : true mHasNotification : true mIsUpwardFling : false mQsFullyExpanded : false isShadeLocked : false mClearAllVisible : true
I/art     ( 3025): Explicit concurrent mark sweep GC freed 8753(372KB) AllocSpace objects, 0(0B) LOS objects, 36% free, 28MB/44MB, paused 135us total 10.467ms
D/TimaKeyStoreProvider( 7943): TimaSignature is unavailable
D/ActivityThread( 7943): Added TimaKeyStore provider
I/art     ( 3025): Explicit concurrent mark sweep GC freed 5(160B) AllocSpace objects, 0(0B) LOS objects, 36% free, 28MB/44MB, paused 132us total 8.668ms
W/ActivityManager( 3531): userId = 0, bbcId = -10000
W/ActivityManager( 3531): NORMAL SET : dst_category = 0, src_allowCategory = 0,2-1023
W/ActivityManager( 3531): NORMAL SET : srcAppInfo.processName = com.sec.android.app.shealth, destAppInfo.processName = com.sec.android.app.shealth
D/InjectionManager( 7900): InjectionManager
D/InjectionManager( 7900): fillFeatureStoreMap com.sec.android.app.shealth
I/InjectionManager( 7900): Constructor com.sec.android.app.shealth, Feature store :{}
I/InjectionManager( 7900): featureStore :{}
I/InjectionManager( 7943): Inside getClassLibPath + mLibMap{0=, 1=}
D/Receiver_Screen( 7900): ACTION_USER_PRESENT
I/art     ( 3025): Explicit concurrent mark sweep GC freed 5(160B) AllocSpace objects, 0(0B) LOS objects, 36% free, 28MB/44MB, paused 132us total 8.785ms
I/InjectionManager( 7943): Inside getClassLibPath caller 
W/ActivityManager( 3531): userId = 0, bbcId = -10000
W/ActivityManager( 3531): NORMAL SET : dst_category = 1023, src_allowCategory = 0,701-1023
W/ActivityManager( 3531): NORMAL SET : srcAppInfo.processName = com.instagram.android, destAppInfo.processName = com.instagram.android
W/ActivityManager( 3531): userId = 0, bbcId = -10000
W/ActivityManager( 3531): NORMAL SET : dst_category = 1023, src_allowCategory = 0,701-1023
W/ActivityManager( 3531): NORMAL SET : srcAppInfo.processName = com.instagram.android, destAppInfo.processName = com.instagram.android
W/ActivityManager( 3531): userId = 0, bbcId = -10000
W/ActivityManager( 3531): NORMAL SET : dst_category = 1023, src_allowCategory = 0,701-1023
W/ActivityManager( 3531): NORMAL SET : srcAppInfo.processName = com.instagram.android, destAppInfo.processName = com.instagram.android
D/PanelView( 4068): mClearAll.setVisibility - mIsFullyOpened : false isShade : true mHasNotification : true mIsUpwardFling : false mQsFullyExpanded : false isShadeLocked : false mClearAllVisible : true
D/HealthDataStore( 7900): Service for HealthDataStore is connected
D/HealthDataStore( 7900): HealthConnectionErrorResult code : 9
D/HealthConsole( 7900): Service for HealthDataConsole is connected
D/HealthDataStore( 7900): Trying to connect with Health Service fails (error code: 9)
E/HealthDataStore( 7900): disconnectService : IllegalArgumentException
I/IgBitmapFactory( 7845): JNI_OnLoad
I/System.out( 7943): (HTTPLog)-Static: isSBSettingEnabled false
I/System.out( 7943): (HTTPLog)-Static: isShipBuild true
I/System.out( 7943): (HTTPLog)-Thread-12822-493805926: SmartBonding Enabling is false, SHIP_BUILD is true, log to file is false, DBG is false
I/System.out( 7943): (HTTPLog)-Thread-12822-493805926: SMARTBONDING_FEATURE_ENABLED is true
I/System.out( 7943): (HTTPLog)-Static: isSBSettingEnabled false
D/EnterpriseController( 3002): mIsMarkChainAdded is 0 mIsBlockChainAdded is 0 netId is 0
D/Netd    ( 3002): getNetworkForDns: using netid 508 for uid 10217
I/System.out( 7943): KnoxVpnUidStorageknoxVpnSupported API value returned is false
W/System.err( 7900): stat failed: ENOENT (No such file or directory) : /data/data/com.sec.android.app.shealth/databases/SecureHealthData.db.back
W/System.err( 7900): stat failed: ENOENT (No such file or directory) : /data/data/com.sec.android.app.shealth/databases/HealthFramework.db.back
D/EnterpriseController( 3002): mIsMarkChainAdded is 0 mIsBlockChainAdded is 0 netId is 0
D/Netd    ( 3002): getNetworkForDns: using netid 508 for uid 10108
D/InjectionManager( 7845): InjectionManager
D/InjectionManager( 7845): fillFeatureStoreMap com.instagram.android
I/InjectionManager( 7845): Constructor com.instagram.android, Feature store :{}
I/InjectionManager( 7845): featureStore :{}
D/EnterpriseController( 3002): mIsMarkChainAdded is 0 mIsBlockChainAdded is 0 netId is 0
D/Netd    ( 3002): getNetworkForDns: using netid 508 for uid 10108
I/System.out( 7943): Thread-12830(ApacheHTTPLog):Reading from variable values from setDefaultValuesToVariables
I/System.out( 7943): Thread-12830(ApacheHTTPLog):isSBSettingEnabled false
I/System.out( 7943): Thread-12830(ApacheHTTPLog):isShipBuild true
I/System.out( 7943): Thread-12830(ApacheHTTPLog):SMARTBONDING_ENABLED is false
I/System.out( 7943): Thread-12830(ApacheHTTPLog):SmartBonding Enabling is false, SHIP_BUILD is true, log to file is false, DBG is false
D/EnterpriseController( 3002): mIsMarkChainAdded is 0 mIsBlockChainAdded is 0 netId is 0
D/Netd    ( 3002): getNetworkForDns: using netid 508 for uid 10217
W/ActivityManager( 3531): userId = 0, bbcId = -10000
W/ActivityManager( 3531): NORMAL SET : dst_category = 1023, src_allowCategory = 0,701-1023
W/ActivityManager( 3531): NORMAL SET : srcAppInfo.processName = com.instagram.android, destAppInfo.processName = com.instagram.android
W/ActivityManager( 3531): userId = 0, bbcId = -10000
W/ActivityManager( 3531): NORMAL SET : dst_category = 701, src_allowCategory = 0,2-1023
W/ActivityManager( 3531): NORMAL SET : srcAppInfo.processName = com.android.systemui, destAppInfo.processName = com.google.android.gms
W/ActivityManager( 3531): userId = 0, bbcId = -10000
W/ActivityManager( 3531): NORMAL SET : dst_category = 701, src_allowCategory = 0,2-1023
W/ActivityManager( 3531): NORMAL SET : srcAppInfo.processName = com.android.systemui, destAppInfo.processName = com.google.android.gms
W/ActivityManager( 3531): userId = 0, bbcId = -10000
W/ActivityManager( 3531): NORMAL SET : dst_category = 1023, src_allowCategory = 0,701-1023
W/ActivityManager( 3531): NORMAL SET : srcAppInfo.processName = com.instagram.android, destAppInfo.processName = com.instagram.android
D/EnterpriseController( 3002): mIsMarkChainAdded is 0 mIsBlockChainAdded is 0 netId is 0
D/Netd    ( 3002): getNetworkForDns: using netid 508 for uid 10217
W/System.err( 7900): stat failed: ENOENT (No such file or directory) : /data/data/com.sec.android.app.shealth/databases/Permission.db.back
D/NetworkOperatorName( 7943): Chunghwa Telecom 46692
D/InjectionManager( 7943): InjectionManager
D/InjectionManager( 7943): fillFeatureStoreMap com.accuvally.android.accupass
I/InjectionManager( 7943): Constructor com.accuvally.android.accupass, Feature store :{}
I/InjectionManager( 7943): featureStore :{}
W/ActivityManager( 3531): userId = 0, bbcId = -10000
W/ActivityManager( 3531): NORMAL SET : dst_category = 1023, src_allowCategory = 0,2-1023
W/ActivityManager( 3531): NORMAL SET : srcAppInfo.processName = com.android.systemui, destAppInfo.processName = com.yahoo.mobile.client.android.weather
W/ActivityManager( 3531): userId = 0, bbcId = -10000
W/ActivityManager( 3531): NORMAL SET : dst_category = 1023, src_allowCategory = 0,701-1023
W/ActivityManager( 3531): NORMAL SET : srcAppInfo.processName = com.yahoo.mobile.client.android.weather, destAppInfo.processName = com.yahoo.mobile.client.android.weather
W/ActivityManager( 3531): userId = 0, bbcId = -10000
W/ActivityManager( 3531): NORMAL SET : dst_category = 1023, src_allowCategory = 0,2-1023
W/ActivityManager( 3531): NORMAL SET : srcAppInfo.processName = com.android.systemui, destAppInfo.processName = com.instagram.android
W/ActivityManager( 3531): userId = 0, bbcId = -10000
W/ActivityManager( 3531): NORMAL SET : dst_category = 701, src_allowCategory = 0,2-1023
W/ActivityManager( 3531): NORMAL SET : srcAppInfo.processName = com.android.systemui, destAppInfo.processName = com.google.android.gms
V/UserPresentBroadcastReceiver( 5258): Received Intent { act=android.intent.action.USER_PRESENT flg=0x24000010 cmp=com.google.android.gms/.auth.trustagent.UserPresentBroadcastReceiver }.
W/ActivityManager( 3531): userId = 0, bbcId = -10000
W/ActivityManager( 3531): NORMAL SET : dst_category = 1023, src_allowCategory = 0,2-1023
W/ActivityManager( 3531): NORMAL SET : srcAppInfo.processName = com.android.systemui, destAppInfo.processName = com.chocolabs.youbike
W/ActivityManager( 3531): userId = 0, bbcId = -10000
W/ActivityManager( 3531): NORMAL SET : dst_category = 1023, src_allowCategory = 0,2-1023
W/ActivityManager( 3531): NORMAL SET : srcAppInfo.processName = com.android.systemui, destAppInfo.processName = edu.ntu.vison.bentogo
W/ActivityManager( 3531): userId = 0, bbcId = -10000
W/ActivityManager( 3531): NORMAL SET : dst_category = 701, src_allowCategory = 0,701-1023
W/ActivityManager( 3531): NORMAL SET : srcAppInfo.processName = com.google.process.gapps, destAppInfo.processName = com.google.android.gms
W/ActivityManager( 3531): userId = 0, bbcId = -10000
W/ActivityManager( 3531): NORMAL SET : dst_category = 1023, src_allowCategory = 0,701-1023
W/ActivityManager( 3531): NORMAL SET : srcAppInfo.processName = com.instagram.android, destAppInfo.processName = com.instagram.android
W/ActivityManager( 3531): userId = 0, bbcId = -10000
W/ActivityManager( 3531): NORMAL SET : dst_category = 0, src_allowCategory = 0,2-1023
W/ActivityManager( 3531): NORMAL SET : srcAppInfo.processName = com.android.systemui, destAppInfo.processName = com.sec.android.app.shealth
D/Receiver_Screen( 7900): ACTION_USER_PRESENT
W/ActivityManager( 3531): userId = 0, bbcId = -10000
W/ActivityManager( 3531): NORMAL SET : dst_category = 1023, src_allowCategory = 0,2-1023
W/ActivityManager( 3531): NORMAL SET : srcAppInfo.processName = com.android.systemui, destAppInfo.processName = com.accuvally.android.accupass
W/ActivityManager( 3531): userId = 0, bbcId = -10000
W/ActivityManager( 3531): NORMAL SET : dst_category = 701, src_allowCategory = 0,701-1023
W/ActivityManager( 3531): NORMAL SET : srcAppInfo.processName = com.accuvally.android.accupass, destAppInfo.processName = com.google.android.gms
W/ActivityManager( 3531): userId = 0, bbcId = -10000
W/ActivityManager( 3531): NORMAL SET : dst_category = 701, src_allowCategory = 0,701-1023
W/ActivityManager( 3531): NORMAL SET : srcAppInfo.processName = com.accuvally.android.accupass, destAppInfo.processName = com.google.android.gms
W/ActivityManager( 3531): userId = 0, bbcId = -10000
W/ActivityManager( 3531): NORMAL SET : dst_category = 701, src_allowCategory = 0,701-1023
W/ActivityManager( 3531): NORMAL SET : srcAppInfo.processName = com.accuvally.android.accupass, destAppInfo.processName = com.google.android.gms
E/Zygote  ( 8053): MountEmulatedStorage()
E/Zygote  ( 8053): v2
I/SELinux ( 8053): Function: selinux_compare_spd_ram , priority [2] , priority version is VE=SEPF_SM-G9208_5.1.1_0024
E/SELinux ( 8053): [DEBUG] get_category: variable seinfo: platform sensitivity: NULL, cateogry: NULL
W/ActivityManager( 3531): userId = 0, bbcId = -10000
W/ActivityManager( 3531): NORMAL SET : dst_category = 1023, src_allowCategory = 0,2-1023
W/ActivityManager( 3531): NORMAL SET : srcAppInfo.processName = com.android.systemui, destAppInfo.processName = us.zoom.videomeetings
W/ActivityManager( 3531): userId = 0, bbcId = -10000
W/ActivityManager( 3531): NORMAL SET : dst_category = 701, src_allowCategory = 0,2-1023
W/ActivityManager( 3531): NORMAL SET : srcAppInfo.processName = com.android.systemui, destAppInfo.processName = com.google.android.gms
D/TimaKeyStoreProvider( 8053): TimaSignature is unavailable
D/ActivityThread( 8053): Added TimaKeyStore provider
W/ActivityManager( 3531): userId = 0, bbcId = -10000
W/ActivityManager( 3531): NORMAL SET : dst_category = 701, src_allowCategory = 0,2-1023
W/ActivityManager( 3531): NORMAL SET : srcAppInfo.processName = com.android.systemui, destAppInfo.processName = com.google.android.gms
I/InjectionManager( 8053): Inside getClassLibPath + mLibMap{0=, 1=}
W/ActivityManager( 3531): userId = 0, bbcId = -10000
W/ActivityManager( 3531): NORMAL SET : dst_category = 701, src_allowCategory = 0,701-1023
W/ActivityManager( 3531): NORMAL SET : srcAppInfo.processName = com.accuvally.android.accupass, destAppInfo.processName = com.google.android.gms
W/ActivityManager( 3531): userId = 0, bbcId = -10000
W/ActivityManager( 3531): NORMAL SET : dst_category = 701, src_allowCategory = 0,701-1023
W/ActivityManager( 3531): NORMAL SET : srcAppInfo.processName = com.accuvally.android.accupass, destAppInfo.processName = com.google.android.gms
W/ActivityManager( 3531): userId = 0, bbcId = -10000
W/ActivityManager( 3531): NORMAL SET : dst_category = 701, src_allowCategory = 0,701-1023
W/ActivityManager( 3531): NORMAL SET : srcAppInfo.processName = com.accuvally.android.accupass, destAppInfo.processName = com.google.android.gms
W/ActivityManager( 3531): userId = 0, bbcId = -10000
W/ActivityManager( 3531): NORMAL SET : dst_category = 1023, src_allowCategory = 0,701-1023
W/ActivityManager( 3531): NORMAL SET : srcAppInfo.processName = com.yahoo.mobile.client.android.weather, destAppInfo.processName = com.yahoo.mobile.client.android.weather
I/InjectionManager( 8053): Inside getClassLibPath caller 
W/ActivityManager( 3531): userId = 0, bbcId = -10000
W/ActivityManager( 3531): NORMAL SET : dst_category = 1023, src_allowCategory = 0,701-1023
W/ActivityManager( 3531): NORMAL SET : srcAppInfo.processName = com.yahoo.mobile.client.android.weather, destAppInfo.processName = com.yahoo.mobile.client.android.weather
W/ActivityManager( 3531): userId = 0, bbcId = -10000
W/ActivityManager( 3531): NORMAL SET : dst_category = 1023, src_allowCategory = 0,701-1023
W/ActivityManager( 3531): NORMAL SET : srcAppInfo.processName = com.yahoo.mobile.client.android.weather, destAppInfo.processName = com.yahoo.mobile.client.android.weather
W/ActivityManager( 3531): userId = 0, bbcId = -10000
W/ActivityManager( 3531): NORMAL SET : dst_category = 1023, src_allowCategory = 0,701-1023
W/ActivityManager( 3531): NORMAL SET : srcAppInfo.processName = com.yahoo.mobile.client.android.weather, destAppInfo.processName = com.yahoo.mobile.client.android.weather
D/InjectionManager( 8053): InjectionManager
D/InjectionManager( 8053): fillFeatureStoreMap com.sec.android.service.health
I/InjectionManager( 8053): Constructor com.sec.android.service.health, Feature store :{}
I/InjectionManager( 8053): featureStore :{}
W/System.err( 7900): stat failed: ENOENT (No such file or directory) : /data/data/com.sec.android.app.shealth/databases/platform.db
W/System.err( 7900): stat failed: ENOENT (No such file or directory) : /data/data/com.sec.android.app.shealth/databases/secure_shealth2.db
W/System.err( 7900): stat failed: ENOENT (No such file or directory) : /data/data/com.sec.android.app.shealth/databases/secure_sec_health.db
D/StatusBar.NetworkController( 4068): onSignalStrengthsChanged signalStrength=SignalStrength: 99 99 -120 -160 -120 -1 -1 24 -88 -8 242 -1 2147483647 0x4000 gsm|lte level=4
D/StatusBar.NetworkController( 4068): updateTelephonySignalStrength: hasService=true ss=SignalStrength: 99 99 -120 -160 -120 -1 -1 24 -88 -8 242 -1 2147483647 0x4000 gsm|lte
D/StatusBar.NetworkController( 4068): updateTelephonySignalStrength: iconLevel=4
D/StatusBar.NetworkController( 4068): updateTelephonySignalStrength, No signal level. mPhoneSignalIconId = com.android.systemui:drawable/stat_sys_signal_4_auto_rotate mDataSignalIconId = com.android.systemui:drawable/stat_sys_signal_4_auto_rotate mQSPhoneSignalIconId = com.android.systemui:drawable/ic_qs_signal_4 mContentDescriptionPhoneSignal = 手機訊號滿格
D/StatusBar.NetworkController( 4068): refreshViews connected={ wifi data } level=4 combinedSignalIconId=0x7f02052d/com.android.systemui:drawable/stat_sys_wifi_captive_3 mobileLabel=中華電信 wifiLabel="NTU" emergencyOnly=false combinedLabel="NTU" mAirplaneMode=false mDataActivity=3 mPhoneSignalIconId=0x7f0204d7/com.android.systemui:drawable/stat_sys_signal_4_auto_rotate mQSPhoneSignalIconId=0x7f020115/com.android.systemui:drawable/ic_qs_signal_4 mDataDirectionIconId=0x7f020320/com.android.systemui:drawable/stat_sys_data_connected_4g_plus mDataSignalIconId=0x7f0204d7/com.android.systemui:drawable/stat_sys_signal_4_auto_rotate mDataTypeIconId=0x7f020320/com.android.systemui:drawable/stat_sys_data_connected_4g_plus mQSDataTypeIconId=0x7f020116/com.android.systemui:drawable/ic_qs_signal_4g mNoSimIconId=0x0/(null) mWifiIconId=0x7f02052d/com.android.systemui:drawable/stat_sys_wifi_captive_3 mQSWifiIconId=0x7f02012a/com.android.systemui:drawable/ic_qs_wifi_3 mWifiActivityIconId=0x0/(null) mBluetoothTetherIconId=0x7f02051d/com.android.systemui:drawable/stat_sys_tether_bluetooth
D/STATUSBAR-WifiTile( 4068): onWifiSignalChanged enabled=true enabledDesc:"NTU"
D/StatusBar.NetworkController( 4068): refreshNwBoosterIndicator - setNWBoosterIndicators(false)
D/StatusBar.NetworkController( 4068): refreshNwBoosterIndicator - setNWBoosterIndicators(false)
D/StatusBar.NetworkController( 4068): refreshNwBoosterIndicator - setNWBoosterIndicators(false)
D/StatusBar.NetworkController( 4068): refreshNwBoosterIndicator - setNWBoosterIndicators(false)
I/System.out( 7943): pool-3-thread-1 calls detatch()
I/audio_hw_primary( 3010): do_out_standby +
D/audio_hw_primary( 3010): output_devices devices:0
V/audio_hw_primary( 3010): select_devices output_scenario:-1 input_scenario:-1 out_snd_device 0x0 in_snd_device:0x0
I/audio_route( 3010): 
I/audio_route( 3010): > audio_route_reset :
I/audio_route( 3010): 
I/audio_route( 3010): > audio_route_update_mixer : +
I/audio_route( 3010): > audio_route_update_mixer : changed(7) -
I/audio_hw_primary( 3010): select_devices - 
I/audio_hw_primary( 3010): do_out_standby -
D/KeyguardUpdateMonitor( 4068): received broadcast android.intent.action.BATTERY_CHANGED
I/PERF    ( 4068): received broadcast android.intent.action.BATTERY_CHANGED
D/KeyguardUpdateMonitor( 4068): handleBatteryUpdate
D/QSTile.TorchLightTile( 4068): ACTION_BATTERY_CHANGED - Level :: 33, Status :: 2
D/BatteryMonitor( 5273): new battery level: 33
D/StatusBar.NetworkController( 4068): onDataActivity: direction=0
D/StatusBar.NetworkController( 4068): updateDataIcon, mDataDirectionIconId = com.android.systemui:drawable/stat_sys_data_connected_4g_plus mDataConnected = true
D/StatusBar.NetworkController( 4068): refreshViews connected={ wifi data } level=4 combinedSignalIconId=0x7f02052d/com.android.systemui:drawable/stat_sys_wifi_captive_3 mobileLabel=中華電信 wifiLabel="NTU" emergencyOnly=false combinedLabel="NTU" mAirplaneMode=false mDataActivity=0 mPhoneSignalIconId=0x7f0204d7/com.android.systemui:drawable/stat_sys_signal_4_auto_rotate mQSPhoneSignalIconId=0x7f020115/com.android.systemui:drawable/ic_qs_signal_4 mDataDirectionIconId=0x7f020320/com.android.systemui:drawable/stat_sys_data_connected_4g_plus mDataSignalIconId=0x7f0204d7/com.android.systemui:drawable/stat_sys_signal_4_auto_rotate mDataTypeIconId=0x7f020320/com.android.systemui:drawable/stat_sys_data_connected_4g_plus mQSDataTypeIconId=0x7f020116/com.android.systemui:drawable/ic_qs_signal_4g mNoSimIconId=0x0/(null) mWifiIconId=0x7f02052d/com.android.systemui:drawable/stat_sys_wifi_captive_3 mQSWifiIconId=0x7f02012a/com.android.systemui:drawable/ic_qs_wifi_3 mWifiActivityIconId=0x0/(null) mBluetoothTetherIconId=0x7f02051d/com.android.systemui:drawable/stat_sys_tether_bluetooth
D/STATUSBAR-WifiTile( 4068): onWifiSignalChanged enabled=true enabledDesc:"NTU"
D/StatusBar.NetworkController( 4068): refreshNwBoosterIndicator - setNWBoosterIndicators(false)
D/StatusBar.NetworkController( 4068): refreshNwBoosterIndicator - setNWBoosterIndicators(false)
D/StatusBar.NetworkController( 4068): refreshNwBoosterIndicator - setNWBoosterIndicators(false)
D/StatusBar.NetworkController( 4068): refreshNwBoosterIndicator - setNWBoosterIndicators(false)
W/ActivityManager( 3531): userId = 0, bbcId = -10000
W/ActivityManager( 3531): NORMAL SET : dst_category = 1023, src_allowCategory = 0,701-1023
W/ActivityManager( 3531): NORMAL SET : srcAppInfo.processName = com.facebook.orca, destAppInfo.processName = com.facebook.orca
W/ActivityManager( 3531): userId = 0, bbcId = -10000
W/ActivityManager( 3531): NORMAL SET : dst_category = 1023, src_allowCategory = 0,701-1023
W/ActivityManager( 3531): NORMAL SET : srcAppInfo.processName = com.facebook.katana, destAppInfo.processName = com.facebook.katana
D/StatusBar.NetworkController( 4068): onDataActivity: direction=3
D/StatusBar.NetworkController( 4068): updateDataIcon, mDataDirectionIconId = com.android.systemui:drawable/stat_sys_data_connected_4g_plus mDataConnected = true
