D/StatusBar.NetworkController( 4068): refreshViews connected={ wifi data } level=4 combinedSignalIconId=0x7f02052d/com.android.systemui:drawable/stat_sys_wifi_captive_3 mobileLabel=中華電信 wifiLabel="NTU" emergencyOnly=false combinedLabel="NTU" mAirplaneMode=false mDataActivity=0 mPhoneSignalIconId=0x7f0204d7/com.android.systemui:drawable/stat_sys_signal_4_auto_rotate mQSPhoneSignalIconId=0x7f020115/com.android.systemui:drawable/ic_qs_signal_4 mDataDirectionIconId=0x7f020320/com.android.systemui:drawable/stat_sys_data_connected_4g_plus mDataSignalIconId=0x7f0204d7/com.android.systemui:drawable/stat_sys_signal_4_auto_rotate mDataTypeIconId=0x7f020320/com.android.systemui:drawable/stat_sys_data_connected_4g_plus mQSDataTypeIconId=0x7f020116/com.android.systemui:drawable/ic_qs_signal_4g mNoSimIconId=0x0/(null) mWifiIconId=0x7f02052d/com.android.systemui:drawable/stat_sys_wifi_captive_3 mQSWifiIconId=0x7f02012a/com.android.systemui:drawable/ic_qs_wifi_3 mWifiActivityIconId=0x0/(null) mBluetoothTetherIconId=0x7f02051d/com.android.systemui:drawable/stat_sys_tether_bluetooth
D/STATUSBAR-WifiTile( 4068): onWifiSignalChanged enabled=true enabledDesc:"NTU"
D/StatusBar.NetworkController( 4068): refreshNwBoosterIndicator - setNWBoosterIndicators(false)
D/StatusBar.NetworkController( 4068): refreshNwBoosterIndicator - setNWBoosterIndicators(false)
D/StatusBar.NetworkController( 4068): refreshNwBoosterIndicator - setNWBoosterIndicators(false)
D/StatusBar.NetworkController( 4068): refreshNwBoosterIndicator - setNWBoosterIndicators(false)
D/InputReader( 3531): Input event(3): value=1 when=44635620190000
D/InputReader( 3531): Input event(3): value=1 when=44635620190000
I/InputReader( 3531): Touch event's action is 0x0 (deviceType=0) [pCnt=1, s=0.3765 ] when=44635620190000
D/InputReader( 3531): lastThreadEndTime = 44635092739279, currentThreadStartTime = 44635092742821, diff = 0
I/InputDispatcher( 3531): Delivering touch to (4068): action: 0x4, toolType: 1
I/InputDispatcher( 3531): Delivering touch to (2276): action: 0x0, toolType: 1
D/ViewRootImpl( 2276): ViewPostImeInputStage ACTION_DOWN
D/InputReader( 3531): Input event(3): value=0 when=44635723021000
D/InputReader( 3531): Input event(3): value=0 when=44635723021000
I/InputReader( 3531): Touch event's action is 0x1 (deviceType=0) [pCnt=1, s=] when=44635723021000
I/InputDispatcher( 3531): Delivering touch to (2276): action: 0x1, toolType: 1
D/InputDispatcher( 3531): Focus left window: 2276
D/InputDispatcher( 3531): Focus entered window: 2276
D/PointerIcon( 3531): setMouseIconStyle1 pointerType: 1001 iconType:101 flag:0 pid:3531 uid:1000
D/PointerIcon( 3531): setMouseCustomIcon IconType is same.101
D/InputMethodManagerService( 3531): windowGainedFocus mCurrentFocusedUserId - 0 and mSecureKeypadEnabled-false
E/ViewRootImpl( 2276): sendUserActionEvent() mView == null
I/SurfaceFlinger( 2976): id=1383 Removed NainActivit (6/9)
I/SurfaceFlinger( 2976): id=1383 Removed NainActivit (-2/9)
W/ActivityManager( 3531): userId = 0, bbcId = -10000
W/ActivityManager( 3531): NORMAL SET : dst_category = 1023, src_allowCategory = 0,701-1023
W/ActivityManager( 3531): NORMAL SET : srcAppInfo.processName = com.facebook.katana, destAppInfo.processName = com.facebook.katana
W/ActivityManager( 3531): userId = 0, bbcId = -10000
W/ActivityManager( 3531): NORMAL SET : dst_category = 1023, src_allowCategory = 0,701-1023
W/ActivityManager( 3531): NORMAL SET : srcAppInfo.processName = com.facebook.orca, destAppInfo.processName = com.facebook.orca
W/ActivityManager( 3531): userId = 0, bbcId = -10000
W/ActivityManager( 3531): NORMAL SET : dst_category = 701, src_allowCategory = 0,701-1023
W/ActivityManager( 3531): NORMAL SET : srcAppInfo.processName = com.google.process.gapps, destAppInfo.processName = com.google.android.gms
I/Sensors ( 3531): Acc old sensor_state 0, new sensor_state : 1 en : 1
D/SensorManager( 5258): registerListener :: 0, MPU6500 Acceleration Sensor, 20000, 0,  
W/ActivityManager( 3531): userId = 0, bbcId = -10000
W/ActivityManager( 3531): NORMAL SET : dst_category = 701, src_allowCategory = 0,701-1023
W/ActivityManager( 3531): NORMAL SET : srcAppInfo.processName = com.google.process.gapps, destAppInfo.processName = com.google.android.gms
D/SettingsProvider( 3531): name = radio.data.stall.recovery.action
D/SettingsProvider( 3531): edmUri: content://com.sec.knox.provider/RestrictionPolicy3
D/SettingsProvider( 3531): projectionArgs: isSettingsChangesAllowed
D/SettingsProvider( 3531): selectionArgs: false
D/SettingsProvider( 3531): selectionArgs: 1001
D/SecContentProvider( 3531): uri = 17 selection = isSettingsChangesAllowed
D/SettingsProvider( 3531): ret = -1
W/ActivityManager( 3531): userId = 0, bbcId = -10000
W/ActivityManager( 3531): NORMAL SET : dst_category = 701, src_allowCategory = 0,701-1023
W/ActivityManager( 3531): NORMAL SET : srcAppInfo.processName = com.google.process.gapps, destAppInfo.processName = com.google.android.gms
W/ActivityManager( 3531): userId = 0, bbcId = -10000
W/ActivityManager( 3531): NORMAL SET : dst_category = 701, src_allowCategory = 0,701-1023
W/ActivityManager( 3531): NORMAL SET : srcAppInfo.processName = com.google.process.gapps, destAppInfo.processName = com.google.android.gms
W/ActivityManager( 3531): userId = 0, bbcId = -10000
W/ActivityManager( 3531): NORMAL SET : dst_category = 701, src_allowCategory = 0,701-1023
W/ActivityManager( 3531): NORMAL SET : srcAppInfo.processName = com.google.process.gapps, destAppInfo.processName = com.google.android.gms
W/ActivityManager( 3531): userId = 0, bbcId = -10000
W/ActivityManager( 3531): NORMAL SET : dst_category = 701, src_allowCategory = 0,701-1023
W/ActivityManager( 3531): NORMAL SET : srcAppInfo.processName = com.google.process.gapps, destAppInfo.processName = com.google.android.gms
W/ActivityManager( 3531): userId = 0, bbcId = -10000
W/ActivityManager( 3531): NORMAL SET : dst_category = 701, src_allowCategory = 0,701-1023
W/ActivityManager( 3531): NORMAL SET : srcAppInfo.processName = com.google.process.gapps, destAppInfo.processName = com.google.android.gms
W/ActivityManager( 3531): userId = 0, bbcId = -10000
W/ActivityManager( 3531): NORMAL SET : dst_category = 701, src_allowCategory = 0,701-1023
W/ActivityManager( 3531): NORMAL SET : srcAppInfo.processName = com.google.process.gapps, destAppInfo.processName = com.google.android.gms
W/ActivityManager( 3531): userId = 0, bbcId = -10000
W/ActivityManager( 3531): NORMAL SET : dst_category = 701, src_allowCategory = 0,701-1023
W/ActivityManager( 3531): NORMAL SET : srcAppInfo.processName = com.google.process.gapps, destAppInfo.processName = com.google.android.gms
W/ActivityManager( 3531): userId = 0, bbcId = -10000
W/ActivityManager( 3531): NORMAL SET : dst_category = 701, src_allowCategory = 0,701-1023
W/ActivityManager( 3531): NORMAL SET : srcAppInfo.processName = com.google.process.gapps, destAppInfo.processName = com.google.android.gms
W/ActivityManager( 3531): userId = 0, bbcId = -10000
W/ActivityManager( 3531): NORMAL SET : dst_category = 701, src_allowCategory = 0,701-1023
W/ActivityManager( 3531): NORMAL SET : srcAppInfo.processName = com.google.process.gapps, destAppInfo.processName = com.google.android.gms
W/ActivityManager( 3531): userId = 0, bbcId = -10000
W/ActivityManager( 3531): NORMAL SET : dst_category = 701, src_allowCategory = 0,701-1023
W/ActivityManager( 3531): NORMAL SET : srcAppInfo.processName = com.google.process.gapps, destAppInfo.processName = com.google.android.gms
W/ActivityManager( 3531): userId = 0, bbcId = -10000
W/ActivityManager( 3531): NORMAL SET : dst_category = 701, src_allowCategory = 0,701-1023
W/ActivityManager( 3531): NORMAL SET : srcAppInfo.processName = com.google.process.gapps, destAppInfo.processName = com.google.android.gms
W/ActivityManager( 3531): userId = 0, bbcId = -10000
W/ActivityManager( 3531): NORMAL SET : dst_category = 701, src_allowCategory = 0,701-1023
W/ActivityManager( 3531): NORMAL SET : srcAppInfo.processName = com.google.process.gapps, destAppInfo.processName = com.google.android.gms
W/ActivityManager( 3531): userId = 0, bbcId = -10000
W/ActivityManager( 3531): NORMAL SET : dst_category = 701, src_allowCategory = 0,701-1023
W/ActivityManager( 3531): NORMAL SET : srcAppInfo.processName = com.google.process.gapps, destAppInfo.processName = com.google.android.gms
W/ActivityManager( 3531): userId = 0, bbcId = -10000
W/ActivityManager( 3531): NORMAL SET : dst_category = 701, src_allowCategory = 0,701-1023
W/ActivityManager( 3531): NORMAL SET : srcAppInfo.processName = com.google.process.gapps, destAppInfo.processName = com.google.android.gms
W/ActivityManager( 3531): userId = 0, bbcId = -10000
W/ActivityManager( 3531): NORMAL SET : dst_category = 701, src_allowCategory = 0,701-1023
W/ActivityManager( 3531): NORMAL SET : srcAppInfo.processName = com.google.process.gapps, destAppInfo.processName = com.google.android.gms
W/ActivityManager( 3531): userId = 0, bbcId = -10000
W/ActivityManager( 3531): NORMAL SET : dst_category = 701, src_allowCategory = 0,701-1023
W/ActivityManager( 3531): NORMAL SET : srcAppInfo.processName = com.google.process.gapps, destAppInfo.processName = com.google.android.gms
W/ActivityManager( 3531): userId = 0, bbcId = -10000
W/ActivityManager( 3531): NORMAL SET : dst_category = 701, src_allowCategory = 0,701-1023
W/ActivityManager( 3531): NORMAL SET : srcAppInfo.processName = com.google.process.gapps, destAppInfo.processName = com.google.android.gms
W/ActivityManager( 3531): userId = 0, bbcId = -10000
W/ActivityManager( 3531): NORMAL SET : dst_category = 701, src_allowCategory = 0,701-1023
W/ActivityManager( 3531): NORMAL SET : srcAppInfo.processName = com.google.process.gapps, destAppInfo.processName = com.google.android.gms
W/ActivityManager( 3531): userId = 0, bbcId = -10000
W/ActivityManager( 3531): NORMAL SET : dst_category = 701, src_allowCategory = 0,701-1023
W/ActivityManager( 3531): NORMAL SET : srcAppInfo.processName = com.google.process.gapps, destAppInfo.processName = com.google.android.gms
W/ActivityManager( 3531): userId = 0, bbcId = -10000
W/ActivityManager( 3531): NORMAL SET : dst_category = 701, src_allowCategory = 0,701-1023
W/ActivityManager( 3531): NORMAL SET : srcAppInfo.processName = com.google.process.gapps, destAppInfo.processName = com.google.android.gms
W/ActivityManager( 3531): userId = 0, bbcId = -10000
W/ActivityManager( 3531): NORMAL SET : dst_category = 701, src_allowCategory = 0,701-1023
W/ActivityManager( 3531): NORMAL SET : srcAppInfo.processName = com.google.process.gapps, destAppInfo.processName = com.google.android.gms
W/ActivityManager( 3531): userId = 0, bbcId = -10000
W/ActivityManager( 3531): NORMAL SET : dst_category = 701, src_allowCategory = 0,701-1023
W/ActivityManager( 3531): NORMAL SET : srcAppInfo.processName = com.google.process.gapps, destAppInfo.processName = com.google.android.gms
W/ActivityManager( 3531): userId = 0, bbcId = -10000
W/ActivityManager( 3531): NORMAL SET : dst_category = 701, src_allowCategory = 0,701-1023
W/ActivityManager( 3531): NORMAL SET : srcAppInfo.processName = com.google.process.gapps, destAppInfo.processName = com.google.android.gms
W/ActivityManager( 3531): userId = 0, bbcId = -10000
W/ActivityManager( 3531): NORMAL SET : dst_category = 701, src_allowCategory = 0,701-1023
W/ActivityManager( 3531): NORMAL SET : srcAppInfo.processName = com.google.process.gapps, destAppInfo.processName = com.google.android.gms
W/ActivityManager( 3531): userId = 0, bbcId = -10000
W/ActivityManager( 3531): NORMAL SET : dst_category = 701, src_allowCategory = 0,701-1023
W/ActivityManager( 3531): NORMAL SET : srcAppInfo.processName = com.google.process.gapps, destAppInfo.processName = com.google.android.gms
W/ActivityManager( 3531): userId = 0, bbcId = -10000
W/ActivityManager( 3531): NORMAL SET : dst_category = 701, src_allowCategory = 0,701-1023
W/ActivityManager( 3531): NORMAL SET : srcAppInfo.processName = com.google.process.gapps, destAppInfo.processName = com.google.android.gms
W/ActivityManager( 3531): userId = 0, bbcId = -10000
W/ActivityManager( 3531): NORMAL SET : dst_category = 701, src_allowCategory = 0,701-1023
W/ActivityManager( 3531): NORMAL SET : srcAppInfo.processName = com.google.process.gapps, destAppInfo.processName = com.google.android.gms
W/ActivityManager( 3531): userId = 0, bbcId = -10000
W/ActivityManager( 3531): NORMAL SET : dst_category = 701, src_allowCategory = 0,701-1023
W/ActivityManager( 3531): NORMAL SET : srcAppInfo.processName = com.google.process.gapps, destAppInfo.processName = com.google.android.gms
D/WifiWatchdogStateMachine.CaptivePortalHandler( 3531): [checkCaptivePortal] - callbackHandler=Handler (com.android.server.wifi.WifiWatchdogStateMachine$CaptivePortalHandler) {3bd583f6}
D/WifiWatchdogStateMachine( 3531): isPackageRunning - top:edu.ntu.vison.smallfarmer01.activity.MainActivity
D/WifiWatchdogStateMachine.CaptivePortalHandler( 3531): start check captive portal 
D/StatusBar.NetworkController( 4068): onDataActivity: direction=3
W/ActivityManager( 3531): userId = 0, bbcId = -10000
W/ActivityManager( 3531): NORMAL SET : dst_category = 1023, src_allowCategory = 0,701-1023
W/ActivityManager( 3531): NORMAL SET : srcAppInfo.processName = com.facebook.orca, destAppInfo.processName = com.facebook.orca
D/StatusBar.NetworkController( 4068): updateDataIcon, mDataDirectionIconId = com.android.systemui:drawable/stat_sys_data_connected_4g_plus mDataConnected = true
D/StatusBar.NetworkController( 4068): refreshViews connected={ wifi data } level=4 combinedSignalIconId=0x7f02052d/com.android.systemui:drawable/stat_sys_wifi_captive_3 mobileLabel=中華電信 wifiLabel="NTU" emergencyOnly=false combinedLabel="NTU" mAirplaneMode=false mDataActivity=3 mPhoneSignalIconId=0x7f0204d7/com.android.systemui:drawable/stat_sys_signal_4_auto_rotate mQSPhoneSignalIconId=0x7f020115/com.android.systemui:drawable/ic_qs_signal_4 mDataDirectionIconId=0x7f020320/com.android.systemui:drawable/stat_sys_data_connected_4g_plus mDataSignalIconId=0x7f0204d7/com.android.systemui:drawable/stat_sys_signal_4_auto_rotate mDataTypeIconId=0x7f020320/com.android.systemui:drawable/stat_sys_data_connected_4g_plus mQSDataTypeIconId=0x7f020116/com.android.systemui:drawable/ic_qs_signal_4g mNoSimIconId=0x0/(null) mWifiIconId=0x7f02052d/com.android.systemui:drawable/stat_sys_wifi_captive_3 mQSWifiIconId=0x7f02012a/com.android.systemui:drawable/ic_qs_wifi_3 mWifiActivityIconId=0x0/(null) mBluetoothTetherIconId=0x7f02051d/com.android.systemui:drawable/stat_sys_tether_bluetooth
D/STATUSBAR-WifiTile( 4068): onWifiSignalChanged enabled=true enabledDesc:"NTU"
D/StatusBar.NetworkController( 4068): refreshNwBoosterIndicator - setNWBoosterIndicators(false)
D/StatusBar.NetworkController( 4068): refreshNwBoosterIndicator - setNWBoosterIndicators(false)
D/StatusBar.NetworkController( 4068): refreshNwBoosterIndicator - setNWBoosterIndicators(false)
D/StatusBar.NetworkController( 4068): refreshNwBoosterIndicator - setNWBoosterIndicators(false)
D/WifiWatchdogStateMachine.CaptivePortalHandler( 3531): result = 1, mCaptivePortalCheckMode = 11, mCouldNotIdentifyCaptivePortalState = false
D/WifiWatchdogStateMachine.CaptivePortalHandler( 3531): CAPTIVE_PORTAL_RESULT_DETECTED enter
I/Sensors ( 3531): Acc old sensor_state 1, new sensor_state : 0 en : 0
D/SensorManager( 5258): unregisterListener ::   
D/StatusBar.NetworkController( 4068): refreshViews connected={ wifi data } level=4 combinedSignalIconId=0x7f02052d/com.android.systemui:drawable/stat_sys_wifi_captive_3 mobileLabel=中華電信 wifiLabel="NTU" emergencyOnly=false combinedLabel="NTU" mAirplaneMode=false mDataActivity=3 mPhoneSignalIconId=0x7f0204d7/com.android.systemui:drawable/stat_sys_signal_4_auto_rotate mQSPhoneSignalIconId=0x7f020115/com.android.systemui:drawable/ic_qs_signal_4 mDataDirectionIconId=0x7f020320/com.android.systemui:drawable/stat_sys_data_connected_4g_plus mDataSignalIconId=0x7f0204d7/com.android.systemui:drawable/stat_sys_signal_4_auto_rotate mDataTypeIconId=0x7f020320/com.android.systemui:drawable/stat_sys_data_connected_4g_plus mQSDataTypeIconId=0x7f020116/com.android.systemui:drawable/ic_qs_signal_4g mNoSimIconId=0x0/(null) mWifiIconId=0x7f02052d/com.android.systemui:drawable/stat_sys_wifi_captive_3 mQSWifiIconId=0x7f02012a/com.android.systemui:drawable/ic_qs_wifi_3 mWifiActivityIconId=0x0/(null) mBluetoothTetherIconId=0x7f02051d/com.android.systemui:drawable/stat_sys_tether_bluetooth
D/STATUSBAR-WifiTile( 4068): onWifiSignalChanged enabled=true enabledDesc:"NTU"
D/StatusBar.NetworkController( 4068): refreshNwBoosterIndicator - setNWBoosterIndicators(false)
D/StatusBar.NetworkController( 4068): refreshNwBoosterIndicator - setNWBoosterIndicators(false)
D/StatusBar.NetworkController( 4068): refreshNwBoosterIndicator - setNWBoosterIndicators(false)
D/StatusBar.NetworkController( 4068): refreshNwBoosterIndicator - setNWBoosterIndicators(false)
I/art     ( 3531): Explicit concurrent mark sweep GC freed 126641(5MB) AllocSpace objects, 15(864KB) LOS objects, 14% free, 97MB/113MB, paused 1.293ms total 262.063ms
W/ActivityManager( 3531): userId = 0, bbcId = -10000
W/ActivityManager( 3531): NORMAL SET : dst_category = 1023, src_allowCategory = 0,701-1023
W/ActivityManager( 3531): NORMAL SET : srcAppInfo.processName = com.facebook.katana, destAppInfo.processName = com.facebook.katana
W/ActivityManager( 3531): userId = 0, bbcId = -10000
W/ActivityManager( 3531): NORMAL SET : dst_category = 1023, src_allowCategory = 0,701-1023
W/ActivityManager( 3531): NORMAL SET : srcAppInfo.processName = com.facebook.orca, destAppInfo.processName = com.facebook.orca
W/ActivityManager( 3531): userId = 0, bbcId = -10000
W/ActivityManager( 3531): NORMAL SET : dst_category = 1023, src_allowCategory = 0,701-1023
W/ActivityManager( 3531): NORMAL SET : srcAppInfo.processName = com.facebook.katana, destAppInfo.processName = com.facebook.katana
W/ActivityManager( 3531): userId = 0, bbcId = -10000
W/ActivityManager( 3531): NORMAL SET : dst_category = 1023, src_allowCategory = 0,701-1023
W/ActivityManager( 3531): NORMAL SET : srcAppInfo.processName = com.facebook.katana, destAppInfo.processName = com.facebook.katana
W/ActivityManager( 3531): userId = 0, bbcId = -10000
W/ActivityManager( 3531): NORMAL SET : dst_category = 0, src_allowCategory = 0,701-1023
W/ActivityManager( 3531): NORMAL SET : srcAppInfo.processName = com.facebook.orca, destAppInfo.processName = com.sec.android.provider.badge
D/Badge::BadgeCountReceiver( 6648): badge intent : Intent { act=android.intent.action.BADGE_COUNT_UPDATE flg=0x10 cmp=com.sec.android.provider.badge/.BadgeCountReceiver (has extras) }
D/Badge::BadgeCountReceiver( 6648): packageName: com.facebook.orca, className: com.facebook.orca.auth.StartScreenActivity, count: 1
W/ActivityManager( 3531): userId = 0, bbcId = -10000
W/ActivityManager( 3531): NORMAL SET : dst_category = 1023, src_allowCategory = 0,701-1023
W/ActivityManager( 3531): NORMAL SET : srcAppInfo.processName = com.facebook.orca, destAppInfo.processName = com.facebook.orca
W/ActivityManager( 3531): userId = 0, bbcId = -10000
W/ActivityManager( 3531): NORMAL SET : dst_category = 1023, src_allowCategory = 0,701-1023
W/ActivityManager( 3531): NORMAL SET : srcAppInfo.processName = com.facebook.katana, destAppInfo.processName = com.facebook.katana
D/BadgeProvider( 6648): sendNotify entered. [uri] : content://com.sec.badge/apps
D/BadgeProvider( 6648): sendNotify, [notify] : null
D/BadgeProvider( 6648): update, [uri] : content://com.sec.badge/apps
D/BadgeProvider( 6648): update, [uri.query] : null
D/BadgeProvider( 6648): update, [BadgeCount] : badgecount=1
D/BadgeProvider( 6648): update, [UpdateCount] : 2
W/ActivityManager( 3531): userId = 0, bbcId = -10000
W/ActivityManager( 3531): NORMAL SET : dst_category = 1023, src_allowCategory = 0,701-1023
W/ActivityManager( 3531): NORMAL SET : srcAppInfo.processName = com.facebook.katana, destAppInfo.processName = com.facebook.katana
W/ActivityManager( 3531): userId = 0, bbcId = -10000
W/ActivityManager( 3531): NORMAL SET : dst_category = 1023, src_allowCategory = 0,701-1023
W/ActivityManager( 3531): NORMAL SET : srcAppInfo.processName = com.facebook.katana, destAppInfo.processName = com.facebook.katana
W/ActivityManager( 3531): userId = 0, bbcId = -10000
W/ActivityManager( 3531): NORMAL SET : dst_category = 1023, src_allowCategory = 0,701-1023
W/ActivityManager( 3531): NORMAL SET : srcAppInfo.processName = com.facebook.orca, destAppInfo.processName = com.facebook.orca
W/ActivityManager( 3531): userId = 0, bbcId = -10000
W/ActivityManager( 3531): NORMAL SET : dst_category = 1023, src_allowCategory = 0,701-1023
W/ActivityManager( 3531): NORMAL SET : srcAppInfo.processName = com.facebook.orca, destAppInfo.processName = com.facebook.orca
W/ActivityManager( 3531): userId = 0, bbcId = -10000
W/ActivityManager( 3531): NORMAL SET : dst_category = 1023, src_allowCategory = 0,701-1023
W/ActivityManager( 3531): NORMAL SET : srcAppInfo.processName = com.facebook.orca, destAppInfo.processName = com.facebook.orca
W/ActivityManager( 3531): userId = 0, bbcId = -10000
W/ActivityManager( 3531): NORMAL SET : dst_category = 1023, src_allowCategory = 0,701-1023
W/ActivityManager( 3531): NORMAL SET : srcAppInfo.processName = com.facebook.orca, destAppInfo.processName = com.facebook.orca
W/ActivityManager( 3531): userId = 0, bbcId = -10000
W/ActivityManager( 3531): NORMAL SET : dst_category = 1023, src_allowCategory = 0,701-1023
W/ActivityManager( 3531): NORMAL SET : srcAppInfo.processName = com.facebook.orca, destAppInfo.processName = com.facebook.orca
W/ActivityManager( 3531): userId = 0, bbcId = -10000
W/ActivityManager( 3531): NORMAL SET : dst_category = 0, src_allowCategory = 0,701-1023
W/ActivityManager( 3531): NORMAL SET : srcAppInfo.processName = com.facebook.orca, destAppInfo.processName = com.sec.android.provider.badge
D/Badge::BadgeCountReceiver( 6648): badge intent : Intent { act=android.intent.action.BADGE_COUNT_UPDATE flg=0x10 cmp=com.sec.android.provider.badge/.BadgeCountReceiver (has extras) }
D/Badge::BadgeCountReceiver( 6648): packageName: com.facebook.orca, className: com.facebook.orca.auth.StartScreenActivity, count: 1
W/ActivityManager( 3531): userId = 0, bbcId = -10000
W/ActivityManager( 3531): NORMAL SET : dst_category = 1023, src_allowCategory = 0,701-1023
W/ActivityManager( 3531): NORMAL SET : srcAppInfo.processName = com.facebook.katana, destAppInfo.processName = com.facebook.katana
D/BadgeProvider( 6648): sendNotify entered. [uri] : content://com.sec.badge/apps
D/BadgeProvider( 6648): sendNotify, [notify] : null
D/BadgeProvider( 6648): update, [uri] : content://com.sec.badge/apps
D/BadgeProvider( 6648): update, [uri.query] : null
D/BadgeProvider( 6648): update, [BadgeCount] : badgecount=1
D/BadgeProvider( 6648): update, [UpdateCount] : 2
W/ActivityManager( 3531): userId = 0, bbcId = -10000
W/ActivityManager( 3531): NORMAL SET : dst_category = 1023, src_allowCategory = 0,701-1023
W/ActivityManager( 3531): NORMAL SET : srcAppInfo.processName = com.facebook.orca, destAppInfo.processName = com.facebook.orca
W/ActivityManager( 3531): userId = 0, bbcId = -10000
W/ActivityManager( 3531): NORMAL SET : dst_category = 1023, src_allowCategory = 0,701-1023
W/ActivityManager( 3531): NORMAL SET : srcAppInfo.processName = com.facebook.orca, destAppInfo.processName = com.facebook.orca
W/ActivityManager( 3531): userId = 0, bbcId = -10000
W/ActivityManager( 3531): NORMAL SET : dst_category = 1023, src_allowCategory = 0,701-1023
W/ActivityManager( 3531): NORMAL SET : srcAppInfo.processName = com.facebook.orca, destAppInfo.processName = com.facebook.orca
W/ActivityManager( 3531): userId = 0, bbcId = -10000
W/ActivityManager( 3531): NORMAL SET : dst_category = 1023, src_allowCategory = 0,701-1023
W/ActivityManager( 3531): NORMAL SET : srcAppInfo.processName = com.facebook.orca, destAppInfo.processName = com.facebook.orca
W/ActivityManager( 3531): userId = 0, bbcId = -10000
W/ActivityManager( 3531): NORMAL SET : dst_category = 1023, src_allowCategory = 0,701-1023
W/ActivityManager( 3531): NORMAL SET : srcAppInfo.processName = com.facebook.orca, destAppInfo.processName = com.facebook.orca
W/ActivityManager( 3531): userId = 0, bbcId = -10000
W/ActivityManager( 3531): NORMAL SET : dst_category = 1023, src_allowCategory = 0,701-1023
W/ActivityManager( 3531): NORMAL SET : srcAppInfo.processName = com.facebook.orca, destAppInfo.processName = com.facebook.orca
W/ActivityManager( 3531): userId = 0, bbcId = -10000
W/ActivityManager( 3531): NORMAL SET : dst_category = 1023, src_allowCategory = 0,701-1023
W/ActivityManager( 3531): NORMAL SET : srcAppInfo.processName = com.facebook.orca, destAppInfo.processName = com.facebook.orca
W/ActivityManager( 3531): userId = 0, bbcId = -10000
W/ActivityManager( 3531): NORMAL SET : dst_category = 1023, src_allowCategory = 0,701-1023
W/ActivityManager( 3531): NORMAL SET : srcAppInfo.processName = com.facebook.orca, destAppInfo.processName = com.facebook.orca
W/ActivityManager( 3531): userId = 0, bbcId = -10000
W/ActivityManager( 3531): NORMAL SET : dst_category = 1023, src_allowCategory = 0,701-1023
W/ActivityManager( 3531): NORMAL SET : srcAppInfo.processName = com.facebook.katana, destAppInfo.processName = com.facebook.katana
W/ActivityManager( 3531): userId = 0, bbcId = -10000
W/ActivityManager( 3531): NORMAL SET : dst_category = 0, src_allowCategory = 0,701-1023
W/ActivityManager( 3531): NORMAL SET : srcAppInfo.processName = com.facebook.orca, destAppInfo.processName = com.sec.android.provider.badge
D/Badge::BadgeCountReceiver( 6648): badge intent : Intent { act=android.intent.action.BADGE_COUNT_UPDATE flg=0x10 cmp=com.sec.android.provider.badge/.BadgeCountReceiver (has extras) }
D/Badge::BadgeCountReceiver( 6648): packageName: com.facebook.orca, className: com.facebook.orca.auth.StartScreenActivity, count: 2
D/BadgeProvider( 6648): sendNotify entered. [uri] : content://com.sec.badge/apps
D/BadgeProvider( 6648): sendNotify, [notify] : null
D/BadgeProvider( 6648): update, [uri] : content://com.sec.badge/apps
D/BadgeProvider( 6648): update, [uri.query] : null
D/BadgeProvider( 6648): update, [BadgeCount] : badgecount=2
D/BadgeProvider( 6648): update, [UpdateCount] : 2
W/ActivityManager( 3531): userId = 0, bbcId = -10000
W/ActivityManager( 3531): NORMAL SET : dst_category = 1023, src_allowCategory = 0,701-1023
W/ActivityManager( 3531): NORMAL SET : srcAppInfo.processName = com.facebook.orca, destAppInfo.processName = com.facebook.orca
W/ActivityManager( 3531): userId = 0, bbcId = -10000
W/ActivityManager( 3531): NORMAL SET : dst_category = 0, src_allowCategory = 0,701-1023
W/ActivityManager( 3531): NORMAL SET : srcAppInfo.processName = com.facebook.orca, destAppInfo.processName = com.sec.android.provider.badge
D/Badge::BadgeCountReceiver( 6648): badge intent : Intent { act=android.intent.action.BADGE_COUNT_UPDATE flg=0x10 cmp=com.sec.android.provider.badge/.BadgeCountReceiver (has extras) }
D/Badge::BadgeCountReceiver( 6648): packageName: com.facebook.orca, className: com.facebook.orca.auth.StartScreenActivity, count: 2
D/BadgeProvider( 6648): sendNotify entered. [uri] : content://com.sec.badge/apps
D/BadgeProvider( 6648): sendNotify, [notify] : null
D/BadgeProvider( 6648): update, [uri] : content://com.sec.badge/apps
D/BadgeProvider( 6648): update, [uri.query] : null
D/BadgeProvider( 6648): update, [BadgeCount] : badgecount=2
D/BadgeProvider( 6648): update, [UpdateCount] : 2
W/ActivityManager( 3531): userId = 0, bbcId = -10000
W/ActivityManager( 3531): NORMAL SET : dst_category = 1023, src_allowCategory = 0,701-1023
W/ActivityManager( 3531): NORMAL SET : srcAppInfo.processName = com.facebook.orca, destAppInfo.processName = com.facebook.orca
W/ActivityManager( 3531): userId = 0, bbcId = -10000
W/ActivityManager( 3531): NORMAL SET : dst_category = 1023, src_allowCategory = 0,701-1023
W/ActivityManager( 3531): NORMAL SET : srcAppInfo.processName = com.facebook.orca, destAppInfo.processName = com.facebook.orca
W/ActivityManager( 3531): userId = 0, bbcId = -10000
W/ActivityManager( 3531): NORMAL SET : dst_category = 1023, src_allowCategory = 0,701-1023
W/ActivityManager( 3531): NORMAL SET : srcAppInfo.processName = com.facebook.orca, destAppInfo.processName = com.facebook.orca
W/ActivityManager( 3531): userId = 0, bbcId = -10000
W/ActivityManager( 3531): NORMAL SET : dst_category = 1023, src_allowCategory = 0,701-1023
W/ActivityManager( 3531): NORMAL SET : srcAppInfo.processName = com.facebook.orca, destAppInfo.processName = com.facebook.orca
W/ActivityManager( 3531): userId = 0, bbcId = -10000
W/ActivityManager( 3531): NORMAL SET : dst_category = 1023, src_allowCategory = 0,701-1023
W/ActivityManager( 3531): NORMAL SET : srcAppInfo.processName = com.facebook.orca, destAppInfo.processName = com.facebook.orca
W/ActivityManager( 3531): userId = 0, bbcId = -10000
W/ActivityManager( 3531): NORMAL SET : dst_category = 1023, src_allowCategory = 0,701-1023
W/ActivityManager( 3531): NORMAL SET : srcAppInfo.processName = com.facebook.orca, destAppInfo.processName = com.facebook.orca
W/ActivityManager( 3531): userId = 0, bbcId = -10000
W/ActivityManager( 3531): NORMAL SET : dst_category = 1023, src_allowCategory = 0,701-1023
W/ActivityManager( 3531): NORMAL SET : srcAppInfo.processName = com.facebook.orca, destAppInfo.processName = com.facebook.orca
W/ActivityManager( 3531): userId = 0, bbcId = -10000
W/ActivityManager( 3531): NORMAL SET : dst_category = 1023, src_allowCategory = 0,701-1023
W/ActivityManager( 3531): NORMAL SET : srcAppInfo.processName = com.facebook.orca, destAppInfo.processName = com.facebook.orca
W/ActivityManager( 3531): userId = 0, bbcId = -10000
W/ActivityManager( 3531): NORMAL SET : dst_category = 1023, src_allowCategory = 0,701-1023
W/ActivityManager( 3531): NORMAL SET : srcAppInfo.processName = com.facebook.orca, destAppInfo.processName = com.facebook.orca
W/ActivityManager( 3531): userId = 0, bbcId = -10000
W/ActivityManager( 3531): NORMAL SET : dst_category = 1023, src_allowCategory = 0,701-1023
W/ActivityManager( 3531): NORMAL SET : srcAppInfo.processName = com.facebook.orca, destAppInfo.processName = com.facebook.orca
W/ActivityManager( 3531): userId = 0, bbcId = -10000
W/ActivityManager( 3531): NORMAL SET : dst_category = 1023, src_allowCategory = 0,701-1023
W/ActivityManager( 3531): NORMAL SET : srcAppInfo.processName = com.facebook.orca, destAppInfo.processName = com.facebook.orca
D/ApplicationPolicy( 3531): isStatusBarNotificationAllowedAsUser: packageName = com.facebook.orca,userId = 0
V/ApplicationPolicy( 3531): isApplicationStateBlocked userId 0 pkgname com.facebook.orca
W/ActivityManager( 3531): userId = 0, bbcId = -10000
W/ActivityManager( 3531): NORMAL SET : dst_category = 1023, src_allowCategory = 0,701-1023
W/ActivityManager( 3531): NORMAL SET : srcAppInfo.processName = com.facebook.orca, destAppInfo.processName = com.facebook.orca
D/StatusBar( 4068): ----- contentsUnchanged : true, bigContentsUnchanged - true, headsUpContentsUnchanged - true , publicUnchanged true
D/PanelView( 4068): There is/are notification(s) 
D/PanelView( 4068): kidsfalse mQsExpansionEnabled:true
D/PanelView( 4068): There is/are notification(s) 
D/PanelView( 4068): kidsfalse mQsExpansionEnabled:true
D/PanelView( 4068): mClearAll.setVisibility - mIsFullyOpened : false isShade : true mHasNotification : true mIsUpwardFling : false mQsFullyExpanded : false isShadeLocked : false mClearAllVisible : true
W/msgr(:<default>):a(15557): Finalized without closing: 3fd8d959 3563d91e (type = f)
W/msgr(:<default>):a(15557): Finalized without closing: 32dec5ff 2b682fcc (type = f)
W/msgr(:<default>):a(15557): Finalized without closing: 3db4b215 2570692a (type = f)
D/ApplicationPolicy( 3531): isStatusBarNotificationAllowedAsUser: packageName = com.facebook.orca,userId = 0
V/ApplicationPolicy( 3531): isApplicationStateBlocked userId 0 pkgname com.facebook.orca
D/ApplicationPolicy( 3531): isStatusBarNotificationAllowedAsUser: packageName = com.facebook.orca,userId = 0
V/ApplicationPolicy( 3531): isApplicationStateBlocked userId 0 pkgname com.facebook.orca
W/ActivityManager( 3531): userId = 0, bbcId = -10000
W/ActivityManager( 3531): NORMAL SET : dst_category = 1023, src_allowCategory = 0,701-1023
W/ActivityManager( 3531): NORMAL SET : srcAppInfo.processName = com.facebook.orca, destAppInfo.processName = com.facebook.orca
D/KnoxNotification( 4068): ----- inflateViews : modified publicViewLocal -----
D/KnoxNotification( 4068): ----- inflateViews : modified KnoxViewLocal -----
I/SurfaceFlinger( 2976): id=1384 createSurf (1x1),1 flag=404, 
D/PanelView( 4068): There is/are notification(s) 
D/PanelView( 4068): kidsfalse mQsExpansionEnabled:true
D/PanelView( 4068): There is/are notification(s) 
D/PanelView( 4068): kidsfalse mQsExpansionEnabled:true
D/StatusBar( 4068): ----- contentsUnchanged : true, bigContentsUnchanged - true, headsUpContentsUnchanged - true , publicUnchanged true
D/SRIB_DCS(15557): log_dcs ThreadedRenderer::initialize entered! 
D/mali_winsys(15557): new_window_surface returns 0x3000,  [1x2560]-format:1
D/PanelView( 4068): There is/are notification(s) 
D/PanelView( 4068): kidsfalse mQsExpansionEnabled:true
I/SurfaceFlinger( 2976): id=1385 createSurf (1440x2560),1 flag=4, 
D/SRIB_DCS(15557): log_dcs ThreadedRenderer::initialize entered! 
D/mali_winsys(15557): new_window_surface returns 0x3000,  [1440x2560]-format:1
D/PanelView( 4068): There is/are notification(s) 
D/PanelView( 4068): kidsfalse mQsExpansionEnabled:true
D/StatusBar.NetworkController( 4068): refreshViews connected={ wifi data } level=4 combinedSignalIconId=0x7f02052d/com.android.systemui:drawable/stat_sys_wifi_captive_3 mobileLabel=中華電信 wifiLabel="NTU" emergencyOnly=false combinedLabel="NTU" mAirplaneMode=false mDataActivity=3 mPhoneSignalIconId=0x7f0204d7/com.android.systemui:drawable/stat_sys_signal_4_auto_rotate mQSPhoneSignalIconId=0x7f020115/com.android.systemui:drawable/ic_qs_signal_4 mDataDirectionIconId=0x7f020320/com.android.systemui:drawable/stat_sys_data_connected_4g_plus mDataSignalIconId=0x7f0204d7/com.android.systemui:drawable/stat_sys_signal_4_auto_rotate mDataTypeIconId=0x7f020320/com.android.systemui:drawable/stat_sys_data_connected_4g_plus mQSDataTypeIconId=0x7f020116/com.android.systemui:drawable/ic_qs_signal_4g mNoSimIconId=0x0/(null) mWifiIconId=0x7f02052d/com.android.systemui:drawable/stat_sys_wifi_captive_3 mQSWifiIconId=0x7f02012a/com.android.systemui:drawable/ic_qs_wifi_3 mWifiActivityIconId=0x0/(null) mBluetoothTetherIconId=0x7f02051d/com.android.systemui:drawable/stat_sys_tether_bluetooth
D/STATUSBAR-WifiTile( 4068): onWifiSignalChanged enabled=true enabledDesc:"NTU"
D/StatusBar.NetworkController( 4068): refreshNwBoosterIndicator - setNWBoosterIndicators(false)
D/StatusBar.NetworkController( 4068): refreshNwBoosterIndicator - setNWBoosterIndicators(false)
D/StatusBar.NetworkController( 4068): refreshNwBoosterIndicator - setNWBoosterIndicators(false)
D/StatusBar.NetworkController( 4068): refreshNwBoosterIndicator - setNWBoosterIndicators(false)
I/SurfaceFlinger( 2976): id=1386 createSurf (1x1),1 flag=4, 
D/SRIB_DCS(15557): log_dcs ThreadedRenderer::initialize entered! 
D/mali_winsys(15557): new_window_surface returns 0x3000,  [252x312]-format:1
I/SurfaceFlinger( 2976): id=1387 createSurf (1x1),1 flag=4, 
D/PanelView( 4068): mClearAll.setVisibility - mIsFullyOpened : false isShade : true mHasNotification : true mIsUpwardFling : false mQsFullyExpanded : false isShadeLocked : false mClearAllVisible : true
D/SRIB_DCS(15557): log_dcs ThreadedRenderer::initialize entered! 
D/mali_winsys(15557): new_window_surface returns 0x3000,  [252x312]-format:1
I/SurfaceFlinger( 2976): id=1388 createSurf (1x1),1 flag=4, 
D/PanelView( 4068): mClearAll.setVisibility - mIsFullyOpened : false isShade : true mHasNotification : true mIsUpwardFling : false mQsFullyExpanded : false isShadeLocked : false mClearAllVisible : true
D/SRIB_DCS(15557): log_dcs ThreadedRenderer::initialize entered! 
D/mali_winsys(15557): new_window_surface returns 0x3000,  [903x253]-format:1
W/ActivityManager( 3531): userId = 0, bbcId = -10000
W/ActivityManager( 3531): NORMAL SET : dst_category = 0, src_allowCategory = 0,701-1023
W/ActivityManager( 3531): NORMAL SET : srcAppInfo.processName = com.facebook.orca, destAppInfo.processName = com.sec.android.provider.badge
D/Badge::BadgeCountReceiver( 6648): badge intent : Intent { act=android.intent.action.BADGE_COUNT_UPDATE flg=0x10 cmp=com.sec.android.provider.badge/.BadgeCountReceiver (has extras) }
D/Badge::BadgeCountReceiver( 6648): packageName: com.facebook.orca, className: com.facebook.orca.auth.StartScreenActivity, count: 2
D/BadgeProvider( 6648): sendNotify entered. [uri] : content://com.sec.badge/apps
D/BadgeProvider( 6648): sendNotify, [notify] : null
D/BadgeProvider( 6648): update, [uri] : content://com.sec.badge/apps
D/BadgeProvider( 6648): update, [uri.query] : null
D/BadgeProvider( 6648): update, [BadgeCount] : badgecount=2
D/BadgeProvider( 6648): update, [UpdateCount] : 2
D/StatusBar.NetworkController( 4068): onSignalStrengthsChanged signalStrength=SignalStrength: 99 99 -120 -160 -120 -1 -1 27 -92 -8 236 -1 2147483647 0x4000 gsm|lte level=4
D/StatusBar.NetworkController( 4068): updateTelephonySignalStrength: hasService=true ss=SignalStrength: 99 99 -120 -160 -120 -1 -1 27 -92 -8 236 -1 2147483647 0x4000 gsm|lte
D/StatusBar.NetworkController( 4068): updateTelephonySignalStrength: iconLevel=4
D/StatusBar.NetworkController( 4068): updateTelephonySignalStrength, No signal level. mPhoneSignalIconId = com.android.systemui:drawable/stat_sys_signal_4_auto_rotate mDataSignalIconId = com.android.systemui:drawable/stat_sys_signal_4_auto_rotate mQSPhoneSignalIconId = com.android.systemui:drawable/ic_qs_signal_4 mContentDescriptionPhoneSignal = 手機訊號滿格
D/StatusBar.NetworkController( 4068): refreshViews connected={ wifi data } level=4 combinedSignalIconId=0x7f02052d/com.android.systemui:drawable/stat_sys_wifi_captive_3 mobileLabel=中華電信 wifiLabel="NTU" emergencyOnly=false combinedLabel="NTU" mAirplaneMode=false mDataActivity=3 mPhoneSignalIconId=0x7f0204d7/com.android.systemui:drawable/stat_sys_signal_4_auto_rotate mQSPhoneSignalIconId=0x7f020115/com.android.systemui:drawable/ic_qs_signal_4 mDataDirectionIconId=0x7f020320/com.android.systemui:drawable/stat_sys_data_connected_4g_plus mDataSignalIconId=0x7f0204d7/com.android.systemui:drawable/stat_sys_signal_4_auto_rotate mDataTypeIconId=0x7f020320/com.android.systemui:drawable/stat_sys_data_connected_4g_plus mQSDataTypeIconId=0x7f020116/com.android.systemui:drawable/ic_qs_signal_4g mNoSimIconId=0x0/(null) mWifiIconId=0x7f02052d/com.android.systemui:drawable/stat_sys_wifi_captive_3 mQSWifiIconId=0x7f02012a/com.android.systemui:drawable/ic_qs_wifi_3 mWifiActivityIconId=0x0/(null) mBluetoothTetherIconId=0x7f02051d/com.android.systemui:drawable/stat_sys_tether_bluetooth
D/STATUSBAR-WifiTile( 4068): onWifiSignalChanged enabled=true enabledDesc:"NTU"
D/StatusBar.NetworkController( 4068): refreshNwBoosterIndicator - setNWBoosterIndicators(false)
D/StatusBar.NetworkController( 4068): refreshNwBoosterIndicator - setNWBoosterIndicators(false)
D/StatusBar.NetworkController( 4068): refreshNwBoosterIndicator - setNWBoosterIndicators(false)
D/StatusBar.NetworkController( 4068): refreshNwBoosterIndicator - setNWBoosterIndicators(false)
W/ActivityManager( 3531): userId = 0, bbcId = -10000
W/ActivityManager( 3531): NORMAL SET : dst_category = 1023, src_allowCategory = 0,701-1023
W/ActivityManager( 3531): NORMAL SET : srcAppInfo.processName = com.facebook.orca, destAppInfo.processName = com.facebook.orca
W/ActivityManager( 3531): userId = 0, bbcId = -10000
W/ActivityManager( 3531): NORMAL SET : dst_category = 1023, src_allowCategory = 0,701-1023
W/ActivityManager( 3531): NORMAL SET : srcAppInfo.processName = com.facebook.katana, destAppInfo.processName = com.facebook.katana
W/ActivityManager( 3531): userId = 0, bbcId = -10000
W/ActivityManager( 3531): NORMAL SET : dst_category = 0, src_allowCategory = 0,701-1023
W/ActivityManager( 3531): NORMAL SET : srcAppInfo.processName = com.facebook.orca, destAppInfo.processName = com.sec.android.provider.badge
D/Badge::BadgeCountReceiver( 6648): badge intent : Intent { act=android.intent.action.BADGE_COUNT_UPDATE flg=0x10 cmp=com.sec.android.provider.badge/.BadgeCountReceiver (has extras) }
D/Badge::BadgeCountReceiver( 6648): packageName: com.facebook.orca, className: com.facebook.orca.auth.StartScreenActivity, count: 1
W/ActivityManager( 3531): userId = 0, bbcId = -10000
W/ActivityManager( 3531): NORMAL SET : dst_category = 1023, src_allowCategory = 0,701-1023
W/ActivityManager( 3531): NORMAL SET : srcAppInfo.processName = com.facebook.orca, destAppInfo.processName = com.facebook.orca
D/BadgeProvider( 6648): sendNotify entered. [uri] : content://com.sec.badge/apps
D/BadgeProvider( 6648): sendNotify, [notify] : null
D/BadgeProvider( 6648): update, [uri] : content://com.sec.badge/apps
D/BadgeProvider( 6648): update, [uri.query] : null
D/BadgeProvider( 6648): update, [BadgeCount] : badgecount=1
D/BadgeProvider( 6648): update, [UpdateCount] : 2
W/ActivityManager( 3531): userId = 0, bbcId = -10000
W/ActivityManager( 3531): NORMAL SET : dst_category = 1023, src_allowCategory = 0,701-1023
W/ActivityManager( 3531): NORMAL SET : srcAppInfo.processName = com.facebook.katana, destAppInfo.processName = com.facebook.katana
W/ActivityManager( 3531): userId = 0, bbcId = -10000
W/ActivityManager( 3531): NORMAL SET : dst_category = 1023, src_allowCategory = 0,701-1023
W/ActivityManager( 3531): NORMAL SET : srcAppInfo.processName = com.facebook.katana, destAppInfo.processName = com.facebook.katana
W/ActivityManager( 3531): userId = 0, bbcId = -10000
W/ActivityManager( 3531): NORMAL SET : dst_category = 1023, src_allowCategory = 0,701-1023
W/ActivityManager( 3531): NORMAL SET : srcAppInfo.processName = com.facebook.orca, destAppInfo.processName = com.facebook.orca
W/ActivityManager( 3531): userId = 0, bbcId = -10000
W/ActivityManager( 3531): NORMAL SET : dst_category = 1023, src_allowCategory = 0,701-1023
W/ActivityManager( 3531): NORMAL SET : srcAppInfo.processName = com.facebook.orca, destAppInfo.processName = com.facebook.orca
W/ActivityManager( 3531): userId = 0, bbcId = -10000
W/ActivityManager( 3531): NORMAL SET : dst_category = 1023, src_allowCategory = 0,701-1023
W/ActivityManager( 3531): NORMAL SET : srcAppInfo.processName = com.facebook.orca, destAppInfo.processName = com.facebook.orca
W/ActivityManager( 3531): userId = 0, bbcId = -10000
W/ActivityManager( 3531): NORMAL SET : dst_category = 1023, src_allowCategory = 0,701-1023
W/ActivityManager( 3531): NORMAL SET : srcAppInfo.processName = com.facebook.katana, destAppInfo.processName = com.facebook.katana
W/ActivityManager( 3531): userId = 0, bbcId = -10000
W/ActivityManager( 3531): NORMAL SET : dst_category = 1023, src_allowCategory = 0,701-1023
W/ActivityManager( 3531): NORMAL SET : srcAppInfo.processName = com.facebook.orca, destAppInfo.processName = com.facebook.orca
W/ActivityManager( 3531): userId = 0, bbcId = -10000
W/ActivityManager( 3531): NORMAL SET : dst_category = 1023, src_allowCategory = 0,701-1023
W/ActivityManager( 3531): NORMAL SET : srcAppInfo.processName = com.facebook.orca, destAppInfo.processName = com.facebook.orca
W/ActivityManager( 3531): userId = 0, bbcId = -10000
W/ActivityManager( 3531): NORMAL SET : dst_category = 1023, src_allowCategory = 0,701-1023
W/ActivityManager( 3531): NORMAL SET : srcAppInfo.processName = com.facebook.orca, destAppInfo.processName = com.facebook.orca
W/ActivityManager( 3531): userId = 0, bbcId = -10000
W/ActivityManager( 3531): NORMAL SET : dst_category = 0, src_allowCategory = 0,701-1023
W/ActivityManager( 3531): NORMAL SET : srcAppInfo.processName = com.facebook.orca, destAppInfo.processName = com.sec.android.provider.badge
D/Badge::BadgeCountReceiver( 6648): badge intent : Intent { act=android.intent.action.BADGE_COUNT_UPDATE flg=0x10 cmp=com.sec.android.provider.badge/.BadgeCountReceiver (has extras) }
D/Badge::BadgeCountReceiver( 6648): packageName: com.facebook.orca, className: com.facebook.orca.auth.StartScreenActivity, count: 2
D/BadgeProvider( 6648): sendNotify entered. [uri] : content://com.sec.badge/apps
D/BadgeProvider( 6648): sendNotify, [notify] : null
D/BadgeProvider( 6648): update, [uri] : content://com.sec.badge/apps
D/BadgeProvider( 6648): update, [uri.query] : null
D/BadgeProvider( 6648): update, [BadgeCount] : badgecount=2
D/BadgeProvider( 6648): update, [UpdateCount] : 2
W/ActivityManager( 3531): userId = 0, bbcId = -10000
W/ActivityManager( 3531): NORMAL SET : dst_category = 1023, src_allowCategory = 0,701-1023
W/ActivityManager( 3531): NORMAL SET : srcAppInfo.processName = com.facebook.orca, destAppInfo.processName = com.facebook.orca
W/ActivityManager( 3531): userId = 0, bbcId = -10000
W/ActivityManager( 3531): NORMAL SET : dst_category = 1023, src_allowCategory = 0,701-1023
W/ActivityManager( 3531): NORMAL SET : srcAppInfo.processName = com.facebook.orca, destAppInfo.processName = com.facebook.orca
W/ActivityManager( 3531): userId = 0, bbcId = -10000
W/ActivityManager( 3531): NORMAL SET : dst_category = 1023, src_allowCategory = 0,701-1023
W/ActivityManager( 3531): NORMAL SET : srcAppInfo.processName = com.facebook.orca, destAppInfo.processName = com.facebook.orca
W/ActivityManager( 3531): userId = 0, bbcId = -10000
W/ActivityManager( 3531): NORMAL SET : dst_category = 1023, src_allowCategory = 0,701-1023
W/ActivityManager( 3531): NORMAL SET : srcAppInfo.processName = com.facebook.orca, destAppInfo.processName = com.facebook.orca
W/ActivityManager( 3531): userId = 0, bbcId = -10000
W/ActivityManager( 3531): NORMAL SET : dst_category = 1023, src_allowCategory = 0,701-1023
W/ActivityManager( 3531): NORMAL SET : srcAppInfo.processName = com.facebook.orca, destAppInfo.processName = com.facebook.orca
W/ActivityManager( 3531): userId = 0, bbcId = -10000
W/ActivityManager( 3531): NORMAL SET : dst_category = 1023, src_allowCategory = 0,701-1023
W/ActivityManager( 3531): NORMAL SET : srcAppInfo.processName = com.facebook.orca, destAppInfo.processName = com.facebook.orca
W/ActivityManager( 3531): userId = 0, bbcId = -10000
W/ActivityManager( 3531): NORMAL SET : dst_category = 1023, src_allowCategory = 0,701-1023
W/ActivityManager( 3531): NORMAL SET : srcAppInfo.processName = com.facebook.orca, destAppInfo.processName = com.facebook.orca
W/ActivityManager( 3531): userId = 0, bbcId = -10000
W/ActivityManager( 3531): NORMAL SET : dst_category = 1023, src_allowCategory = 0,701-1023
W/ActivityManager( 3531): NORMAL SET : srcAppInfo.processName = com.facebook.orca, destAppInfo.processName = com.facebook.orca
W/ActivityManager( 3531): userId = 0, bbcId = -10000
W/ActivityManager( 3531): NORMAL SET : dst_category = 1023, src_allowCategory = 0,701-1023
W/ActivityManager( 3531): NORMAL SET : srcAppInfo.processName = com.facebook.orca, destAppInfo.processName = com.facebook.orca
W/ActivityManager( 3531): userId = 0, bbcId = -10000
W/ActivityManager( 3531): NORMAL SET : dst_category = 1023, src_allowCategory = 0,701-1023
W/ActivityManager( 3531): NORMAL SET : srcAppInfo.processName = com.facebook.orca, destAppInfo.processName = com.facebook.orca
W/ActivityManager( 3531): userId = 0, bbcId = -10000
W/ActivityManager( 3531): NORMAL SET : dst_category = 1023, src_allowCategory = 0,701-1023
W/ActivityManager( 3531): NORMAL SET : srcAppInfo.processName = com.facebook.orca, destAppInfo.processName = com.facebook.orca
D/ApplicationPolicy( 3531): isStatusBarNotificationAllowedAsUser: packageName = com.facebook.orca,userId = 0
V/ApplicationPolicy( 3531): isApplicationStateBlocked userId 0 pkgname com.facebook.orca
W/ActivityManager( 3531): userId = 0, bbcId = -10000
W/ActivityManager( 3531): NORMAL SET : dst_category = 1023, src_allowCategory = 0,701-1023
W/ActivityManager( 3531): NORMAL SET : srcAppInfo.processName = com.facebook.orca, destAppInfo.processName = com.facebook.orca
D/StatusBar( 4068): ----- contentsUnchanged : true, bigContentsUnchanged - true, headsUpContentsUnchanged - true , publicUnchanged true
D/mali_winsys(15557): new_window_surface returns 0x3000,  [842x253]-format:1
D/PanelView( 4068): There is/are notification(s) 
D/PanelView( 4068): kidsfalse mQsExpansionEnabled:true
W/ActivityManager( 3531): userId = 0, bbcId = -10000
W/ActivityManager( 3531): NORMAL SET : dst_category = 1023, src_allowCategory = 0,701-1023
W/ActivityManager( 3531): NORMAL SET : srcAppInfo.processName = com.facebook.orca, destAppInfo.processName = com.facebook.orca
D/PanelView( 4068): There is/are notification(s) 
D/PanelView( 4068): kidsfalse mQsExpansionEnabled:true
W/ActivityManager( 3531): userId = 0, bbcId = -10000
W/ActivityManager( 3531): NORMAL SET : dst_category = 0, src_allowCategory = 0,701-1023
W/ActivityManager( 3531): NORMAL SET : srcAppInfo.processName = com.facebook.orca, destAppInfo.processName = com.sec.android.provider.badge
D/Badge::BadgeCountReceiver( 6648): badge intent : Intent { act=android.intent.action.BADGE_COUNT_UPDATE flg=0x10 cmp=com.sec.android.provider.badge/.BadgeCountReceiver (has extras) }
D/Badge::BadgeCountReceiver( 6648): packageName: com.facebook.orca, className: com.facebook.orca.auth.StartScreenActivity, count: 2
D/BadgeProvider( 6648): sendNotify entered. [uri] : content://com.sec.badge/apps
D/BadgeProvider( 6648): sendNotify, [notify] : null
D/BadgeProvider( 6648): update, [uri] : content://com.sec.badge/apps
D/BadgeProvider( 6648): update, [uri.query] : null
D/BadgeProvider( 6648): update, [BadgeCount] : badgecount=2
D/BadgeProvider( 6648): update, [UpdateCount] : 2
D/PanelView( 4068): mClearAll.setVisibility - mIsFullyOpened : false isShade : true mHasNotification : true mIsUpwardFling : false mQsFullyExpanded : false isShadeLocked : false mClearAllVisible : true
W/ActivityManager( 3531): userId = 0, bbcId = -10000
W/ActivityManager( 3531): NORMAL SET : dst_category = 1023, src_allowCategory = 0,701-1023
