D/StatusBar.NetworkController( 4068): refreshViews connected={ wifi data } level=4 combinedSignalIconId=0x7f02052d/com.android.systemui:drawable/stat_sys_wifi_captive_3 mobileLabel=中華電信 wifiLabel="NTU" emergencyOnly=false combinedLabel="NTU" mAirplaneMode=false mDataActivity=0 mPhoneSignalIconId=0x7f0204d7/com.android.systemui:drawable/stat_sys_signal_4_auto_rotate mQSPhoneSignalIconId=0x7f020115/com.android.systemui:drawable/ic_qs_signal_4 mDataDirectionIconId=0x7f020320/com.android.systemui:drawable/stat_sys_data_connected_4g_plus mDataSignalIconId=0x7f0204d7/com.android.systemui:drawable/stat_sys_signal_4_auto_rotate mDataTypeIconId=0x7f020320/com.android.systemui:drawable/stat_sys_data_connected_4g_plus mQSDataTypeIconId=0x7f020116/com.android.systemui:drawable/ic_qs_signal_4g mNoSimIconId=0x0/(null) mWifiIconId=0x7f02052d/com.android.systemui:drawable/stat_sys_wifi_captive_3 mQSWifiIconId=0x7f02012a/com.android.systemui:drawable/ic_qs_wifi_3 mWifiActivityIconId=0x0/(null) mBluetoothTetherIconId=0x7f02051d/com.android.systemui:drawable/stat_sys_tether_bluetooth
D/STATUSBAR-WifiTile( 4068): onWifiSignalChanged enabled=true enabledDesc:"NTU"
D/StatusBar.NetworkController( 4068): refreshNwBoosterIndicator - setNWBoosterIndicators(false)
D/StatusBar.NetworkController( 4068): refreshNwBoosterIndicator - setNWBoosterIndicators(false)
D/StatusBar.NetworkController( 4068): refreshNwBoosterIndicator - setNWBoosterIndicators(false)
D/StatusBar.NetworkController( 4068): refreshNwBoosterIndicator - setNWBoosterIndicators(false)
D/InputReader( 3531): Input event(3): value=1 when=44628963077000
D/InputReader( 3531): Input event(3): value=1 when=44628963077000
I/InputReader( 3531): Touch event's action is 0x0 (deviceType=0) [pCnt=1, s=0.3753 ] when=44628963077000
D/InputReader( 3531): lastThreadEndTime = 44628517423859, currentThreadStartTime = 44628517427776, diff = 0
I/InputDispatcher( 3531): Delivering touch to (4068): action: 0x4, toolType: 1
I/InputDispatcher( 3531): Delivering touch to (2276): action: 0x0, toolType: 1
D/ViewRootImpl( 2276): ViewPostImeInputStage ACTION_DOWN
D/InputReader( 3531): Input event(3): value=0 when=44629031515000
D/InputReader( 3531): Input event(3): value=0 when=44629031515000
I/InputReader( 3531): Touch event's action is 0x1 (deviceType=0) [pCnt=1, s=] when=44629031515000
I/InputDispatcher( 3531): Delivering touch to (2276): action: 0x1, toolType: 1
D/InputDispatcher( 3531): Focus left window: 2276
D/InputDispatcher( 3531): Focus entered window: 2276
D/PointerIcon( 3531): setMouseIconStyle1 pointerType: 1001 iconType:101 flag:0 pid:3531 uid:1000
D/PointerIcon( 3531): setMouseCustomIcon IconType is same.101
D/InputMethodManagerService( 3531): windowGainedFocus mCurrentFocusedUserId - 0 and mSecureKeypadEnabled-false
E/ViewRootImpl( 2276): sendUserActionEvent() mView == null
I/SurfaceFlinger( 2976): id=1373 Removed NainActivit (6/9)
I/SurfaceFlinger( 2976): id=1373 Removed NainActivit (-2/9)
D/InputReader( 3531): Input event(3): value=1 when=44629359485000
D/InputReader( 3531): Input event(3): value=1 when=44629359485000
I/InputReader( 3531): Touch event's action is 0x0 (deviceType=0) [pCnt=1, s=0.3754 ] when=44629359485000
D/InputReader( 3531): lastThreadEndTime = 44629031650984, currentThreadStartTime = 44629031653234, diff = 0
I/InputDispatcher( 3531): Delivering touch to (4068): action: 0x4, toolType: 1
I/InputDispatcher( 3531): Delivering touch to (2276): action: 0x0, toolType: 1
D/ViewRootImpl( 2276): ViewPostImeInputStage ACTION_DOWN
D/InputReader( 3531): Input event(3): value=0 when=44629450774000
D/InputReader( 3531): Input event(3): value=0 when=44629450774000
I/InputReader( 3531): Touch event's action is 0x1 (deviceType=0) [pCnt=1, s=] when=44629450774000
I/InputDispatcher( 3531): Delivering touch to (2276): action: 0x1, toolType: 1
D/PhoneWindow( 2276): *FMB* installDecor mIsFloating : true
D/PhoneWindow( 2276): *FMB* installDecor flags : 8388610
D/InputDispatcher( 3531): Focus left window: 2276
D/InputDispatcher( 3531): Focus entered window: 2276
D/PointerIcon( 3531): setMouseIconStyle1 pointerType: 1001 iconType:101 flag:0 pid:3531 uid:1000
D/PointerIcon( 3531): setMouseCustomIcon IconType is same.101
D/PhoneWindow( 2276): *FMB* isFloatingMenuEnabled mFloatingMenuBtn : null
D/PhoneWindow( 2276): *FMB* isFloatingMenuEnabled return false
I/SurfaceFlinger( 2976): id=1374 createSurf (257x257),1 flag=4, NainActivit
D/SRIB_DCS( 2276): log_dcs ThreadedRenderer::initialize entered! 
D/mali_winsys( 2276): new_window_surface returns 0x3000,  [1592x832]-format:1
D/StatusBar.NetworkController( 4068): onSignalStrengthsChanged signalStrength=SignalStrength: 99 99 -120 -160 -120 -1 -1 25 -91 -8 258 -1 2147483647 0x4000 gsm|lte level=4
D/StatusBar.NetworkController( 4068): updateTelephonySignalStrength: hasService=true ss=SignalStrength: 99 99 -120 -160 -120 -1 -1 25 -91 -8 258 -1 2147483647 0x4000 gsm|lte
D/StatusBar.NetworkController( 4068): updateTelephonySignalStrength: iconLevel=4
D/StatusBar.NetworkController( 4068): updateTelephonySignalStrength, No signal level. mPhoneSignalIconId = com.android.systemui:drawable/stat_sys_signal_4_auto_rotate mDataSignalIconId = com.android.systemui:drawable/stat_sys_signal_4_auto_rotate mQSPhoneSignalIconId = com.android.systemui:drawable/ic_qs_signal_4 mContentDescriptionPhoneSignal = 手機訊號滿格
D/StatusBar.NetworkController( 4068): refreshViews connected={ wifi data } level=4 combinedSignalIconId=0x7f02052d/com.android.systemui:drawable/stat_sys_wifi_captive_3 mobileLabel=中華電信 wifiLabel="NTU" emergencyOnly=false combinedLabel="NTU" mAirplaneMode=false mDataActivity=0 mPhoneSignalIconId=0x7f0204d7/com.android.systemui:drawable/stat_sys_signal_4_auto_rotate mQSPhoneSignalIconId=0x7f020115/com.android.systemui:drawable/ic_qs_signal_4 mDataDirectionIconId=0x7f020320/com.android.systemui:drawable/stat_sys_data_connected_4g_plus mDataSignalIconId=0x7f0204d7/com.android.systemui:drawable/stat_sys_signal_4_auto_rotate mDataTypeIconId=0x7f020320/com.android.systemui:drawable/stat_sys_data_connected_4g_plus mQSDataTypeIconId=0x7f020116/com.android.systemui:drawable/ic_qs_signal_4g mNoSimIconId=0x0/(null) mWifiIconId=0x7f02052d/com.android.systemui:drawable/stat_sys_wifi_captive_3 mQSWifiIconId=0x7f02012a/com.android.systemui:drawable/ic_qs_wifi_3 mWifiActivityIconId=0x0/(null) mBluetoothTetherIconId=0x7f02051d/com.android.systemui:drawable/stat_sys_tether_bluetooth
D/STATUSBAR-WifiTile( 4068): onWifiSignalChanged enabled=true enabledDesc:"NTU"
D/StatusBar.NetworkController( 4068): refreshNwBoosterIndicator - setNWBoosterIndicators(false)
D/StatusBar.NetworkController( 4068): refreshNwBoosterIndicator - setNWBoosterIndicators(false)
D/StatusBar.NetworkController( 4068): refreshNwBoosterIndicator - setNWBoosterIndicators(false)
D/StatusBar.NetworkController( 4068): refreshNwBoosterIndicator - setNWBoosterIndicators(false)
D/InputReader( 3531): Input event(3): value=1 when=44630276650000
D/InputReader( 3531): Input event(3): value=1 when=44630276650000
I/InputReader( 3531): Touch event's action is 0x0 (deviceType=0) [pCnt=1, s=0.3755 ] when=44630276650000
D/InputReader( 3531): lastThreadEndTime = 44629450901651, currentThreadStartTime = 44629450903860, diff = 0
I/InputDispatcher( 3531): Delivering touch to (4068): action: 0x4, toolType: 1
I/InputDispatcher( 3531): Delivering touch to (2276): action: 0x0, toolType: 1
D/ViewRootImpl( 2276): ViewPostImeInputStage ACTION_DOWN
D/InputReader( 3531): Input event(3): value=0 when=44630424757000
D/InputReader( 3531): Input event(3): value=0 when=44630424757000
I/InputReader( 3531): Touch event's action is 0x1 (deviceType=0) [pCnt=1, s=] when=44630424757000
I/InputDispatcher( 3531): Delivering touch to (2276): action: 0x1, toolType: 1
D/InputDispatcher( 3531): Focus left window: 2276
D/InputDispatcher( 3531): Focus entered window: 2276
D/PointerIcon( 3531): setMouseIconStyle1 pointerType: 1001 iconType:101 flag:0 pid:3531 uid:1000
D/PointerIcon( 3531): setMouseCustomIcon IconType is same.101
E/ViewRootImpl( 2276): sendUserActionEvent() mView == null
D/InputMethodManagerService( 3531): windowGainedFocus mCurrentFocusedUserId - 0 and mSecureKeypadEnabled-false
D/InputReader( 3531): Input event(3): value=1 when=44630609322000
D/InputReader( 3531): Input event(3): value=1 when=44630609322000
I/InputReader( 3531): Touch event's action is 0x0 (deviceType=0) [pCnt=1, s=0.3756 ] when=44630609322000
D/InputReader( 3531): lastThreadEndTime = 44630424945360, currentThreadStartTime = 44630424948068, diff = 0
I/InputDispatcher( 3531): Delivering touch to (4068): action: 0x4, toolType: 1
I/InputDispatcher( 3531): Delivering touch to (2276): action: 0x0, toolType: 1
D/ViewRootImpl( 2276): ViewPostImeInputStage ACTION_DOWN
I/SurfaceFlinger( 2976): id=1374 Removed NainActivit (6/9)
I/SurfaceFlinger( 2976): id=1374 Removed NainActivit (-2/9)
D/StatusBar.NetworkController( 4068): onSignalStrengthsChanged signalStrength=SignalStrength: 99 99 -120 -160 -120 -1 -1 25 -91 -8 234 -1 2147483647 0x4000 gsm|lte level=4
D/StatusBar.NetworkController( 4068): updateTelephonySignalStrength: hasService=true ss=SignalStrength: 99 99 -120 -160 -120 -1 -1 25 -91 -8 234 -1 2147483647 0x4000 gsm|lte
D/StatusBar.NetworkController( 4068): updateTelephonySignalStrength: iconLevel=4
D/StatusBar.NetworkController( 4068): updateTelephonySignalStrength, No signal level. mPhoneSignalIconId = com.android.systemui:drawable/stat_sys_signal_4_auto_rotate mDataSignalIconId = com.android.systemui:drawable/stat_sys_signal_4_auto_rotate mQSPhoneSignalIconId = com.android.systemui:drawable/ic_qs_signal_4 mContentDescriptionPhoneSignal = 手機訊號滿格
D/StatusBar.NetworkController( 4068): refreshViews connected={ wifi data } level=4 combinedSignalIconId=0x7f02052d/com.android.systemui:drawable/stat_sys_wifi_captive_3 mobileLabel=中華電信 wifiLabel="NTU" emergencyOnly=false combinedLabel="NTU" mAirplaneMode=false mDataActivity=0 mPhoneSignalIconId=0x7f0204d7/com.android.systemui:drawable/stat_sys_signal_4_auto_rotate mQSPhoneSignalIconId=0x7f020115/com.android.systemui:drawable/ic_qs_signal_4 mDataDirectionIconId=0x7f020320/com.android.systemui:drawable/stat_sys_data_connected_4g_plus mDataSignalIconId=0x7f0204d7/com.android.systemui:drawable/stat_sys_signal_4_auto_rotate mDataTypeIconId=0x7f020320/com.android.systemui:drawable/stat_sys_data_connected_4g_plus mQSDataTypeIconId=0x7f020116/com.android.systemui:drawable/ic_qs_signal_4g mNoSimIconId=0x0/(null) mWifiIconId=0x7f02052d/com.android.systemui:drawable/stat_sys_wifi_captive_3 mQSWifiIconId=0x7f02012a/com.android.systemui:drawable/ic_qs_wifi_3 mWifiActivityIconId=0x0/(null) mBluetoothTetherIconId=0x7f02051d/com.android.systemui:drawable/stat_sys_tether_bluetooth
D/STATUSBAR-WifiTile( 4068): onWifiSignalChanged enabled=true enabledDesc:"NTU"
D/StatusBar.NetworkController( 4068): refreshNwBoosterIndicator - setNWBoosterIndicators(false)
D/StatusBar.NetworkController( 4068): refreshNwBoosterIndicator - setNWBoosterIndicators(false)
D/StatusBar.NetworkController( 4068): refreshNwBoosterIndicator - setNWBoosterIndicators(false)
D/StatusBar.NetworkController( 4068): refreshNwBoosterIndicator - setNWBoosterIndicators(false)
W/ActivityManager( 3531): userId = 0, bbcId = -10000
W/ActivityManager( 3531): NORMAL SET : dst_category = 1023, src_allowCategory = 0,701-1023
W/ActivityManager( 3531): NORMAL SET : srcAppInfo.processName = com.facebook.orca, destAppInfo.processName = com.facebook.orca
W/ActivityManager( 3531): userId = 0, bbcId = -10000
W/ActivityManager( 3531): NORMAL SET : dst_category = 1023, src_allowCategory = 0,701-1023
W/ActivityManager( 3531): NORMAL SET : srcAppInfo.processName = com.facebook.katana, destAppInfo.processName = com.facebook.katana
W/ActivityManager( 3531): userId = 0, bbcId = -10000
W/ActivityManager( 3531): NORMAL SET : dst_category = 0, src_allowCategory = 0,701-1023
W/ActivityManager( 3531): NORMAL SET : srcAppInfo.processName = com.facebook.orca, destAppInfo.processName = com.sec.android.provider.badge
D/Badge::BadgeCountReceiver( 6648): badge intent : Intent { act=android.intent.action.BADGE_COUNT_UPDATE flg=0x10 cmp=com.sec.android.provider.badge/.BadgeCountReceiver (has extras) }
D/Badge::BadgeCountReceiver( 6648): packageName: com.facebook.orca, className: com.facebook.orca.auth.StartScreenActivity, count: 1
D/StatusBar.NetworkController( 4068): onDataActivity: direction=3
D/BadgeProvider( 6648): sendNotify entered. [uri] : content://com.sec.badge/apps
D/BadgeProvider( 6648): sendNotify, [notify] : null
D/BadgeProvider( 6648): update, [uri] : content://com.sec.badge/apps
D/BadgeProvider( 6648): update, [uri.query] : null
D/BadgeProvider( 6648): update, [BadgeCount] : badgecount=1
D/BadgeProvider( 6648): update, [UpdateCount] : 2
D/StatusBar.NetworkController( 4068): updateDataIcon, mDataDirectionIconId = com.android.systemui:drawable/stat_sys_data_connected_4g_plus mDataConnected = true
D/StatusBar.NetworkController( 4068): refreshViews connected={ wifi data } level=4 combinedSignalIconId=0x7f02052d/com.android.systemui:drawable/stat_sys_wifi_captive_3 mobileLabel=中華電信 wifiLabel="NTU" emergencyOnly=false combinedLabel="NTU" mAirplaneMode=false mDataActivity=3 mPhoneSignalIconId=0x7f0204d7/com.android.systemui:drawable/stat_sys_signal_4_auto_rotate mQSPhoneSignalIconId=0x7f020115/com.android.systemui:drawable/ic_qs_signal_4 mDataDirectionIconId=0x7f020320/com.android.systemui:drawable/stat_sys_data_connected_4g_plus mDataSignalIconId=0x7f0204d7/com.android.systemui:drawable/stat_sys_signal_4_auto_rotate mDataTypeIconId=0x7f020320/com.android.systemui:drawable/stat_sys_data_connected_4g_plus mQSDataTypeIconId=0x7f020116/com.android.systemui:drawable/ic_qs_signal_4g mNoSimIconId=0x0/(null) mWifiIconId=0x7f02052d/com.android.systemui:drawable/stat_sys_wifi_captive_3 mQSWifiIconId=0x7f02012a/com.android.systemui:drawable/ic_qs_wifi_3 mWifiActivityIconId=0x0/(null) mBluetoothTetherIconId=0x7f02051d/com.android.systemui:drawable/stat_sys_tether_bluetooth
D/STATUSBAR-WifiTile( 4068): onWifiSignalChanged enabled=true enabledDesc:"NTU"
D/StatusBar.NetworkController( 4068): refreshNwBoosterIndicator - setNWBoosterIndicators(false)
D/StatusBar.NetworkController( 4068): refreshNwBoosterIndicator - setNWBoosterIndicators(false)
D/StatusBar.NetworkController( 4068): refreshNwBoosterIndicator - setNWBoosterIndicators(false)
D/StatusBar.NetworkController( 4068): refreshNwBoosterIndicator - setNWBoosterIndicators(false)
W/ActivityManager( 3531): userId = 0, bbcId = -10000
W/ActivityManager( 3531): NORMAL SET : dst_category = 1023, src_allowCategory = 0,701-1023
W/ActivityManager( 3531): NORMAL SET : srcAppInfo.processName = com.facebook.katana, destAppInfo.processName = com.facebook.katana
W/ActivityManager( 3531): userId = 0, bbcId = -10000
W/ActivityManager( 3531): NORMAL SET : dst_category = 1023, src_allowCategory = 0,701-1023
W/ActivityManager( 3531): NORMAL SET : srcAppInfo.processName = com.facebook.orca, destAppInfo.processName = com.facebook.orca
W/ActivityManager( 3531): userId = 0, bbcId = -10000
W/ActivityManager( 3531): NORMAL SET : dst_category = 1023, src_allowCategory = 0,701-1023
W/ActivityManager( 3531): NORMAL SET : srcAppInfo.processName = com.facebook.katana, destAppInfo.processName = com.facebook.katana
W/ActivityManager( 3531): userId = 0, bbcId = -10000
W/ActivityManager( 3531): NORMAL SET : dst_category = 1023, src_allowCategory = 0,701-1023
W/ActivityManager( 3531): NORMAL SET : srcAppInfo.processName = com.facebook.orca, destAppInfo.processName = com.facebook.orca
W/ActivityManager( 3531): userId = 0, bbcId = -10000
W/ActivityManager( 3531): NORMAL SET : dst_category = 1023, src_allowCategory = 0,701-1023
W/ActivityManager( 3531): NORMAL SET : srcAppInfo.processName = com.facebook.orca, destAppInfo.processName = com.facebook.orca
W/ActivityManager( 3531): userId = 0, bbcId = -10000
W/ActivityManager( 3531): NORMAL SET : dst_category = 1023, src_allowCategory = 0,701-1023
W/ActivityManager( 3531): NORMAL SET : srcAppInfo.processName = com.facebook.orca, destAppInfo.processName = com.facebook.orca
D/InputReader( 3531): Input event(3): value=0 when=44630711542000
D/InputReader( 3531): Input event(3): value=0 when=44630711542000
I/InputReader( 3531): Touch event's action is 0x1 (deviceType=0) [pCnt=1, s=] when=44630711542000
I/InputDispatcher( 3531): Delivering touch to (2276): action: 0x1, toolType: 1
W/ActivityManager( 3531): userId = 0, bbcId = -10000
W/ActivityManager( 3531): NORMAL SET : dst_category = 1023, src_allowCategory = 0,701-1023
W/ActivityManager( 3531): NORMAL SET : srcAppInfo.processName = com.facebook.orca, destAppInfo.processName = com.facebook.orca
D/PhoneWindow( 2276): *FMB* installDecor mIsFloating : true
D/PhoneWindow( 2276): *FMB* installDecor flags : 8388610
W/ActivityManager( 3531): userId = 0, bbcId = -10000
W/ActivityManager( 3531): NORMAL SET : dst_category = 1023, src_allowCategory = 0,701-1023
W/ActivityManager( 3531): NORMAL SET : srcAppInfo.processName = com.facebook.orca, destAppInfo.processName = com.facebook.orca
D/InputDispatcher( 3531): Focus left window: 2276
D/InputDispatcher( 3531): Focus entered window: 2276
D/PointerIcon( 3531): setMouseIconStyle1 pointerType: 1001 iconType:101 flag:0 pid:3531 uid:1000
D/PointerIcon( 3531): setMouseCustomIcon IconType is same.101
W/ActivityManager( 3531): userId = 0, bbcId = -10000
W/ActivityManager( 3531): NORMAL SET : dst_category = 1023, src_allowCategory = 0,701-1023
W/ActivityManager( 3531): NORMAL SET : srcAppInfo.processName = com.facebook.katana, destAppInfo.processName = com.facebook.katana
W/ActivityManager( 3531): userId = 0, bbcId = -10000
W/ActivityManager( 3531): NORMAL SET : dst_category = 1023, src_allowCategory = 0,701-1023
W/ActivityManager( 3531): NORMAL SET : srcAppInfo.processName = com.facebook.orca, destAppInfo.processName = com.facebook.orca
W/ActivityManager( 3531): userId = 0, bbcId = -10000
W/ActivityManager( 3531): NORMAL SET : dst_category = 0, src_allowCategory = 0,701-1023
W/ActivityManager( 3531): NORMAL SET : srcAppInfo.processName = com.facebook.orca, destAppInfo.processName = com.sec.android.provider.badge
D/PhoneWindow( 2276): *FMB* isFloatingMenuEnabled mFloatingMenuBtn : null
D/PhoneWindow( 2276): *FMB* isFloatingMenuEnabled return false
D/Badge::BadgeCountReceiver( 6648): badge intent : Intent { act=android.intent.action.BADGE_COUNT_UPDATE flg=0x10 cmp=com.sec.android.provider.badge/.BadgeCountReceiver (has extras) }
D/Badge::BadgeCountReceiver( 6648): packageName: com.facebook.orca, className: com.facebook.orca.auth.StartScreenActivity, count: 2
I/SurfaceFlinger( 2976): id=1375 createSurf (257x257),1 flag=4, NainActivit
D/BadgeProvider( 6648): sendNotify entered. [uri] : content://com.sec.badge/apps
D/BadgeProvider( 6648): sendNotify, [notify] : null
D/BadgeProvider( 6648): update, [uri] : content://com.sec.badge/apps
D/BadgeProvider( 6648): update, [uri.query] : null
D/BadgeProvider( 6648): update, [BadgeCount] : badgecount=2
D/BadgeProvider( 6648): update, [UpdateCount] : 2
D/SRIB_DCS( 2276): log_dcs ThreadedRenderer::initialize entered! 
D/mali_winsys( 2276): new_window_surface returns 0x3000,  [1592x832]-format:1
W/ActivityManager( 3531): userId = 0, bbcId = -10000
W/ActivityManager( 3531): NORMAL SET : dst_category = 1023, src_allowCategory = 0,701-1023
W/ActivityManager( 3531): NORMAL SET : srcAppInfo.processName = com.facebook.orca, destAppInfo.processName = com.facebook.orca
W/ActivityManager( 3531): userId = 0, bbcId = -10000
W/ActivityManager( 3531): NORMAL SET : dst_category = 1023, src_allowCategory = 0,701-1023
W/ActivityManager( 3531): NORMAL SET : srcAppInfo.processName = com.facebook.orca, destAppInfo.processName = com.facebook.orca
W/ActivityManager( 3531): userId = 0, bbcId = -10000
W/ActivityManager( 3531): NORMAL SET : dst_category = 1023, src_allowCategory = 0,701-1023
W/ActivityManager( 3531): NORMAL SET : srcAppInfo.processName = com.facebook.orca, destAppInfo.processName = com.facebook.orca
W/ActivityManager( 3531): userId = 0, bbcId = -10000
W/ActivityManager( 3531): NORMAL SET : dst_category = 1023, src_allowCategory = 0,701-1023
W/ActivityManager( 3531): NORMAL SET : srcAppInfo.processName = com.facebook.orca, destAppInfo.processName = com.facebook.orca
W/ActivityManager( 3531): userId = 0, bbcId = -10000
W/ActivityManager( 3531): NORMAL SET : dst_category = 1023, src_allowCategory = 0,701-1023
W/ActivityManager( 3531): NORMAL SET : srcAppInfo.processName = com.facebook.orca, destAppInfo.processName = com.facebook.orca
W/ActivityManager( 3531): userId = 0, bbcId = -10000
W/ActivityManager( 3531): NORMAL SET : dst_category = 1023, src_allowCategory = 0,701-1023
W/ActivityManager( 3531): NORMAL SET : srcAppInfo.processName = com.facebook.orca, destAppInfo.processName = com.facebook.orca
W/ActivityManager( 3531): userId = 0, bbcId = -10000
W/ActivityManager( 3531): NORMAL SET : dst_category = 1023, src_allowCategory = 0,701-1023
W/ActivityManager( 3531): NORMAL SET : srcAppInfo.processName = com.facebook.orca, destAppInfo.processName = com.facebook.orca
W/ActivityManager( 3531): userId = 0, bbcId = -10000
W/ActivityManager( 3531): NORMAL SET : dst_category = 1023, src_allowCategory = 0,701-1023
W/ActivityManager( 3531): NORMAL SET : srcAppInfo.processName = com.facebook.orca, destAppInfo.processName = com.facebook.orca
W/ActivityManager( 3531): userId = 0, bbcId = -10000
W/ActivityManager( 3531): NORMAL SET : dst_category = 1023, src_allowCategory = 0,701-1023
W/ActivityManager( 3531): NORMAL SET : srcAppInfo.processName = com.facebook.orca, destAppInfo.processName = com.facebook.orca
W/ActivityManager( 3531): userId = 0, bbcId = -10000
W/ActivityManager( 3531): NORMAL SET : dst_category = 1023, src_allowCategory = 0,701-1023
W/ActivityManager( 3531): NORMAL SET : srcAppInfo.processName = com.facebook.orca, destAppInfo.processName = com.facebook.orca
W/ActivityManager( 3531): userId = 0, bbcId = -10000
W/ActivityManager( 3531): NORMAL SET : dst_category = 1023, src_allowCategory = 0,701-1023
W/ActivityManager( 3531): NORMAL SET : srcAppInfo.processName = com.facebook.orca, destAppInfo.processName = com.facebook.orca
D/ApplicationPolicy( 3531): isStatusBarNotificationAllowedAsUser: packageName = com.facebook.orca,userId = 0
V/ApplicationPolicy( 3531): isApplicationStateBlocked userId 0 pkgname com.facebook.orca
W/ActivityManager( 3531): userId = 0, bbcId = -10000
W/ActivityManager( 3531): NORMAL SET : dst_category = 1023, src_allowCategory = 0,701-1023
W/ActivityManager( 3531): NORMAL SET : srcAppInfo.processName = com.facebook.orca, destAppInfo.processName = com.facebook.orca
D/StatusBar( 4068): ----- contentsUnchanged : true, bigContentsUnchanged - true, headsUpContentsUnchanged - true , publicUnchanged true
D/PanelView( 4068): There is/are notification(s) 
D/PanelView( 4068): kidsfalse mQsExpansionEnabled:true
D/PanelView( 4068): There is/are notification(s) 
D/PanelView( 4068): kidsfalse mQsExpansionEnabled:true
D/ApplicationPolicy( 3531): isStatusBarNotificationAllowedAsUser: packageName = com.facebook.orca,userId = 0
V/ApplicationPolicy( 3531): isApplicationStateBlocked userId 0 pkgname com.facebook.orca
D/ApplicationPolicy( 3531): isStatusBarNotificationAllowedAsUser: packageName = com.facebook.orca,userId = 0
V/ApplicationPolicy( 3531): isApplicationStateBlocked userId 0 pkgname com.facebook.orca
D/KnoxNotification( 4068): ----- inflateViews : modified publicViewLocal -----
W/ActivityManager( 3531): userId = 0, bbcId = -10000
W/ActivityManager( 3531): NORMAL SET : dst_category = 1023, src_allowCategory = 0,701-1023
W/ActivityManager( 3531): NORMAL SET : srcAppInfo.processName = com.facebook.orca, destAppInfo.processName = com.facebook.orca
D/KnoxNotification( 4068): ----- inflateViews : modified KnoxViewLocal -----
D/PanelView( 4068): There is/are notification(s) 
D/PanelView( 4068): kidsfalse mQsExpansionEnabled:true
D/PanelView( 4068): There is/are notification(s) 
D/PanelView( 4068): kidsfalse mQsExpansionEnabled:true
I/SurfaceFlinger( 2976): id=1376 createSurf (1x1),1 flag=404, 
D/PanelView( 4068): mClearAll.setVisibility - mIsFullyOpened : false isShade : true mHasNotification : true mIsUpwardFling : false mQsFullyExpanded : false isShadeLocked : false mClearAllVisible : true
D/StatusBar( 4068): ----- contentsUnchanged : true, bigContentsUnchanged - true, headsUpContentsUnchanged - true , publicUnchanged true
D/PanelView( 4068): There is/are notification(s) 
D/PanelView( 4068): kidsfalse mQsExpansionEnabled:true
D/PanelView( 4068): There is/are notification(s) 
D/PanelView( 4068): kidsfalse mQsExpansionEnabled:true
D/SRIB_DCS(15557): log_dcs ThreadedRenderer::initialize entered! 
D/mali_winsys(15557): new_window_surface returns 0x3000,  [1x2560]-format:1
I/SurfaceFlinger( 2976): id=1377 createSurf (1440x2560),1 flag=4, 
D/SRIB_DCS(15557): log_dcs ThreadedRenderer::initialize entered! 
D/mali_winsys(15557): new_window_surface returns 0x3000,  [1440x2560]-format:1
I/SurfaceFlinger( 2976): id=1378 createSurf (1x1),1 flag=4, 
D/SRIB_DCS(15557): log_dcs ThreadedRenderer::initialize entered! 
D/mali_winsys(15557): new_window_surface returns 0x3000,  [252x312]-format:1
I/SurfaceFlinger( 2976): id=1379 createSurf (1x1),1 flag=4, 
D/SRIB_DCS(15557): log_dcs ThreadedRenderer::initialize entered! 
D/mali_winsys(15557): new_window_surface returns 0x3000,  [252x312]-format:1
I/SurfaceFlinger( 2976): id=1380 createSurf (1x1),1 flag=4, 
D/PanelView( 4068): mClearAll.setVisibility - mIsFullyOpened : false isShade : true mHasNotification : true mIsUpwardFling : false mQsFullyExpanded : false isShadeLocked : false mClearAllVisible : true
D/PanelView( 4068): mClearAll.setVisibility - mIsFullyOpened : false isShade : true mHasNotification : true mIsUpwardFling : false mQsFullyExpanded : false isShadeLocked : false mClearAllVisible : true
D/SRIB_DCS(15557): log_dcs ThreadedRenderer::initialize entered! 
D/mali_winsys(15557): new_window_surface returns 0x3000,  [903x253]-format:1
D/InputReader( 3531): Input event(3): value=1 when=44631122321000
D/InputReader( 3531): Input event(3): value=1 when=44631122321000
I/InputReader( 3531): Touch event's action is 0x0 (deviceType=0) [pCnt=1, s=0.3757 ] when=44631122321000
D/InputReader( 3531): lastThreadEndTime = 44630711818985, currentThreadStartTime = 44630711825402, diff = 0
I/InputDispatcher( 3531): Delivering touch to (4068): action: 0x4, toolType: 1
I/InputDispatcher( 3531): Delivering touch to (2276): action: 0x0, toolType: 1
D/ViewRootImpl( 2276): ViewPostImeInputStage ACTION_DOWN
W/ActivityManager( 3531): userId = 0, bbcId = -10000
W/ActivityManager( 3531): NORMAL SET : dst_category = 0, src_allowCategory = 0,701-1023
W/ActivityManager( 3531): NORMAL SET : srcAppInfo.processName = com.facebook.orca, destAppInfo.processName = com.sec.android.provider.badge
D/Badge::BadgeCountReceiver( 6648): badge intent : Intent { act=android.intent.action.BADGE_COUNT_UPDATE flg=0x10 cmp=com.sec.android.provider.badge/.BadgeCountReceiver (has extras) }
D/Badge::BadgeCountReceiver( 6648): packageName: com.facebook.orca, className: com.facebook.orca.auth.StartScreenActivity, count: 2
D/BadgeProvider( 6648): sendNotify entered. [uri] : content://com.sec.badge/apps
D/BadgeProvider( 6648): sendNotify, [notify] : null
D/BadgeProvider( 6648): update, [uri] : content://com.sec.badge/apps
D/BadgeProvider( 6648): update, [uri.query] : null
D/BadgeProvider( 6648): update, [BadgeCount] : badgecount=2
D/BadgeProvider( 6648): update, [UpdateCount] : 2
D/InputReader( 3531): Input event(3): value=0 when=44631269975000
D/InputReader( 3531): Input event(3): value=0 when=44631269975000
I/InputReader( 3531): Touch event's action is 0x1 (deviceType=0) [pCnt=1, s=] when=44631269975000
I/InputDispatcher( 3531): Delivering touch to (2276): action: 0x1, toolType: 1
D/InputDispatcher( 3531): Focus left window: 2276
D/InputDispatcher( 3531): Focus entered window: 2276
D/PointerIcon( 3531): setMouseIconStyle1 pointerType: 1001 iconType:101 flag:0 pid:3531 uid:1000
D/PointerIcon( 3531): setMouseCustomIcon IconType is same.101
D/InputMethodManagerService( 3531): windowGainedFocus mCurrentFocusedUserId - 0 and mSecureKeypadEnabled-false
E/ViewRootImpl( 2276): sendUserActionEvent() mView == null
D/InputReader( 3531): Input event(3): value=1 when=44631442609000
D/InputReader( 3531): Input event(3): value=1 when=44631442609000
I/InputReader( 3531): Touch event's action is 0x0 (deviceType=0) [pCnt=1, s=0.3758 ] when=44631442609000
D/InputReader( 3531): lastThreadEndTime = 44631270301944, currentThreadStartTime = 44631270308610, diff = 0
I/InputDispatcher( 3531): Delivering touch to (4068): action: 0x4, toolType: 1
I/InputDispatcher( 3531): Delivering touch to (2276): action: 0x0, toolType: 1
D/ViewRootImpl( 2276): ViewPostImeInputStage ACTION_DOWN
I/SurfaceFlinger( 2976): id=1375 Removed NainActivit (6/14)
I/SurfaceFlinger( 2976): id=1375 Removed NainActivit (-2/14)
D/InputReader( 3531): Input event(3): value=0 when=44631545943000
D/InputReader( 3531): Input event(3): value=0 when=44631545943000
I/InputReader( 3531): Touch event's action is 0x1 (deviceType=0) [pCnt=1, s=] when=44631545943000
I/InputDispatcher( 3531): Delivering touch to (2276): action: 0x1, toolType: 1
D/PhoneWindow( 2276): *FMB* installDecor mIsFloating : true
D/PhoneWindow( 2276): *FMB* installDecor flags : 8388610
D/InputDispatcher( 3531): Focus left window: 2276
D/InputDispatcher( 3531): Focus entered window: 2276
D/PointerIcon( 3531): setMouseIconStyle1 pointerType: 1001 iconType:101 flag:0 pid:3531 uid:1000
D/PointerIcon( 3531): setMouseCustomIcon IconType is same.101
D/PhoneWindow( 2276): *FMB* isFloatingMenuEnabled mFloatingMenuBtn : null
D/PhoneWindow( 2276): *FMB* isFloatingMenuEnabled return false
D/KeyguardUpdateMonitor( 4068): received broadcast android.intent.action.BATTERY_CHANGED
I/PERF    ( 4068): received broadcast android.intent.action.BATTERY_CHANGED
D/KeyguardUpdateMonitor( 4068): handleBatteryUpdate
I/SurfaceFlinger( 2976): id=1381 createSurf (257x257),1 flag=4, NainActivit
D/QSTile.TorchLightTile( 4068): ACTION_BATTERY_CHANGED - Level :: 34, Status :: 2
D/BatteryMonitor( 5273): new battery level: 34
D/SRIB_DCS( 2276): log_dcs ThreadedRenderer::initialize entered! 
D/mali_winsys( 2276): new_window_surface returns 0x3000,  [1592x832]-format:1
E/Zygote  ( 8309): MountEmulatedStorage()
E/Zygote  ( 8309): v2
W/ActivityManager( 3531): userId = 0, bbcId = -10000
W/ActivityManager( 3531): NORMAL SET : dst_category = 1023, src_allowCategory = 0,701-1023
W/ActivityManager( 3531): NORMAL SET : srcAppInfo.processName = com.facebook.orca, destAppInfo.processName = com.facebook.orca
I/SELinux ( 8309): Function: selinux_compare_spd_ram , priority [2] , priority version is VE=SEPF_SM-G9208_5.1.1_0024
E/SELinux ( 8309): [DEBUG] get_category: variable seinfo: default sensitivity: NULL, cateogry: NULL
D/TimaKeyStoreProvider( 8309): TimaSignature is unavailable
D/ActivityThread( 8309): Added TimaKeyStore provider
I/InjectionManager( 8309): Inside getClassLibPath + mLibMap{0=, 1=}
I/InjectionManager( 8309): Inside getClassLibPath caller 
E/BluetoothHeadset( 8309): BTStateChangeCB is registed
D/InjectionManager( 8309): InjectionManager
D/InjectionManager( 8309): fillFeatureStoreMap us.zoom.videomeetings
I/InjectionManager( 8309): Constructor us.zoom.videomeetings, Feature store :{}
I/InjectionManager( 8309): featureStore :{}
D/StatusBar.NetworkController( 4068): onSignalStrengthsChanged signalStrength=SignalStrength: 99 99 -120 -160 -120 -1 -1 23 -91 -7 278 -1 2147483647 0x4000 gsm|lte level=4
D/StatusBar.NetworkController( 4068): updateTelephonySignalStrength: hasService=true ss=SignalStrength: 99 99 -120 -160 -120 -1 -1 23 -91 -7 278 -1 2147483647 0x4000 gsm|lte
D/StatusBar.NetworkController( 4068): updateTelephonySignalStrength: iconLevel=4
D/StatusBar.NetworkController( 4068): updateTelephonySignalStrength, No signal level. mPhoneSignalIconId = com.android.systemui:drawable/stat_sys_signal_4_auto_rotate mDataSignalIconId = com.android.systemui:drawable/stat_sys_signal_4_auto_rotate mQSPhoneSignalIconId = com.android.systemui:drawable/ic_qs_signal_4 mContentDescriptionPhoneSignal = 手機訊號滿格
D/StatusBar.NetworkController( 4068): refreshViews connected={ wifi data } level=4 combinedSignalIconId=0x7f02052d/com.android.systemui:drawable/stat_sys_wifi_captive_3 mobileLabel=中華電信 wifiLabel="NTU" emergencyOnly=false combinedLabel="NTU" mAirplaneMode=false mDataActivity=3 mPhoneSignalIconId=0x7f0204d7/com.android.systemui:drawable/stat_sys_signal_4_auto_rotate mQSPhoneSignalIconId=0x7f020115/com.android.systemui:drawable/ic_qs_signal_4 mDataDirectionIconId=0x7f020320/com.android.systemui:drawable/stat_sys_data_connected_4g_plus mDataSignalIconId=0x7f0204d7/com.android.systemui:drawable/stat_sys_signal_4_auto_rotate mDataTypeIconId=0x7f020320/com.android.systemui:drawable/stat_sys_data_connected_4g_plus mQSDataTypeIconId=0x7f020116/com.android.systemui:drawable/ic_qs_signal_4g mNoSimIconId=0x0/(null) mWifiIconId=0x7f02052d/com.android.systemui:drawable/stat_sys_wifi_captive_3 mQSWifiIconId=0x7f02012a/com.android.systemui:drawable/ic_qs_wifi_3 mWifiActivityIconId=0x0/(null) mBluetoothTetherIconId=0x7f02051d/com.android.systemui:drawable/stat_sys_tether_bluetooth
D/STATUSBAR-WifiTile( 4068): onWifiSignalChanged enabled=true enabledDesc:"NTU"
D/StatusBar.NetworkController( 4068): refreshNwBoosterIndicator - setNWBoosterIndicators(false)
D/StatusBar.NetworkController( 4068): refreshNwBoosterIndicator - setNWBoosterIndicators(false)
D/StatusBar.NetworkController( 4068): refreshNwBoosterIndicator - setNWBoosterIndicators(false)
D/StatusBar.NetworkController( 4068): refreshNwBoosterIndicator - setNWBoosterIndicators(false)
D/AbsListView(15557): Get MotionRecognitionManager
W/msgr(:<default>):c(15557): Empty color param string provided.
W/msgr(:<default>):c(15557): Empty color param string provided.
W/msgr(:<default>):c(15557): Empty color param string provided.
W/msgr(:<default>):c(15557): Empty color param string provided.
W/msgr(:<default>):c(15557): Empty color param string provided.
W/msgr(:<default>):c(15557): Empty color param string provided.
W/msgr(:<default>):c(15557): Empty color param string provided.
W/msgr(:<default>):c(15557): Empty color param string provided.
D/InputReader( 3531): Input event(3): value=1 when=44632041910000
D/InputReader( 3531): Input event(3): value=1 when=44632041910000
I/InputReader( 3531): Touch event's action is 0x0 (deviceType=0) [pCnt=1, s=0.3759 ] when=44632041910000
D/InputReader( 3531): lastThreadEndTime = 44631546091111, currentThreadStartTime = 44631546093027, diff = 0
I/InputDispatcher( 3531): Delivering touch to (4068): action: 0x4, toolType: 1
I/InputDispatcher( 3531): Delivering touch to (2276): action: 0x0, toolType: 1
D/ViewRootImpl( 2276): ViewPostImeInputStage ACTION_DOWN
D/ListView(15557): change accessibility focus position = 35
D/InputReader( 3531): Input event(3): value=0 when=44632121879000
D/InputReader( 3531): Input event(3): value=0 when=44632121879000
I/InputReader( 3531): Touch event's action is 0x1 (deviceType=0) [pCnt=1, s=] when=44632121879000
I/InputDispatcher( 3531): Delivering touch to (2276): action: 0x1, toolType: 1
D/InputDispatcher( 3531): Focus left window: 2276
D/InputDispatcher( 3531): Focus entered window: 2276
D/PointerIcon( 3531): setMouseIconStyle1 pointerType: 1001 iconType:101 flag:0 pid:3531 uid:1000
D/PointerIcon( 3531): setMouseCustomIcon IconType is same.101
D/InputMethodManagerService( 3531): windowGainedFocus mCurrentFocusedUserId - 0 and mSecureKeypadEnabled-false
E/ViewRootImpl( 2276): sendUserActionEvent() mView == null
I/SurfaceFlinger( 2976): id=1381 Removed NainActivit (6/14)
I/SurfaceFlinger( 2976): id=1381 Removed NainActivit (-2/14)
D/InputReader( 3531): Input event(3): value=1 when=44632657204000
D/InputReader( 3531): Input event(3): value=1 when=44632657204000
I/InputReader( 3531): Touch event's action is 0x0 (deviceType=0) [pCnt=1, s=0.3760 ] when=44632657204000
D/InputReader( 3531): lastThreadEndTime = 44632122177819, currentThreadStartTime = 44632122181111, diff = 0
I/InputDispatcher( 3531): Delivering touch to (4068): action: 0x4, toolType: 1
I/InputDispatcher( 3531): Delivering touch to (15557): action: 0x0, toolType: 1
D/ViewRootImpl(15557): ViewPostImeInputStage ACTION_DOWN
D/StatusBar.NetworkController( 4068): onDataActivity: direction=0
D/StatusBar.NetworkController( 4068): updateDataIcon, mDataDirectionIconId = com.android.systemui:drawable/stat_sys_data_connected_4g_plus mDataConnected = true
D/StatusBar.NetworkController( 4068): refreshViews connected={ wifi data } level=4 combinedSignalIconId=0x7f02052d/com.android.systemui:drawable/stat_sys_wifi_captive_3 mobileLabel=中華電信 wifiLabel="NTU" emergencyOnly=false combinedLabel="NTU" mAirplaneMode=false mDataActivity=0 mPhoneSignalIconId=0x7f0204d7/com.android.systemui:drawable/stat_sys_signal_4_auto_rotate mQSPhoneSignalIconId=0x7f020115/com.android.systemui:drawable/ic_qs_signal_4 mDataDirectionIconId=0x7f020320/com.android.systemui:drawable/stat_sys_data_connected_4g_plus mDataSignalIconId=0x7f0204d7/com.android.systemui:drawable/stat_sys_signal_4_auto_rotate mDataTypeIconId=0x7f020320/com.android.systemui:drawable/stat_sys_data_connected_4g_plus mQSDataTypeIconId=0x7f020116/com.android.systemui:drawable/ic_qs_signal_4g mNoSimIconId=0x0/(null) mWifiIconId=0x7f02052d/com.android.systemui:drawable/stat_sys_wifi_captive_3 mQSWifiIconId=0x7f02012a/com.android.systemui:drawable/ic_qs_wifi_3 mWifiActivityIconId=0x0/(null) mBluetoothTetherIconId=0x7f02051d/com.android.systemui:drawable/stat_sys_tether_bluetooth
D/STATUSBAR-WifiTile( 4068): onWifiSignalChanged enabled=true enabledDesc:"NTU"
D/StatusBar.NetworkController( 4068): refreshNwBoosterIndicator - setNWBoosterIndicators(false)
D/StatusBar.NetworkController( 4068): refreshNwBoosterIndicator - setNWBoosterIndicators(false)
D/StatusBar.NetworkController( 4068): refreshNwBoosterIndicator - setNWBoosterIndicators(false)
D/StatusBar.NetworkController( 4068): refreshNwBoosterIndicator - setNWBoosterIndicators(false)
V/Vibrator( 3531): Called vibrateImmVibe(int, MagnitudeType) API - PUID: 1000, PackageName: android
V/Vibrator( 3531): vibrateImmVibe - PUID: 1000, PackageName: android, type: 9, mag: 6000
D/InputReader( 3531): Input event(3): value=0 when=44632919592000
D/InputReader( 3531): Input event(3): value=0 when=44632919592000
I/InputReader( 3531): Touch event's action is 0x1 (deviceType=0) [pCnt=1, s=] when=44632919592000
I/InputDispatcher( 3531): Delivering touch to (15557): action: 0x1, toolType: 1
D/ApplicationPolicy( 3531): isStatusBarNotificationAllowedAsUser: packageName = com.facebook.orca,userId = 0
V/ApplicationPolicy( 3531): isApplicationStateBlocked userId 0 pkgname com.facebook.orca
D/StatusBar( 4068): ----- contentsUnchanged : true, bigContentsUnchanged - true, headsUpContentsUnchanged - true , publicUnchanged true
D/PanelView( 4068): There is/are notification(s) 
D/PanelView( 4068): kidsfalse mQsExpansionEnabled:true
D/PanelView( 4068): There is/are notification(s) 
D/PanelView( 4068): kidsfalse mQsExpansionEnabled:true
D/mali_winsys(15557): new_window_surface returns 0x3000,  [252x1]-format:1
I/SurfaceFlinger( 2976): id=1380 Removed  (11/13)
I/SurfaceFlinger( 2976): id=1380 Removed  (-2/13)
D/PanelView( 4068): mClearAll.setVisibility - mIsFullyOpened : false isShade : true mHasNotification : true mIsUpwardFling : false mQsFullyExpanded : false isShadeLocked : false mClearAllVisible : true
D/PanelView( 4068): There is/are notification(s) 
D/PanelView( 4068): kidsfalse mQsExpansionEnabled:true
D/PanelView( 4068): There is/are notification(s) 
D/PanelView( 4068): kidsfalse mQsExpansionEnabled:true
D/PanelView( 4068): mClearAll.setVisibility - mIsFullyOpened : false isShade : true mHasNotification : true mIsUpwardFling : false mQsFullyExpanded : false isShadeLocked : false mClearAllVisible : true
I/SurfaceFlinger( 2976): id=1378 Removed  (9/12)
I/SurfaceFlinger( 2976): id=1378 Removed  (-2/12)
I/SurfaceFlinger( 2976): id=1379 Removed  (9/11)
I/SurfaceFlinger( 2976): id=1379 Removed  (-2/11)
I/SurfaceFlinger( 2976): id=1377 Removed  (8/10)
I/SurfaceFlinger( 2976): id=1377 Removed  (-2/10)
I/SurfaceFlinger( 2976): id=1376 Removed  (7/9)
I/SurfaceFlinger( 2976): id=1376 Removed  (-2/9)
D/InputReader( 3531): Input event(3): value=1 when=44633436337000
D/InputReader( 3531): Input event(3): value=1 when=44633436337000
I/InputReader( 3531): Touch event's action is 0x0 (deviceType=0) [pCnt=1, s=0.3761 ] when=44633436337000
D/InputReader( 3531): lastThreadEndTime = 44632919850820, currentThreadStartTime = 44632919856986, diff = 0
I/InputDispatcher( 3531): Delivering touch to (4068): action: 0x4, toolType: 1
I/InputDispatcher( 3531): Delivering touch to (2276): action: 0x0, toolType: 1
D/ViewRootImpl( 2276): ViewPostImeInputStage ACTION_DOWN
D/InputReader( 3531): Input event(3): value=0 when=44633527791000
D/InputReader( 3531): Input event(3): value=0 when=44633527791000
I/InputReader( 3531): Touch event's action is 0x1 (deviceType=0) [pCnt=1, s=] when=44633527791000
I/InputDispatcher( 3531): Delivering touch to (2276): action: 0x1, toolType: 1
D/PhoneWindow( 2276): *FMB* installDecor mIsFloating : true
D/PhoneWindow( 2276): *FMB* installDecor flags : 8388610
D/InputDispatcher( 3531): Focus left window: 2276
D/InputDispatcher( 3531): Focus entered window: 2276
D/PointerIcon( 3531): setMouseIconStyle1 pointerType: 1001 iconType:101 flag:0 pid:3531 uid:1000
D/PointerIcon( 3531): setMouseCustomIcon IconType is same.101
D/PhoneWindow( 2276): *FMB* isFloatingMenuEnabled mFloatingMenuBtn : null
D/PhoneWindow( 2276): *FMB* isFloatingMenuEnabled return false
I/SurfaceFlinger( 2976): id=1382 createSurf (257x257),1 flag=4, NainActivit
D/SRIB_DCS( 2276): log_dcs ThreadedRenderer::initialize entered! 
D/mali_winsys( 2276): new_window_surface returns 0x3000,  [1592x832]-format:1
D/StatusBar.NetworkController( 4068): onSignalStrengthsChanged signalStrength=SignalStrength: 99 99 -120 -160 -120 -1 -1 24 -91 -7 246 -1 2147483647 0x4000 gsm|lte level=4
D/StatusBar.NetworkController( 4068): updateTelephonySignalStrength: hasService=true ss=SignalStrength: 99 99 -120 -160 -120 -1 -1 24 -91 -7 246 -1 2147483647 0x4000 gsm|lte
D/StatusBar.NetworkController( 4068): updateTelephonySignalStrength: iconLevel=4
D/StatusBar.NetworkController( 4068): updateTelephonySignalStrength, No signal level. mPhoneSignalIconId = com.android.systemui:drawable/stat_sys_signal_4_auto_rotate mDataSignalIconId = com.android.systemui:drawable/stat_sys_signal_4_auto_rotate mQSPhoneSignalIconId = com.android.systemui:drawable/ic_qs_signal_4 mContentDescriptionPhoneSignal = 手機訊號滿格
D/StatusBar.NetworkController( 4068): refreshViews connected={ wifi data } level=4 combinedSignalIconId=0x7f02052d/com.android.systemui:drawable/stat_sys_wifi_captive_3 mobileLabel=中華電信 wifiLabel="NTU" emergencyOnly=false combinedLabel="NTU" mAirplaneMode=false mDataActivity=0 mPhoneSignalIconId=0x7f0204d7/com.android.systemui:drawable/stat_sys_signal_4_auto_rotate mQSPhoneSignalIconId=0x7f020115/com.android.systemui:drawable/ic_qs_signal_4 mDataDirectionIconId=0x7f020320/com.android.systemui:drawable/stat_sys_data_connected_4g_plus mDataSignalIconId=0x7f0204d7/com.android.systemui:drawable/stat_sys_signal_4_auto_rotate mDataTypeIconId=0x7f020320/com.android.systemui:drawable/stat_sys_data_connected_4g_plus mQSDataTypeIconId=0x7f020116/com.android.systemui:drawable/ic_qs_signal_4g mNoSimIconId=0x0/(null) mWifiIconId=0x7f02052d/com.android.systemui:drawable/stat_sys_wifi_captive_3 mQSWifiIconId=0x7f02012a/com.android.systemui:drawable/ic_qs_wifi_3 mWifiActivityIconId=0x0/(null) mBluetoothTetherIconId=0x7f02051d/com.android.systemui:drawable/stat_sys_tether_bluetooth
D/STATUSBAR-WifiTile( 4068): onWifiSignalChanged enabled=true enabledDesc:"NTU"
D/StatusBar.NetworkController( 4068): refreshNwBoosterIndicator - setNWBoosterIndicators(false)
D/StatusBar.NetworkController( 4068): refreshNwBoosterIndicator - setNWBoosterIndicators(false)
D/StatusBar.NetworkController( 4068): refreshNwBoosterIndicator - setNWBoosterIndicators(false)
D/StatusBar.NetworkController( 4068): refreshNwBoosterIndicator - setNWBoosterIndicators(false)
D/InputReader( 3531): Input event(3): value=1 when=44634182538000
D/InputReader( 3531): Input event(3): value=1 when=44634182538000
I/InputReader( 3531): Touch event's action is 0x0 (deviceType=0) [pCnt=1, s=0.3762 ] when=44634182538000
D/InputReader( 3531): lastThreadEndTime = 44633528262570, currentThreadStartTime = 44633528268320, diff = 0
I/InputDispatcher( 3531): Delivering touch to (4068): action: 0x4, toolType: 1
I/InputDispatcher( 3531): Delivering touch to (2276): action: 0x0, toolType: 1
D/ViewRootImpl( 2276): ViewPostImeInputStage ACTION_DOWN
D/InputReader( 3531): Input event(3): value=0 when=44634251704000
D/InputReader( 3531): Input event(3): value=0 when=44634251704000
I/InputReader( 3531): Touch event's action is 0x1 (deviceType=0) [pCnt=1, s=] when=44634251704000
I/InputDispatcher( 3531): Delivering touch to (2276): action: 0x1, toolType: 1
D/InputDispatcher( 3531): Focus left window: 2276
D/InputDispatcher( 3531): Focus entered window: 2276
D/PointerIcon( 3531): setMouseIconStyle1 pointerType: 1001 iconType:101 flag:0 pid:3531 uid:1000
D/PointerIcon( 3531): setMouseCustomIcon IconType is same.101
D/InputMethodManagerService( 3531): windowGainedFocus mCurrentFocusedUserId - 0 and mSecureKeypadEnabled-false
E/ViewRootImpl( 2276): sendUserActionEvent() mView == null
I/SurfaceFlinger( 2976): id=1382 Removed NainActivit (6/9)
I/SurfaceFlinger( 2976): id=1382 Removed NainActivit (-2/9)
D/InputReader( 3531): Input event(3): value=1 when=44634445768000
D/InputReader( 3531): Input event(3): value=1 when=44634445768000
I/InputReader( 3531): Touch event's action is 0x0 (deviceType=0) [pCnt=1, s=0.3763 ] when=44634445768000
D/InputReader( 3531): lastThreadEndTime = 44634251905987, currentThreadStartTime = 44634251910695, diff = 0
I/InputDispatcher( 3531): Delivering touch to (4068): action: 0x4, toolType: 1
I/InputDispatcher( 3531): Delivering touch to (2276): action: 0x0, toolType: 1
D/ViewRootImpl( 2276): ViewPostImeInputStage ACTION_DOWN
D/StatusBar.NetworkController( 4068): refreshViews connected={ wifi data } level=4 combinedSignalIconId=0x7f02052d/com.android.systemui:drawable/stat_sys_wifi_captive_3 mobileLabel=中華電信 wifiLabel="NTU" emergencyOnly=false combinedLabel="NTU" mAirplaneMode=false mDataActivity=0 mPhoneSignalIconId=0x7f0204d7/com.android.systemui:drawable/stat_sys_signal_4_auto_rotate mQSPhoneSignalIconId=0x7f020115/com.android.systemui:drawable/ic_qs_signal_4 mDataDirectionIconId=0x7f020320/com.android.systemui:drawable/stat_sys_data_connected_4g_plus mDataSignalIconId=0x7f0204d7/com.android.systemui:drawable/stat_sys_signal_4_auto_rotate mDataTypeIconId=0x7f020320/com.android.systemui:drawable/stat_sys_data_connected_4g_plus mQSDataTypeIconId=0x7f020116/com.android.systemui:drawable/ic_qs_signal_4g mNoSimIconId=0x0/(null) mWifiIconId=0x7f02052d/com.android.systemui:drawable/stat_sys_wifi_captive_3 mQSWifiIconId=0x7f02012a/com.android.systemui:drawable/ic_qs_wifi_3 mWifiActivityIconId=0x0/(null) mBluetoothTetherIconId=0x7f02051d/com.android.systemui:drawable/stat_sys_tether_bluetooth
D/STATUSBAR-WifiTile( 4068): onWifiSignalChanged enabled=true enabledDesc:"NTU"
D/StatusBar.NetworkController( 4068): refreshNwBoosterIndicator - setNWBoosterIndicators(false)
D/StatusBar.NetworkController( 4068): refreshNwBoosterIndicator - setNWBoosterIndicators(false)
D/StatusBar.NetworkController( 4068): refreshNwBoosterIndicator - setNWBoosterIndicators(false)
D/StatusBar.NetworkController( 4068): refreshNwBoosterIndicator - setNWBoosterIndicators(false)
D/InputReader( 3531): Input event(3): value=0 when=44634537552000
D/InputReader( 3531): Input event(3): value=0 when=44634537552000
I/InputReader( 3531): Touch event's action is 0x1 (deviceType=0) [pCnt=1, s=] when=44634537552000
I/InputDispatcher( 3531): Delivering touch to (2276): action: 0x1, toolType: 1
D/PhoneWindow( 2276): *FMB* installDecor mIsFloating : true
D/PhoneWindow( 2276): *FMB* installDecor flags : 8388610
D/InputDispatcher( 3531): Focus left window: 2276
D/InputDispatcher( 3531): Focus entered window: 2276
D/PointerIcon( 3531): setMouseIconStyle1 pointerType: 1001 iconType:101 flag:0 pid:3531 uid:1000
D/PointerIcon( 3531): setMouseCustomIcon IconType is same.101
D/PhoneWindow( 2276): *FMB* isFloatingMenuEnabled mFloatingMenuBtn : null
D/PhoneWindow( 2276): *FMB* isFloatingMenuEnabled return false
I/SurfaceFlinger( 2976): id=1383 createSurf (257x257),1 flag=4, NainActivit
D/SRIB_DCS( 2276): log_dcs ThreadedRenderer::initialize entered! 
D/mali_winsys( 2276): new_window_surface returns 0x3000,  [1592x832]-format:1
D/InputReader( 3531): Input event(3): value=1 when=44635023673000
D/InputReader( 3531): Input event(3): value=1 when=44635023673000
I/InputReader( 3531): Touch event's action is 0x0 (deviceType=0) [pCnt=1, s=0.3764 ] when=44635023673000
D/InputReader( 3531): lastThreadEndTime = 44634538171820, currentThreadStartTime = 44634538174570, diff = 0
I/InputDispatcher( 3531): Delivering touch to (4068): action: 0x4, toolType: 1
I/InputDispatcher( 3531): Delivering touch to (2276): action: 0x0, toolType: 1
D/ViewRootImpl( 2276): ViewPostImeInputStage ACTION_DOWN
D/InputReader( 3531): Input event(3): value=0 when=44635092467000
D/InputReader( 3531): Input event(3): value=0 when=44635092467000
I/InputReader( 3531): Touch event's action is 0x1 (deviceType=0) [pCnt=1, s=] when=44635092467000
I/InputDispatcher( 3531): Delivering touch to (2276): action: 0x1, toolType: 1
