D/SH2.0.D.( 7664): {[908160387EB28735CDF27ED8FF956F6CEAC288AA20CDFBE1C1E4943840AE7B0046E34CF475BF3E5E845A34D788B89C87]}
D/InjectionManager( 7664): InjectionManager
D/InjectionManager( 7664): fillFeatureStoreMap com.sec.android.daemonapp
I/InjectionManager( 7664): Constructor com.sec.android.daemonapp, Feature store :{}
I/InjectionManager( 7664): featureStore :{}
D/SH2.0.D.( 7664): {[1BF95430A867F07EC8DC893B8B17EE596180119F328EB39072A13F24ABE60D5724B3838A75252F722F191AB44C33E880]}
D/SH2.0.D.( 7664): {[BC21B34B88A20EA5822C8C20EF5DDD55D3F558D2B40B6148AA902B8E755F2C7F]}
D/SH2.0.D.( 7664): {[8789C083E82D8E1F2FE32DACFF2426AFFD5F92D84A9FD33C911ADFBB974B2D45]}
D/SH2.0.D.( 7664): {[03CCBD8E216B8AAF7FB41A36678DB460592382D4021C3B041B748AE95F0D6A8C]}
D/SH2.0.D.( 7664): {[3B333B04C1FFD890E90D5EA27D33842984D807A55B53687634ACEBA4EA3DD898]}
D/SH2.0.D.( 7664): {[908160387EB28735CDF27ED8FF956F6CEAC288AA20CDFBE1C1E4943840AE7B0046E34CF475BF3E5E845A34D788B89C87]}
D/SH2.0.D.( 7664): {[6DEC5ABDA89A370239373A7FE7FD9ACF3AC230118765837A0408FD7358EABC9F1211C5E61C9467C294B552665CDC010A]}
D/SH2.0.D.( 7664): {[7CB1C62973D2073DE6BC8B6EB2A2C7324F83DD5E7224787A36F7763324C5C79A75A20B1DA6E9BC078A6B012B9F0ADE1B36EA58D0BCED1535970ADEC3F0C0B2E8A6814EA6C4FDEE138DA2F381D4D02C8B530B7E883F68A0B70656079FD7AB184F7D4B480FA58AFB58E238C381E52715A2]}
I/SH2.0.D.( 7664): {[A72A6345BE7A47C32EA1A6DBDBE36562AD2CF0803985788C2E384499687CD3E714F9AB75C331F9A013FF74CC2BDE5085]}
D/SH2.0.D.( 7664): {[FD538A4739F701FD909705F26B4978D51452FC176DDE74D3F698D149A850FA39CE24A5DB9DE3B90812A4AFD84AAC0432]}
D/SH2.0.D.( 7664): {[7CB1C62973D2073DE6BC8B6EB2A2C7324F83DD5E7224787A36F7763324C5C79A75A20B1DA6E9BC078A6B012B9F0ADE1B36EA58D0BCED1535970ADEC3F0C0B2E8A6814EA6C4FDEE138DA2F381D4D02C8B530B7E883F68A0B70656079FD7AB184FD06790ABE012E4326E6C11425293E897]}
I/SH2.0.D.( 7664): {[A72A6345BE7A47C32EA1A6DBDBE36562AD2CF0803985788C2E384499687CD3E7B06B71DA043B02A48F1D19520DC566DF]}
D/SH2.0.D.( 7664): {[9F0096057D935E39A4488E1CFA29435FD0AE309B1FBD3B5918A661B7109114ED97625F1A3F5B7571C7BE1F21B77220BFEFE25D7D8C1A40491D92497A5464C8BD881C67322D29926249C395ADD29FB19A]}
D/SH2.0.D.( 7664): {[BC21B34B88A20EA5822C8C20EF5DDD55D3F558D2B40B6148AA902B8E755F2C7F]}
D/SH2.0.D.( 7664): {[8789C083E82D8E1F2FE32DACFF2426AFFD5F92D84A9FD33C911ADFBB974B2D45]}
D/SH2.0.D.( 7664): {[03CCBD8E216B8AAF7FB41A36678DB460592382D4021C3B041B748AE95F0D6A8C]}
D/SH2.0.D.( 7664): {[3B333B04C1FFD890E90D5EA27D33842984D807A55B53687634ACEBA4EA3DD898]}
D/SH2.0.D.( 7664): {[908160387EB28735CDF27ED8FF956F6CEAC288AA20CDFBE1C1E4943840AE7B0046E34CF475BF3E5E845A34D788B89C87]}
D/SH2.0.D.( 7664): {[7CB1C62973D2073DE6BC8B6EB2A2C7324F83DD5E7224787A36F7763324C5C79A75A20B1DA6E9BC078A6B012B9F0ADE1B36EA58D0BCED1535970ADEC3F0C0B2E8A6814EA6C4FDEE138DA2F381D4D02C8B530B7E883F68A0B70656079FD7AB184F7D4B480FA58AFB58E238C381E52715A2]}
I/SH2.0.D.( 7664): {[A72A6345BE7A47C32EA1A6DBDBE36562AD2CF0803985788C2E384499687CD3E7B06B71DA043B02A48F1D19520DC566DF]}
D/SH2.0.D.( 7664): {[7CB1C62973D2073DE6BC8B6EB2A2C7324F83DD5E7224787A36F7763324C5C79A75A20B1DA6E9BC078A6B012B9F0ADE1B36EA58D0BCED1535970ADEC3F0C0B2E8A6814EA6C4FDEE138DA2F381D4D02C8B530B7E883F68A0B70656079FD7AB184F7D4B480FA58AFB58E238C381E52715A2]}
I/SH2.0.D.( 7664): {[A72A6345BE7A47C32EA1A6DBDBE36562AD2CF0803985788C2E384499687CD3E7CF37E107AD018443167934B4BDD42F1B]}
D/SH2.0.D.( 7664): {[7CB1C62973D2073DE6BC8B6EB2A2C7324F83DD5E7224787A36F7763324C5C79A75A20B1DA6E9BC078A6B012B9F0ADE1B36EA58D0BCED1535970ADEC3F0C0B2E8A6814EA6C4FDEE138DA2F381D4D02C8B530B7E883F68A0B70656079FD7AB184FD06790ABE012E4326E6C11425293E897]}
I/SH2.0.D.( 7664): {[A72A6345BE7A47C32EA1A6DBDBE36562AD2CF0803985788C2E384499687CD3E7B06B71DA043B02A48F1D19520DC566DF]}
D/SH2.0.D.( 7664): {[50BD8A71DF1AD8EAB3921DC4F68BA55D11F7E4607FA538E5BDB0F0805B88E4E70BC21E58A11B42934AAEC7E3563CC7AA9809C880854BEDE360BB868D0C7170D468DD00DB86A25185C5557F7F5C862503DD6326C0ED010415AE598F4FF486EE6A46EB71DA141F75E9EF398A5384B1194B]}
D/[zero daemon] ( 7664): {[48FB64758F0CCCCA96AAED4BD13C795CB0DB1BB9876E2E3B9C811DC016ED0F3B30E72885FCAF1B653F0229082BD5BD40BD761A6FE7553A554CA971F240AE8D04C4B11130D0507A1E34F20BC95E0A614C111296055329C1B880B82CADC05CD2FDA8704761D7B4230B6F6E5A01EF7FB9DD]}
D/[zero daemon] ( 7664): {[4DCBFD37265D4724AEB97273938FF09AD5C998F70EFCE83E6289B9A5B4CE8AEA87BAF17D6D4783E90BAD654FD47430025AB9A0CBB58EDF2C31CAFD9D4535798A]}
D/[zero daemon] ( 7664): {[C83DFF45438A3A2275F86659CC9B3CE70AAFC6F52CCEA0FD12EAEDA6E2FEF8086D43C1403706BA11D39ED34F9BF70E8E479FD20183B280AFF19503318ACFFA78AE3BE949809989ABC2591B8428E534B0FFE5C56161444C80AF9C4C7FDB9720CFF7D7229F0369811B209B6DA4507CAA40]}
D/[zero daemon] ( 7664): {[F2176E97870010A1C0429DBBB4DB3ABFD837BAC122D448BB9AAF900DE70E50387220C5A7756727169EAA17AD2067DFCDAA1E38260FF8DE3B8FEFCAE28FF08205]}
D/[zero daemon] ( 7664): {[40B43A4A88DC958DC241B9AFA907361F8F6C8FD30AA2FB1486E53A0180C523009FE70F990DFFD18F6E4DE47E979314D8EEA1050541B1CEC1AB801099031F7896]}
D/[zero daemon] ( 7664): {[79D7A88F035DF305811A9C54E6F0FF3FB47E47BAE909B4386C7FE36225AAFA98858ABAEF685DBD1F4CCCB202878EE1D2DA83F9E0E5323A9E2C17E46B3396A562]}
D/KeyguardUpdateMonitor( 4068): received broadcast android.intent.action.BATTERY_CHANGED
I/PERF    ( 4068): received broadcast android.intent.action.BATTERY_CHANGED
D/KeyguardUpdateMonitor( 4068): handleBatteryUpdate
D/QSTile.TorchLightTile( 4068): ACTION_BATTERY_CHANGED - Level :: 33, Status :: 2
D/BatteryMonitor( 5273): new battery level: 33
W/ActivityManager( 3531): userId = 0, bbcId = -10000
W/ActivityManager( 3531): NORMAL SET : dst_category = 1023, src_allowCategory = 0,701-1023
W/ActivityManager( 3531): NORMAL SET : srcAppInfo.processName = com.facebook.orca, destAppInfo.processName = com.facebook.orca
D/PanelView( 4068): There is/are notification(s) 
D/PanelView( 4068): kidsfalse mQsExpansionEnabled:true
D/PanelView( 4068): mClearAll.setVisibility - mIsFullyOpened : false isShade : false mHasNotification : true mIsUpwardFling : false mQsFullyExpanded : false isShadeLocked : false mClearAllVisible : true
D/StatusBar.NetworkController( 4068): onSignalStrengthsChanged signalStrength=SignalStrength: 99 99 -120 -160 -120 -1 -1 27 -88 -9 290 -1 2147483647 0x4000 gsm|lte level=4
D/StatusBar.NetworkController( 4068): updateTelephonySignalStrength: hasService=true ss=SignalStrength: 99 99 -120 -160 -120 -1 -1 27 -88 -9 290 -1 2147483647 0x4000 gsm|lte
D/StatusBar.NetworkController( 4068): updateTelephonySignalStrength: iconLevel=4
D/StatusBar.NetworkController( 4068): updateTelephonySignalStrength, No signal level. mPhoneSignalIconId = com.android.systemui:drawable/stat_sys_signal_4_auto_rotate mDataSignalIconId = com.android.systemui:drawable/stat_sys_signal_4_auto_rotate mQSPhoneSignalIconId = com.android.systemui:drawable/ic_qs_signal_4 mContentDescriptionPhoneSignal = 手機訊號滿格
D/StatusBar.NetworkController( 4068): refreshViews connected={ wifi data } level=4 combinedSignalIconId=0x7f02052d/com.android.systemui:drawable/stat_sys_wifi_captive_3 mobileLabel=中華電信 wifiLabel="NTU" emergencyOnly=false combinedLabel="NTU" mAirplaneMode=false mDataActivity=3 mPhoneSignalIconId=0x7f0204d7/com.android.systemui:drawable/stat_sys_signal_4_auto_rotate mQSPhoneSignalIconId=0x7f020115/com.android.systemui:drawable/ic_qs_signal_4 mDataDirectionIconId=0x7f020320/com.android.systemui:drawable/stat_sys_data_connected_4g_plus mDataSignalIconId=0x7f0204d7/com.android.systemui:drawable/stat_sys_signal_4_auto_rotate mDataTypeIconId=0x7f020320/com.android.systemui:drawable/stat_sys_data_connected_4g_plus mQSDataTypeIconId=0x7f020116/com.android.systemui:drawable/ic_qs_signal_4g mNoSimIconId=0x0/(null) mWifiIconId=0x7f02052d/com.android.systemui:drawable/stat_sys_wifi_captive_3 mQSWifiIconId=0x7f02012a/com.android.systemui:drawable/ic_qs_wifi_3 mWifiActivityIconId=0x0/(null) mBluetoothTetherIconId=0x7f02051d/com.android.systemui:drawable/stat_sys_tether_bluetooth
D/STATUSBAR-WifiTile( 4068): onWifiSignalChanged enabled=true enabledDesc:"NTU"
D/StatusBar.NetworkController( 4068): refreshNwBoosterIndicator - setNWBoosterIndicators(false)
D/StatusBar.NetworkController( 4068): refreshNwBoosterIndicator - setNWBoosterIndicators(false)
D/StatusBar.NetworkController( 4068): refreshNwBoosterIndicator - setNWBoosterIndicators(false)
D/StatusBar.NetworkController( 4068): refreshNwBoosterIndicator - setNWBoosterIndicators(false)
D/StatusBar.NetworkController( 4068): onDataActivity: direction=0
D/StatusBar.NetworkController( 4068): updateDataIcon, mDataDirectionIconId = com.android.systemui:drawable/stat_sys_data_connected_4g_plus mDataConnected = true
D/StatusBar.NetworkController( 4068): refreshViews connected={ wifi data } level=4 combinedSignalIconId=0x7f02052d/com.android.systemui:drawable/stat_sys_wifi_captive_3 mobileLabel=中華電信 wifiLabel="NTU" emergencyOnly=false combinedLabel="NTU" mAirplaneMode=false mDataActivity=0 mPhoneSignalIconId=0x7f0204d7/com.android.systemui:drawable/stat_sys_signal_4_auto_rotate mQSPhoneSignalIconId=0x7f020115/com.android.systemui:drawable/ic_qs_signal_4 mDataDirectionIconId=0x7f020320/com.android.systemui:drawable/stat_sys_data_connected_4g_plus mDataSignalIconId=0x7f0204d7/com.android.systemui:drawable/stat_sys_signal_4_auto_rotate mDataTypeIconId=0x7f020320/com.android.systemui:drawable/stat_sys_data_connected_4g_plus mQSDataTypeIconId=0x7f020116/com.android.systemui:drawable/ic_qs_signal_4g mNoSimIconId=0x0/(null) mWifiIconId=0x7f02052d/com.android.systemui:drawable/stat_sys_wifi_captive_3 mQSWifiIconId=0x7f02012a/com.android.systemui:drawable/ic_qs_wifi_3 mWifiActivityIconId=0x0/(null) mBluetoothTetherIconId=0x7f02051d/com.android.systemui:drawable/stat_sys_tether_bluetooth
D/STATUSBAR-WifiTile( 4068): onWifiSignalChanged enabled=true enabledDesc:"NTU"
D/StatusBar.NetworkController( 4068): refreshNwBoosterIndicator - setNWBoosterIndicators(false)
D/StatusBar.NetworkController( 4068): refreshNwBoosterIndicator - setNWBoosterIndicators(false)
D/StatusBar.NetworkController( 4068): refreshNwBoosterIndicator - setNWBoosterIndicators(false)
D/StatusBar.NetworkController( 4068): refreshNwBoosterIndicator - setNWBoosterIndicators(false)
D/PanelView( 4068): mClearAll.setVisibility - mIsFullyOpened : false isShade : false mHasNotification : true mIsUpwardFling : false mQsFullyExpanded : false isShadeLocked : false mClearAllVisible : true
D/PanelView( 4068): mClearAll.setVisibility - mIsFullyOpened : false isShade : false mHasNotification : true mIsUpwardFling : false mQsFullyExpanded : false isShadeLocked : false mClearAllVisible : true
E/Zygote  ( 7696): MountEmulatedStorage()
E/Zygote  ( 7696): v2
I/SELinux ( 7696): Function: selinux_compare_spd_ram , priority [2] , priority version is VE=SEPF_SM-G9208_5.1.1_0024
E/SELinux ( 7696): [DEBUG] get_category: variable seinfo: default sensitivity: NULL, cateogry: NULL
D/KeyguardUpdateMonitor( 4068): received broadcast android.intent.action.TIME_TICK
I/PERF    ( 4068): received broadcast android.intent.action.TIME_TICK
D/KeyguardUpdateMonitor( 4068): handleTimeUpdate
D/SecKeyguardClockView( 4068): onTimeChanged() : mShouldShowDualClock - false, isDualClockSet() -false
D/SecKeyguardClockView( 4068): mTimeZone:null,   hour:9,   isShortMaxWidth:true
D/SecKeyguardStatusUtils( 4068): regionalDateFormat = 3333/11/22 isRTLlanguage = false returnDateFormat = MMMM d日, E
D/KeyguardMessageArea( 4068): onTimeChanged( mCharging = true )
I/art     ( 3026): Explicit concurrent mark sweep GC freed 8750(371KB) AllocSpace objects, 0(0B) LOS objects, 36% free, 28MB/44MB, paused 1.017ms total 43.954ms
D/TimaKeyStoreProvider( 7696): TimaSignature is unavailable
D/ActivityThread( 7696): Added TimaKeyStore provider
I/art     ( 3026): Explicit concurrent mark sweep GC freed 5(160B) AllocSpace objects, 0(0B) LOS objects, 36% free, 28MB/44MB, paused 546us total 16.610ms
D/KeyguardViewMediator( 4068): handleKeyguardDoneDrawing
I/art     ( 3026): Explicit concurrent mark sweep GC freed 5(160B) AllocSpace objects, 0(0B) LOS objects, 36% free, 28MB/44MB, paused 563us total 13.916ms
I/InjectionManager( 7696): Inside getClassLibPath + mLibMap{0=, 1=}
I/InjectionManager( 7696): Inside getClassLibPath caller 
D/DateView( 4068): regionalDateFormat = 3333/11/22 isRTLlanguage = false returnDateFormat = MMMM d日, E
D/DateView( 4068): regionalDateFormat = 3333/11/22 isRTLlanguage = false returnDateFormat = MMMM d日, E
D/DateView( 4068): regionalDateFormat = 3333/11/22 isRTLlanguage = false returnDateFormat = MMMM d日, E
D/KeyguardLongShadowEffectWrapper( 4068): updateImageViews()
W/System.err( 7696): mkdir failed: EEXIST (File exists) : /data/data/am.sunrise.android.calendar/app_index
I/art     ( 7696): Thread[1,tid=7696,WaitingForJniOnLoad,Thread*=0xf4c28000,peer=0x87aed000,"main"] recursive attempt to load library "/data/app/am.sunrise.android.calendar-1/lib/arm/libalgoliasearch.so"
I/art     ( 7696): Thread[1,tid=7696,WaitingForJniOnLoad,Thread*=0xf4c28000,peer=0x87aed000,"main"] recursive attempt to load library "/data/app/am.sunrise.android.calendar-1/lib/arm/libalgoliasearch.so"
D/KeyguardLongShadowEffectWrapper( 4068): viewToShadow()
E/LongShadowManager( 4068): At [92, 118], TextView[687, 328], Bitmap[687, 328], Canvas[687, 328]
D/TextView( 4068): CharAt(i) : :
D/SecKeyguardStatusUtils( 4068): regionalDateFormat = 3333/11/22 isRTLlanguage = false returnDateFormat = MMMM d日, E
I/Fabric  ( 7696): Initializing Crashlytics 2.1.0.21
W/Settings( 7696): Setting airplane_mode_on has moved from android.provider.Settings.System to android.provider.Settings.Global, returning read-only value.
W/ActivityManager( 3531): userId = 0, bbcId = -10000
W/ActivityManager( 3531): NORMAL SET : dst_category = 701, src_allowCategory = 0,701-1023
W/ActivityManager( 3531): NORMAL SET : srcAppInfo.processName = am.sunrise.android.calendar, destAppInfo.processName = com.google.android.gms
D/InjectionManager( 7696): InjectionManager
D/InjectionManager( 7696): fillFeatureStoreMap am.sunrise.android.calendar
I/InjectionManager( 7696): Constructor am.sunrise.android.calendar, Feature store :{}
I/InjectionManager( 7696): featureStore :{}
W/ActivityManager( 3531): userId = 0, bbcId = -10000
W/ActivityManager( 3531): NORMAL SET : dst_category = 701, src_allowCategory = 0,701-1023
W/ActivityManager( 3531): NORMAL SET : srcAppInfo.processName = am.sunrise.android.calendar, destAppInfo.processName = com.google.android.gms
W/ActivityManager( 3531): userId = 0, bbcId = -10000
W/ActivityManager( 3531): NORMAL SET : dst_category = 1023, src_allowCategory = 0,701-1023
W/ActivityManager( 3531): NORMAL SET : srcAppInfo.processName = am.sunrise.android.calendar, destAppInfo.processName = am.sunrise.android.calendar
W/ActivityManager( 3531): userId = 0, bbcId = -10000
W/ActivityManager( 3531): NORMAL SET : dst_category = 701, src_allowCategory = 0,701-1023
W/ActivityManager( 3531): NORMAL SET : srcAppInfo.processName = am.sunrise.android.calendar, destAppInfo.processName = com.google.android.gms
D/KeyguardEffectViewController( 4068): onReceive action : android.intent.action.TIME_TICK
I/KeyguardEffectViewController( 4068): *** don't update sliding image ***
W/ActivityManager( 3531): userId = 0, bbcId = -10000
W/ActivityManager( 3531): NORMAL SET : dst_category = 1023, src_allowCategory = 0,701-1023
W/ActivityManager( 3531): NORMAL SET : srcAppInfo.processName = com.yahoo.mobile.client.android.weather, destAppInfo.processName = com.yahoo.mobile.client.android.weather
D/[zero daemon] ( 7664): {[BC21B34B88A20EA5822C8C20EF5DDD55D3F558D2B40B6148AA902B8E755F2C7F]}
D/[zero daemon] ( 7664): {[8789C083E82D8E1F2FE32DACFF2426AFFD5F92D84A9FD33C911ADFBB974B2D45]}
W/ActivityManager( 3531): userId = 0, bbcId = -10000
D/[zero daemon] ( 7664): {[03CCBD8E216B8AAF7FB41A36678DB460592382D4021C3B041B748AE95F0D6A8C]}
W/ActivityManager( 3531): NORMAL SET : dst_category = 1023, src_allowCategory = 0,701-1023
W/ActivityManager( 3531): NORMAL SET : srcAppInfo.processName = com.yahoo.mobile.client.android.weather, destAppInfo.processName = com.yahoo.mobile.client.android.weather
D/[zero daemon] ( 7664): {[3B333B04C1FFD890E90D5EA27D33842984D807A55B53687634ACEBA4EA3DD898]}
D/[zero daemon] ( 7664): {[908160387EB28735CDF27ED8FF956F6CEAC288AA20CDFBE1C1E4943840AE7B0046E34CF475BF3E5E845A34D788B89C87]}
D/[zero daemon] ( 7664): {[7CB1C62973D2073DE6BC8B6EB2A2C7324F83DD5E7224787A36F7763324C5C79A75A20B1DA6E9BC078A6B012B9F0ADE1B36EA58D0BCED1535970ADEC3F0C0B2E8A6814EA6C4FDEE138DA2F381D4D02C8B530B7E883F68A0B70656079FD7AB184F4AC60E2C9E2C59A4212A4B3AA9194EE0]}
I/[zero daemon] ( 7664): {[A72A6345BE7A47C32EA1A6DBDBE36562AD2CF0803985788C2E384499687CD3E7CF37E107AD018443167934B4BDD42F1B]}
D/[zero daemon] ( 7664): {[9093E31E2DB0699E3EDBBF3A9BADC2FCCB30FE5DE16A91154107401472D15EFC76644C7C3760128C2833582FE4E1F780]}
D/[zero daemon] ( 7664): {[7CB1C62973D2073DE6BC8B6EB2A2C7324F83DD5E7224787A36F7763324C5C79A75A20B1DA6E9BC078A6B012B9F0ADE1B36EA58D0BCED1535970ADEC3F0C0B2E8A6814EA6C4FDEE138DA2F381D4D02C8B530B7E883F68A0B70656079FD7AB184F7D4B480FA58AFB58E238C381E52715A2]}
I/[zero daemon] ( 7664): {[A72A6345BE7A47C32EA1A6DBDBE36562AD2CF0803985788C2E384499687CD3E7B06B71DA043B02A48F1D19520DC566DF]}
D/[zero daemon] ( 7664): {[DD3A4DB272AC8B827F3BCFE576C796BA4CD7508A558824D731826D352211FD66183C8F64659A9CE8AA4FDB865BE2200F]}
D/[zero daemon] ( 7664): {[7CB1C62973D2073DE6BC8B6EB2A2C7324F83DD5E7224787A36F7763324C5C79A75A20B1DA6E9BC078A6B012B9F0ADE1B36EA58D0BCED1535970ADEC3F0C0B2E8A6814EA6C4FDEE138DA2F381D4D02C8B530B7E883F68A0B70656079FD7AB184FD06790ABE012E4326E6C11425293E897]}
I/[zero daemon] ( 7664): {[A72A6345BE7A47C32EA1A6DBDBE36562AD2CF0803985788C2E384499687CD3E790705EDFE67A52FCC2F06406DCBB1D19]}
D/[zero daemon] ( 7664): {[7CB1C62973D2073DE6BC8B6EB2A2C7324F83DD5E7224787A36F7763324C5C79A75A20B1DA6E9BC078A6B012B9F0ADE1B36EA58D0BCED1535970ADEC3F0C0B2E8A6814EA6C4FDEE138DA2F381D4D02C8B530B7E883F68A0B70656079FD7AB184F7D4B480FA58AFB58E238C381E52715A2]}
I/[zero daemon] ( 7664): {[A72A6345BE7A47C32EA1A6DBDBE36562AD2CF0803985788C2E384499687CD3E7B06B71DA043B02A48F1D19520DC566DF]}
D/[zero daemon] ( 7664): {[81F983E8A1D006F2689F594CCA53F6389C627055C43412A42FA5C104935E639DAACBAFFC49649CB373862629EFDD9A376D769CF6CBF1B2AC7824AC83070ADC69743CDAE34C41CDE61F489E0042296C51]}
D/[zero daemon] ( 7664): {[DDAD60C8FF58362FEBE074CCF0FD9638ACE49957B40F5F05898F0B21734BC4B55D3DCC9FE93F5E45FA4CB5B7E7A6F041F2D62C2DFC8245E7B2C1E4552561B5E2]}
D/[zero daemon] ( 7664): {[7CB1C62973D2073DE6BC8B6EB2A2C7324F83DD5E7224787A36F7763324C5C79A75A20B1DA6E9BC078A6B012B9F0ADE1B36EA58D0BCED1535970ADEC3F0C0B2E8A6814EA6C4FDEE138DA2F381D4D02C8B530B7E883F68A0B70656079FD7AB184F7D4B480FA58AFB58E238C381E52715A2]}
I/[zero daemon] ( 7664): {[A72A6345BE7A47C32EA1A6DBDBE36562AD2CF0803985788C2E384499687CD3E7CF37E107AD018443167934B4BDD42F1B]}
D/[zero daemon] ( 7664): {[81F983E8A1D006F2689F594CCA53F6389C627055C43412A42FA5C104935E639DAACBAFFC49649CB373862629EFDD9A376D769CF6CBF1B2AC7824AC83070ADC69743CDAE34C41CDE61F489E0042296C51]}
D/[zero daemon] ( 7664): {[810D97ECC5B7BEB87459C2D5FE36F153FBA61AB27F01652821E429E4C4A12BC753CB28F2B0369B5EFC766D72DEEF267F5E9C92EA2755A11568F5F8D626BD162F]}
D/[zero daemon] ( 7664): {[DDAD60C8FF58362FEBE074CCF0FD9638ACE49957B40F5F05898F0B21734BC4B5DB4FFE64C4E92A207E5171BD4054622B081FE801223B13DDD1C8C29887A2F915]}
D/[zero daemon] ( 7664): {[92A724EFADD59F160DE03EF2972E97EA9AB2FB2108FD2830907720B94BAA747493E46C1276F9062118903F4DCC4B70763D3007DAA7B2CF3F22F69BE4DBDB40F6]}
D/PanelView( 4068): mClearAll.setVisibility - mIsFullyOpened : false isShade : false mHasNotification : true mIsUpwardFling : false mQsFullyExpanded : false isShadeLocked : false mClearAllVisible : true
D/[zero daemon] ( 7664): {[DDAD60C8FF58362FEBE074CCF0FD9638ACE49957B40F5F05898F0B21734BC4B5E3E29EA7F2E9D7DCECC75C0C9D45C09E5219909A8A6519BEE1651FD92E9DF0C796812AA7728241B49C81102B3D4EAE0E]}
E/[zero daemon] ( 7664): {[9D31ADC23C7BCA4D9B4CC3BA66C321C9C5928F6F8E1249F2BC8E033D2C49F6C9A34EEA18B1707894CD51C995088EF625CA1855D7C627E8B1D07794F1A188D8E6]}
D/[zero daemon] ( 7664): {[DDAD60C8FF58362FEBE074CCF0FD9638ACE49957B40F5F05898F0B21734BC4B58AA31897AE08C0CF32A4FE77AB5496D54D3A343A6CFEC586832A62761A2789858733F51E615D047C9F0C592AE4E6C50C]}
D/[zero daemon] ( 7664): {[ABAFECC878FB071CF8B2CD8E0C53B60F8EE80B3EC7900CDF4EE8E821615570D71B0563C9523CE2C47F8860492DF6BB37546D8442ACF4E5F380ABEC0C69B7B3DE]}
D/[zero daemon] ( 7664): {[2A8B0CD0FB2A15CD21BEA569B470878998DD8B237A56B273C58EFBB150B37C05747D759686FA57B046EB643299B877A69F1533895DCB2FC839C65B79CDF46B75DF68634FB8F478D67F8089BA41708513]}
D/[zero daemon] ( 7664): {[DDAD60C8FF58362FEBE074CCF0FD9638ACE49957B40F5F05898F0B21734BC4B54E46777ECA32E4B82FF7C433C00F50785AE9F1D3203CEE8030729557644444CDF1EE6C7A8348DA7FA55890BFAAD32DD6]}
D/AdaptiveEventManager( 4068): action=com.sec.android.widgetapp.ap.accuweatherdaemon.action.WEATHER_DATE_SYNC
D/[zero daemon] ( 7664): {[F8A2EB49263FB162182C01052A5AF80A671FC9533C772D6107B3E0F84782D5D7A9E8699EF68E2BDB11ED680F8364320589C95DAAE9D3481E424CB211A8716B42787FE31E2299E0AE28328E87A1027B08]}
D/AdaptiveEventManager( 4068): NetWork State is Fine : 200 & currentCityId is not null
D/AdaptiveEventManager( 4068): WeatherInfo [icon, temp, scale] = [19, 26.1, 1]
D/AdaptiveEventManager( 4068): Weather Visibility: Previous= 1 >> Now= 1
D/AdaptiveEventManager( 4068): Widget Count: Previous= 0 >> Now= 0
D/AdaptiveEventManager( 4068): mWeatherInfo container is reliable and Call updateWeatherInfo()
W/ActivityManager( 3531): userId = 0, bbcId = -10000
D/AdaptiveEventContainerSmall( 4068): init() : isAdditionalInfoEnabled=true, isEmergencyModeEnabled=false, isKidsMode=false
W/ActivityManager( 3531): NORMAL SET : dst_category = 0, src_allowCategory = 0,2-1023
W/ActivityManager( 3531): NORMAL SET : srcAppInfo.processName = com.sec.android.daemonapp, destAppInfo.processName = com.android.calendar
E/Zygote  ( 7748): MountEmulatedStorage()
E/Zygote  ( 7748): v2
I/SELinux ( 7748): Function: selinux_compare_spd_ram , priority [2] , priority version is VE=SEPF_SM-G9208_5.1.1_0024
E/SELinux ( 7748): [DEBUG] get_category: variable seinfo: platform sensitivity: NULL, cateogry: NULL
D/[zero daemon] ( 7664): {[7CB1C62973D2073DE6BC8B6EB2A2C7324F83DD5E7224787A36F7763324C5C79A75A20B1DA6E9BC078A6B012B9F0ADE1B36EA58D0BCED1535970ADEC3F0C0B2E8A6814EA6C4FDEE138DA2F381D4D02C8B530B7E883F68A0B70656079FD7AB184F7D4B480FA58AFB58E238C381E52715A2]}
I/[zero daemon] ( 7664): {[A72A6345BE7A47C32EA1A6DBDBE36562AD2CF0803985788C2E384499687CD3E7B06B71DA043B02A48F1D19520DC566DF]}
D/[zero daemon] ( 7664): {[7CB1C62973D2073DE6BC8B6EB2A2C7324F83DD5E7224787A36F7763324C5C79A75A20B1DA6E9BC078A6B012B9F0ADE1B36EA58D0BCED1535970ADEC3F0C0B2E8A6814EA6C4FDEE138DA2F381D4D02C8B530B7E883F68A0B70656079FD7AB184F7D4B480FA58AFB58E238C381E52715A2]}
I/[zero daemon] ( 7664): {[A72A6345BE7A47C32EA1A6DBDBE36562AD2CF0803985788C2E384499687CD3E7B06B71DA043B02A48F1D19520DC566DF]}
D/AdaptiveEventContainerSmall( 4068): isShowInformation=true, getWeatherEnabled()=true
D/[zero daemon] ( 7664): {[7CB1C62973D2073DE6BC8B6EB2A2C7324F83DD5E7224787A36F7763324C5C79A75A20B1DA6E9BC078A6B012B9F0ADE1B36EA58D0BCED1535970ADEC3F0C0B2E8A6814EA6C4FDEE138DA2F381D4D02C8B530B7E883F68A0B70656079FD7AB184F7D4B480FA58AFB58E238C381E52715A2]}
I/[zero daemon] ( 7664): {[A72A6345BE7A47C32EA1A6DBDBE36562AD2CF0803985788C2E384499687CD3E7B06B71DA043B02A48F1D19520DC566DF]}
D/TimaKeyStoreProvider( 7748): TimaSignature is unavailable
D/ActivityThread( 7748): Added TimaKeyStore provider
D/AdaptiveEventContainerSmall( 4068): mWeatherContainer.setVisibility(false), cityId:current
D/AdaptiveEventContainerSmall( 4068): handleWeatherUpdate() : mSmallWeather= null
I/InjectionManager( 7748): Inside getClassLibPath + mLibMap{0=, 1=}
I/InjectionManager( 7748): Inside getClassLibPath caller 
D/InjectionManager( 7748): InjectionManager
D/InjectionManager( 7748): fillFeatureStoreMap com.android.calendar
I/InjectionManager( 7748): Constructor com.android.calendar, Feature store :{}
I/InjectionManager( 7748): featureStore :{}
D/WeatherActionReceiver( 7748): WeatherActionReceiver called
W/ActivityManager( 3531): userId = 0, bbcId = -10000
W/ActivityManager( 3531): NORMAL SET : dst_category = 1023, src_allowCategory = 0,2-1023
W/ActivityManager( 3531): NORMAL SET : srcAppInfo.processName = com.sec.android.daemonapp, destAppInfo.processName = com.yahoo.mobile.client.android.liveweather
E/Zygote  ( 7770): MountEmulatedStorage()
E/Zygote  ( 7770): v2
I/SELinux ( 7770): Function: selinux_compare_spd_ram , priority [2] , priority version is VE=SEPF_SM-G9208_5.1.1_0024
E/SELinux ( 7770): [DEBUG] get_category: variable seinfo: default sensitivity: NULL, cateogry: NULL
D/TimaKeyStoreProvider( 7770): TimaSignature is unavailable
D/ActivityThread( 7770): Added TimaKeyStore provider
I/InjectionManager( 7770): Inside getClassLibPath + mLibMap{0=, 1=}
I/InjectionManager( 7770): Inside getClassLibPath caller 
W/ActivityManager( 3531): userId = 0, bbcId = -10000
W/ActivityManager( 3531): NORMAL SET : dst_category = 701, src_allowCategory = 0,701-1023
W/ActivityManager( 3531): NORMAL SET : srcAppInfo.processName = com.yahoo.mobile.client.android.liveweather, destAppInfo.processName = com.google.android.gms
W/ActivityManager( 3531): userId = 0, bbcId = -10000
W/ActivityManager( 3531): NORMAL SET : dst_category = 701, src_allowCategory = 0,701-1023
W/ActivityManager( 3531): NORMAL SET : srcAppInfo.processName = com.yahoo.mobile.client.android.liveweather, destAppInfo.processName = com.google.android.gms
D/$NPY    ( 7770): Start method of $NPY called
I/CrittercismInstance( 7770): Initializing Crittercism...
D/InjectionManager( 7770): InjectionManager
D/InjectionManager( 7770): fillFeatureStoreMap com.yahoo.mobile.client.android.liveweather
I/InjectionManager( 7770): Constructor com.yahoo.mobile.client.android.liveweather, Feature store :{}
I/InjectionManager( 7770): featureStore :{}
D/YI13N   ( 7770): Location Tracker : not allowed to initialize googlePlay service
W/WeatherPreferences( 7770): No woeid positions found in shared preferences.
W/ActivityManager( 3531): userId = 0, bbcId = -10000
W/ActivityManager( 3531): NORMAL SET : dst_category = 701, src_allowCategory = 0,701-1023
W/ActivityManager( 3531): NORMAL SET : srcAppInfo.processName = com.yahoo.mobile.client.android.liveweather, destAppInfo.processName = com.google.android.gms
I/System.out( 7770): (HTTPLog)-Static: isSBSettingEnabled false
I/System.out( 7770): (HTTPLog)-Static: isShipBuild true
I/System.out( 7770): (HTTPLog)-Thread-12817-773633385: SmartBonding Enabling is false, SHIP_BUILD is true, log to file is false, DBG is false
I/System.out( 7770): (HTTPLog)-Thread-12817-773633385: SMARTBONDING_FEATURE_ENABLED is true
I/System.out( 7770): (HTTPLog)-Static: isSBSettingEnabled false
D/EnterpriseController( 3002): mIsMarkChainAdded is 0 mIsBlockChainAdded is 0 netId is 0
D/Netd    ( 3002): getNetworkForDns: using netid 508 for uid 10181
I/System.out( 7770): Thread-12816(ApacheHTTPLog):Reading from variable values from setDefaultValuesToVariables
I/System.out( 7770): Thread-12816(ApacheHTTPLog):isSBSettingEnabled false
I/System.out( 7770): Thread-12816(ApacheHTTPLog):isShipBuild true
I/System.out( 7770): Thread-12816(ApacheHTTPLog):SMARTBONDING_ENABLED is false
I/System.out( 7770): Thread-12816(ApacheHTTPLog):SmartBonding Enabling is false, SHIP_BUILD is true, log to file is false, DBG is false
D/EnterpriseController( 3002): mIsMarkChainAdded is 0 mIsBlockChainAdded is 0 netId is 0
D/Netd    ( 3002): getNetworkForDns: using netid 508 for uid 10181
D/StatusBar.NetworkController( 4068): onDataActivity: direction=2
D/StatusBar.NetworkController( 4068): updateDataIcon, mDataDirectionIconId = com.android.systemui:drawable/stat_sys_data_connected_4g_plus mDataConnected = true
D/StatusBar.NetworkController( 4068): refreshViews connected={ wifi data } level=4 combinedSignalIconId=0x7f02052d/com.android.systemui:drawable/stat_sys_wifi_captive_3 mobileLabel=中華電信 wifiLabel="NTU" emergencyOnly=false combinedLabel="NTU" mAirplaneMode=false mDataActivity=2 mPhoneSignalIconId=0x7f0204d7/com.android.systemui:drawable/stat_sys_signal_4_auto_rotate mQSPhoneSignalIconId=0x7f020115/com.android.systemui:drawable/ic_qs_signal_4 mDataDirectionIconId=0x7f020320/com.android.systemui:drawable/stat_sys_data_connected_4g_plus mDataSignalIconId=0x7f0204d7/com.android.systemui:drawable/stat_sys_signal_4_auto_rotate mDataTypeIconId=0x7f020320/com.android.systemui:drawable/stat_sys_data_connected_4g_plus mQSDataTypeIconId=0x7f020116/com.android.systemui:drawable/ic_qs_signal_4g mNoSimIconId=0x0/(null) mWifiIconId=0x7f02052d/com.android.systemui:drawable/stat_sys_wifi_captive_3 mQSWifiIconId=0x7f02012a/com.android.systemui:drawable/ic_qs_wifi_3 mWifiActivityIconId=0x0/(null) mBluetoothTetherIconId=0x7f02051d/com.android.systemui:drawable/stat_sys_tether_bluetooth
D/STATUSBAR-WifiTile( 4068): onWifiSignalChanged enabled=true enabledDesc:"NTU"
D/StatusBar.NetworkController( 4068): refreshNwBoosterIndicator - setNWBoosterIndicators(false)
D/StatusBar.NetworkController( 4068): refreshNwBoosterIndicator - setNWBoosterIndicators(false)
D/StatusBar.NetworkController( 4068): refreshNwBoosterIndicator - setNWBoosterIndicators(false)
D/StatusBar.NetworkController( 4068): refreshNwBoosterIndicator - setNWBoosterIndicators(false)
I/System.out( 7770): KnoxVpnUidStorageknoxVpnSupported API value returned is false
D/WifiWatchdogStateMachine.CaptivePortalHandler( 3531): [checkCaptivePortal] - callbackHandler=Handler (com.android.server.wifi.WifiWatchdogStateMachine$CaptivePortalHandler) {3bd583f6}
D/WifiWatchdogStateMachine( 3531): isPackageRunning - top:edu.ntu.vison.smallfarmer01.activity.MainActivity
D/StatusBar.NetworkController( 4068): onSignalStrengthsChanged signalStrength=SignalStrength: 99 99 -120 -160 -120 -1 -1 25 -88 -9 292 -1 2147483647 0x4000 gsm|lte level=4
D/StatusBar.NetworkController( 4068): updateTelephonySignalStrength: hasService=true ss=SignalStrength: 99 99 -120 -160 -120 -1 -1 25 -88 -9 292 -1 2147483647 0x4000 gsm|lte
D/StatusBar.NetworkController( 4068): updateTelephonySignalStrength: iconLevel=4
D/StatusBar.NetworkController( 4068): updateTelephonySignalStrength, No signal level. mPhoneSignalIconId = com.android.systemui:drawable/stat_sys_signal_4_auto_rotate mDataSignalIconId = com.android.systemui:drawable/stat_sys_signal_4_auto_rotate mQSPhoneSignalIconId = com.android.systemui:drawable/ic_qs_signal_4 mContentDescriptionPhoneSignal = 手機訊號滿格
D/StatusBar.NetworkController( 4068): refreshViews connected={ wifi data } level=4 combinedSignalIconId=0x7f02052d/com.android.systemui:drawable/stat_sys_wifi_captive_3 mobileLabel=中華電信 wifiLabel="NTU" emergencyOnly=false combinedLabel="NTU" mAirplaneMode=false mDataActivity=2 mPhoneSignalIconId=0x7f0204d7/com.android.systemui:drawable/stat_sys_signal_4_auto_rotate mQSPhoneSignalIconId=0x7f020115/com.android.systemui:drawable/ic_qs_signal_4 mDataDirectionIconId=0x7f020320/com.android.systemui:drawable/stat_sys_data_connected_4g_plus mDataSignalIconId=0x7f0204d7/com.android.systemui:drawable/stat_sys_signal_4_auto_rotate mDataTypeIconId=0x7f020320/com.android.systemui:drawable/stat_sys_data_connected_4g_plus mQSDataTypeIconId=0x7f020116/com.android.systemui:drawable/ic_qs_signal_4g mNoSimIconId=0x0/(null) mWifiIconId=0x7f02052d/com.android.systemui:drawable/stat_sys_wifi_captive_3 mQSWifiIconId=0x7f02012a/com.android.systemui:drawable/ic_qs_wifi_3 mWifiActivityIconId=0x0/(null) mBluetoothTetherIconId=0x7f02051d/com.android.systemui:drawable/stat_sys_tether_bluetooth
D/STATUSBAR-WifiTile( 4068): onWifiSignalChanged enabled=true enabledDesc:"NTU"
D/StatusBar.NetworkController( 4068): refreshNwBoosterIndicator - setNWBoosterIndicators(false)
D/StatusBar.NetworkController( 4068): refreshNwBoosterIndicator - setNWBoosterIndicators(false)
D/StatusBar.NetworkController( 4068): refreshNwBoosterIndicator - setNWBoosterIndicators(false)
D/StatusBar.NetworkController( 4068): refreshNwBoosterIndicator - setNWBoosterIndicators(false)
D/WifiWatchdogStateMachine.CaptivePortalHandler( 3531): start check captive portal 
D/WifiWatchdogStateMachine.CaptivePortalHandler( 3531): result = 1, mCaptivePortalCheckMode = 11, mCouldNotIdentifyCaptivePortalState = false
D/WifiWatchdogStateMachine.CaptivePortalHandler( 3531): CAPTIVE_PORTAL_RESULT_DETECTED enter
W/System.err( 7770): remove failed: ENOENT (No such file or directory) : /data/data/com.yahoo.mobile.client.android.liveweather/files/.crittercism.apm.disabled.
D/StatusBar.NetworkController( 4068): onDataActivity: direction=3
D/StatusBar.NetworkController( 4068): updateDataIcon, mDataDirectionIconId = com.android.systemui:drawable/stat_sys_data_connected_4g_plus mDataConnected = true
D/StatusBar.NetworkController( 4068): refreshViews connected={ wifi data } level=4 combinedSignalIconId=0x7f02052d/com.android.systemui:drawable/stat_sys_wifi_captive_3 mobileLabel=中華電信 wifiLabel="NTU" emergencyOnly=false combinedLabel="NTU" mAirplaneMode=false mDataActivity=3 mPhoneSignalIconId=0x7f0204d7/com.android.systemui:drawable/stat_sys_signal_4_auto_rotate mQSPhoneSignalIconId=0x7f020115/com.android.systemui:drawable/ic_qs_signal_4 mDataDirectionIconId=0x7f020320/com.android.systemui:drawable/stat_sys_data_connected_4g_plus mDataSignalIconId=0x7f0204d7/com.android.systemui:drawable/stat_sys_signal_4_auto_rotate mDataTypeIconId=0x7f020320/com.android.systemui:drawable/stat_sys_data_connected_4g_plus mQSDataTypeIconId=0x7f020116/com.android.systemui:drawable/ic_qs_signal_4g mNoSimIconId=0x0/(null) mWifiIconId=0x7f02052d/com.android.systemui:drawable/stat_sys_wifi_captive_3 mQSWifiIconId=0x7f02012a/com.android.systemui:drawable/ic_qs_wifi_3 mWifiActivityIconId=0x0/(null) mBluetoothTetherIconId=0x7f02051d/com.android.systemui:drawable/stat_sys_tether_bluetooth
D/STATUSBAR-WifiTile( 4068): onWifiSignalChanged enabled=true enabledDesc:"NTU"
D/StatusBar.NetworkController( 4068): refreshNwBoosterIndicator - setNWBoosterIndicators(false)
D/StatusBar.NetworkController( 4068): refreshNwBoosterIndicator - setNWBoosterIndicators(false)
D/StatusBar.NetworkController( 4068): refreshNwBoosterIndicator - setNWBoosterIndicators(false)
D/StatusBar.NetworkController( 4068): refreshNwBoosterIndicator - setNWBoosterIndicators(false)
D/StatusBar.NetworkController( 4068): refreshViews connected={ wifi data } level=4 combinedSignalIconId=0x7f02052d/com.android.systemui:drawable/stat_sys_wifi_captive_3 mobileLabel=中華電信 wifiLabel="NTU" emergencyOnly=false combinedLabel="NTU" mAirplaneMode=false mDataActivity=3 mPhoneSignalIconId=0x7f0204d7/com.android.systemui:drawable/stat_sys_signal_4_auto_rotate mQSPhoneSignalIconId=0x7f020115/com.android.systemui:drawable/ic_qs_signal_4 mDataDirectionIconId=0x7f020320/com.android.systemui:drawable/stat_sys_data_connected_4g_plus mDataSignalIconId=0x7f0204d7/com.android.systemui:drawable/stat_sys_signal_4_auto_rotate mDataTypeIconId=0x7f020320/com.android.systemui:drawable/stat_sys_data_connected_4g_plus mQSDataTypeIconId=0x7f020116/com.android.systemui:drawable/ic_qs_signal_4g mNoSimIconId=0x0/(null) mWifiIconId=0x7f02052d/com.android.systemui:drawable/stat_sys_wifi_captive_3 mQSWifiIconId=0x7f02012a/com.android.systemui:drawable/ic_qs_wifi_3 mWifiActivityIconId=0x0/(null) mBluetoothTetherIconId=0x7f02051d/com.android.systemui:drawable/stat_sys_tether_bluetooth
D/STATUSBAR-WifiTile( 4068): onWifiSignalChanged enabled=true enabledDesc:"NTU"
D/StatusBar.NetworkController( 4068): refreshNwBoosterIndicator - setNWBoosterIndicators(false)
D/StatusBar.NetworkController( 4068): refreshNwBoosterIndicator - setNWBoosterIndicators(false)
D/StatusBar.NetworkController( 4068): refreshNwBoosterIndicator - setNWBoosterIndicators(false)
D/StatusBar.NetworkController( 4068): refreshNwBoosterIndicator - setNWBoosterIndicators(false)
I/SurfaceFlinger( 2976): id=1371 Removed  (11/15)
I/SurfaceFlinger( 2976): id=1371 Removed  (-2/15)
I/System.out( 7770): pool-3-thread-1 calls detatch()
D/StatusBar.NetworkController( 4068): refreshViews connected={ wifi data } level=4 combinedSignalIconId=0x7f02052d/com.android.systemui:drawable/stat_sys_wifi_captive_3 mobileLabel=中華電信 wifiLabel="NTU" emergencyOnly=false combinedLabel="NTU" mAirplaneMode=false mDataActivity=3 mPhoneSignalIconId=0x7f0204d7/com.android.systemui:drawable/stat_sys_signal_4_auto_rotate mQSPhoneSignalIconId=0x7f020115/com.android.systemui:drawable/ic_qs_signal_4 mDataDirectionIconId=0x7f020320/com.android.systemui:drawable/stat_sys_data_connected_4g_plus mDataSignalIconId=0x7f0204d7/com.android.systemui:drawable/stat_sys_signal_4_auto_rotate mDataTypeIconId=0x7f020320/com.android.systemui:drawable/stat_sys_data_connected_4g_plus mQSDataTypeIconId=0x7f020116/com.android.systemui:drawable/ic_qs_signal_4g mNoSimIconId=0x0/(null) mWifiIconId=0x7f02052d/com.android.systemui:drawable/stat_sys_wifi_captive_3 mQSWifiIconId=0x7f02012a/com.android.systemui:drawable/ic_qs_wifi_3 mWifiActivityIconId=0x0/(null) mBluetoothTetherIconId=0x7f02051d/com.android.systemui:drawable/stat_sys_tether_bluetooth
D/STATUSBAR-WifiTile( 4068): onWifiSignalChanged enabled=true enabledDesc:"NTU"
D/StatusBar.NetworkController( 4068): refreshNwBoosterIndicator - setNWBoosterIndicators(false)
D/StatusBar.NetworkController( 4068): refreshNwBoosterIndicator - setNWBoosterIndicators(false)
D/StatusBar.NetworkController( 4068): refreshNwBoosterIndicator - setNWBoosterIndicators(false)
D/StatusBar.NetworkController( 4068): refreshNwBoosterIndicator - setNWBoosterIndicators(false)
D/InputReader( 3531): Input event(3): value=1 when=44607168865000
D/InputReader( 3531): Input event(3): value=1 when=44607168865000
I/InputReader( 3531): Touch event's action is 0x0 (deviceType=0) [pCnt=1, s=0.3748 ] when=44607168865000
D/InputReader( 3531): lastThreadEndTime = 44598517219553, currentThreadStartTime = 44598517228303, diff = 0
I/InputDispatcher( 3531): Delivering touch to (4068): action: 0x0, toolType: 1
D/ViewRootImpl( 4068): ViewPostImeInputStage ACTION_DOWN
D/PanelView( 4068): mDispatchInitX=517.14844, mDispatchInitY=1966.25
D/KeyguardUnlockEventHandler( 4068): mIsUnlockStarted - false
D/KeyguardWallpaperService( 3084): KeyguardWallpaperService sendTouchEvent called
I/WaterDroplet_Keyguard( 3084): handleTouchEvent action : 0
D/WaterDroplet_Keyguard( 3084): SOUND PLAY SOUND_ID_TAB
D/WaterDroplet_Keyguard( 3084): SOUND PLAY mSoundPool = android.media.SoundPool@18d535c1, isSystemSoundChecked = true
D/WaterDroplet_Keyguard( 3084): SOUND PLAY soundId = 0
W/AudioTrack( 3084): AUDIO_OUTPUT_FLAG_FAST denied by client
D/KeyguardUnlockEventHandler( 4068): mIsUnlockStarted - false
W/AudioPolicyIntefaceImpl( 3010): Skipped to add effects on session 1423
I/AudioPolicyManager( 3010): startOutput() output 4, stream 1, session 1423
I/AudioPolicyManager( 3010): changeRefCount() stream 1, count 1
I/AudioPolicyManager( 3010): setOutputDevice() setting same device 0002 or null device for output 4
D/WaterDroplet_WaterDropletEffect( 3084): handleTouchEvent event : 0
D/KeyguardUnlockEventHandler( 4068): mIsUnlockStarted - false
D/AudioMixer( 3010): setResampler format 1, data ch 2, src 44100, dst 48000, dnmix 0, reformat 0
D/WaterDroplet_WaterDropletEffect( 3084): handleTouchEvent event : 2
D/SoundAliveResampler( 3010): [SoundAliveResampler] Init+++
D/WaterDroplet_WaterDropletEffect( 3084): handleTouchEvent event : 2
D/WaterDroplet_WaterDropletRenderer( 3084): onTouchEvent action = 0
D/WaterDroplet_WaterDropletRenderer( 3084): ACTION_DOWN, renderWidth = 1440, renderHeight2560
V/audio_hw_primary( 3010): start_output_stream+, out->device : 00000002 , out->type = 1
I/S-Physics( 3084): PhysicsEngineJNI static void PhysicsEngineJNI::onTouchEvent(JNIEnv*, jclass, jint, jint, jint, jintArray, jintArray)
I/S-Physics( 3084): Touch 517 1966
D/WaterDroplet_WaterDropletRenderer( 3084): onTouchEvent action = 2
D/WaterDroplet_WaterDropletRenderer( 3084): ACTION_MOVE
I/S-Physics( 3084): PhysicsEngineJNI static void PhysicsEngineJNI::onTouchEvent(JNIEnv*, jclass, jint, jint, jint, jintArray, jintArray)
I/S-Physics( 3084): Touch 514 1945
D/WaterDroplet_WaterDropletRenderer( 3084): onTouchEvent action = 2
D/WaterDroplet_WaterDropletRenderer( 3084): ACTION_MOVE
I/S-Physics( 3084): PhysicsEngineJNI static void PhysicsEngineJNI::onTouchEvent(JNIEnv*, jclass, jint, jint, jint, jintArray, jintArray)
I/S-Physics( 3084): Touch 528 1918
D/KeyguardUnlockEventHandler( 4068): mIsUnlockStarted - false
D/WaterDroplet_WaterDropletEffect( 3084): handleTouchEvent event : 2
D/WaterDroplet_WaterDropletRenderer( 3084): FPS = 2
D/KeyguardUnlockEventHandler( 4068): mIsUnlockStarted - false
D/WaterDroplet_WaterDropletEffect( 3084): handleTouchEvent event : 2
D/WaterDroplet_WaterDropletRenderer( 3084): onTouchEvent action = 2
D/WaterDroplet_WaterDropletRenderer( 3084): ACTION_MOVE
I/S-Physics( 3084): PhysicsEngineJNI static void PhysicsEngineJNI::onTouchEvent(JNIEnv*, jclass, jint, jint, jint, jintArray, jintArray)
I/S-Physics( 3084): Touch 585 1883
D/WaterDroplet_WaterDropletRenderer( 3084): onTouchEvent action = 2
D/WaterDroplet_WaterDropletRenderer( 3084): ACTION_MOVE
I/S-Physics( 3084): PhysicsEngineJNI static void PhysicsEngineJNI::onTouchEvent(JNIEnv*, jclass, jint, jint, jint, jintArray, jintArray)
I/S-Physics( 3084): Touch 677 1847
D/audio_hw_primary( 3010): start_output_stream (0xecf97900) out->config.rate:48000 out->config.format:0 out->period_size:240
V/audio_hw_primary( 3010): select_devices output_scenario:0 input_scenario:-1 out_snd_device 0x2 in_snd_device:0x0
I/audio_route( 3010): 
I/audio_route( 3010): > audio_route_reset :
I/audio_route( 3010): 
I/audio_route( 3010): > audio_route_apply_path : "media-speaker"
D/KeyguardUnlockEventHandler( 4068): mIsUnlockStarted - false
D/WaterDroplet_WaterDropletEffect( 3084): handleTouchEvent event : 2
D/WaterDroplet_WaterDropletRenderer( 3084): onTouchEvent action = 2
D/KeyguardUnlockEventHandler( 4068): mIsUnlockStarted - false
D/WaterDroplet_WaterDropletRenderer( 3084): ACTION_MOVE
I/S-Physics( 3084): PhysicsEngineJNI static void PhysicsEngineJNI::onTouchEvent(JNIEnv*, jclass, jint, jint, jint, jintArray, jintArray)
I/S-Physics( 3084): Touch 812 1802
D/WaterDroplet_WaterDropletEffect( 3084): handleTouchEvent event : 2
D/WaterDroplet_WaterDropletRenderer( 3084): onTouchEvent action = 2
D/WaterDroplet_WaterDropletRenderer( 3084): ACTION_MOVE
I/S-Physics( 3084): PhysicsEngineJNI static void PhysicsEngineJNI::onTouchEvent(JNIEnv*, jclass, jint, jint, jint, jintArray, jintArray)
I/S-Physics( 3084): Touch 943 1764
D/KeyguardUnlockEventHandler( 4068): mIsUnlockStarted - false
D/WaterDroplet_WaterDropletEffect( 3084): handleTouchEvent event : 2
D/WaterDroplet_WaterDropletRenderer( 3084): onTouchEvent action = 2
D/WaterDroplet_WaterDropletRenderer( 3084): ACTION_MOVE
I/S-Physics( 3084): PhysicsEngineJNI static void PhysicsEngineJNI::onTouchEvent(JNIEnv*, jclass, jint, jint, jint, jintArray, jintArray)
I/S-Physics( 3084): Touch 1076 1717
D/KeyguardUnlockEventHandler( 4068): mIsUnlockStarted - false
D/WaterDroplet_WaterDropletEffect( 3084): handleTouchEvent event : 2
D/WaterDroplet_WaterDropletRenderer( 3084): onTouchEvent action = 2
D/WaterDroplet_WaterDropletRenderer( 3084): ACTION_MOVE
I/S-Physics( 3084): PhysicsEngineJNI static void PhysicsEngineJNI::onTouchEvent(JNIEnv*, jclass, jint, jint, jint, jintArray, jintArray)
I/S-Physics( 3084): Touch 1181 1682
D/KeyguardUnlockEventHandler( 4068): mIsUnlockStarted - false
D/WaterDroplet_WaterDropletEffect( 3084): handleTouchEvent event : 2
D/WaterDroplet_WaterDropletRenderer( 3084): onTouchEvent action = 2
D/WaterDroplet_WaterDropletRenderer( 3084): ACTION_MOVE
I/S-Physics( 3084): PhysicsEngineJNI static void PhysicsEngineJNI::onTouchEvent(JNIEnv*, jclass, jint, jint, jint, jintArray, jintArray)
I/S-Physics( 3084): Touch 1269 1654
D/KeyguardUnlockEventHandler( 4068): mIsUnlockStarted - false
D/KeyguardWallpaperService( 3084): KeyguardWallpaperService getUnlockDelay called
D/KeyguardWallpaperService( 3084): KeyguardWallpaperService handleUnlock called
V/audio_hw_primary( 3010): select_devices() output_route "media-speaker" 
I/audio_route( 3010): 
I/audio_route( 3010): > audio_route_apply_path : "gain-media-speaker"
V/audio_hw_primary( 3010): select_devices() output_gain "gain-media-speaker" 
I/audio_route( 3010): 
I/audio_route( 3010): > audio_route_update_mixer : +
I/audio_route( 3010): > audio_route_update_mixer : changed(0) -
I/audio_hw_primary( 3010): select_devices - 
V/audio_hw_primary( 3010): start_output_stream-
I/WaterDroplet_Keyguard( 3084): handleUnlock
D/WaterDroplet_Keyguard( 3084): unregisterAccelrometer()
I/Sensors ( 3531): Acc old sensor_state 1, new sensor_state : 0 en : 0
D/StatusBar.NetworkController( 4068): onSignalStrengthsChanged signalStrength=SignalStrength: 99 99 -120 -160 -120 -1 -1 23 -88 -8 278 -1 2147483647 0x4000 gsm|lte level=4
D/StatusBar.NetworkController( 4068): updateTelephonySignalStrength: hasService=true ss=SignalStrength: 99 99 -120 -160 -120 -1 -1 23 -88 -8 278 -1 2147483647 0x4000 gsm|lte
D/StatusBar.NetworkController( 4068): updateTelephonySignalStrength: iconLevel=4
D/StatusBar.NetworkController( 4068): updateTelephonySignalStrength, No signal level. mPhoneSignalIconId = com.android.systemui:drawable/stat_sys_signal_4_auto_rotate mDataSignalIconId = com.android.systemui:drawable/stat_sys_signal_4_auto_rotate mQSPhoneSignalIconId = com.android.systemui:drawable/ic_qs_signal_4 mContentDescriptionPhoneSignal = 手機訊號滿格
D/StatusBar.NetworkController( 4068): refreshViews connected={ wifi data } level=4 combinedSignalIconId=0x7f02052d/com.android.systemui:drawable/stat_sys_wifi_captive_3 mobileLabel=中華電信 wifiLabel="NTU" emergencyOnly=false combinedLabel="NTU" mAirplaneMode=false mDataActivity=3 mPhoneSignalIconId=0x7f0204d7/com.android.systemui:drawable/stat_sys_signal_4_auto_rotate mQSPhoneSignalIconId=0x7f020115/com.android.systemui:drawable/ic_qs_signal_4 mDataDirectionIconId=0x7f020320/com.android.systemui:drawable/stat_sys_data_connected_4g_plus mDataSignalIconId=0x7f0204d7/com.android.systemui:drawable/stat_sys_signal_4_auto_rotate mDataTypeIconId=0x7f020320/com.android.systemui:drawable/stat_sys_data_connected_4g_plus mQSDataTypeIconId=0x7f020116/com.android.systemui:drawable/ic_qs_signal_4g mNoSimIconId=0x0/(null) mWifiIconId=0x7f02052d/com.android.systemui:drawable/stat_sys_wifi_captive_3 mQSWifiIconId=0x7f02012a/com.android.systemui:drawable/ic_qs_wifi_3 mWifiActivityIconId=0x0/(null) mBluetoothTetherIconId=0x7f02051d/com.android.systemui:drawable/stat_sys_tether_bluetooth
D/STATUSBAR-WifiTile( 4068): onWifiSignalChanged enabled=true enabledDesc:"NTU"
D/StatusBar.NetworkController( 4068): refreshNwBoosterIndicator - setNWBoosterIndicators(false)
D/StatusBar.NetworkController( 4068): refreshNwBoosterIndicator - setNWBoosterIndicators(false)
D/StatusBar.NetworkController( 4068): refreshNwBoosterIndicator - setNWBoosterIndicators(false)
D/StatusBar.NetworkController( 4068): refreshNwBoosterIndicator - setNWBoosterIndicators(false)
D/WaterDroplet_WaterDropletRenderer( 3084): test unlockWaterColor
D/SensorManager( 3084): unregisterListener ::   
D/KeyguardUnlockEventHandler( 4068): mIsUnlockStarted - true
D/StatusBar.NetworkController( 4068): onDataActivity: direction=0
D/StatusBar.NetworkController( 4068): updateDataIcon, mDataDirectionIconId = com.android.systemui:drawable/stat_sys_data_connected_4g_plus mDataConnected = true
D/StatusBar.NetworkController( 4068): refreshViews connected={ wifi data } level=4 combinedSignalIconId=0x7f02052d/com.android.systemui:drawable/stat_sys_wifi_captive_3 mobileLabel=中華電信 wifiLabel="NTU" emergencyOnly=false combinedLabel="NTU" mAirplaneMode=false mDataActivity=0 mPhoneSignalIconId=0x7f0204d7/com.android.systemui:drawable/stat_sys_signal_4_auto_rotate mQSPhoneSignalIconId=0x7f020115/com.android.systemui:drawable/ic_qs_signal_4 mDataDirectionIconId=0x7f020320/com.android.systemui:drawable/stat_sys_data_connected_4g_plus mDataSignalIconId=0x7f0204d7/com.android.systemui:drawable/stat_sys_signal_4_auto_rotate mDataTypeIconId=0x7f020320/com.android.systemui:drawable/stat_sys_data_connected_4g_plus mQSDataTypeIconId=0x7f020116/com.android.systemui:drawable/ic_qs_signal_4g mNoSimIconId=0x0/(null) mWifiIconId=0x7f02052d/com.android.systemui:drawable/stat_sys_wifi_captive_3 mQSWifiIconId=0x7f02012a/com.android.systemui:drawable/ic_qs_wifi_3 mWifiActivityIconId=0x0/(null) mBluetoothTetherIconId=0x7f02051d/com.android.systemui:drawable/stat_sys_tether_bluetooth
D/STATUSBAR-WifiTile( 4068): onWifiSignalChanged enabled=true enabledDesc:"NTU"
D/StatusBar.NetworkController( 4068): refreshNwBoosterIndicator - setNWBoosterIndicators(false)
D/StatusBar.NetworkController( 4068): refreshNwBoosterIndicator - setNWBoosterIndicators(false)
D/StatusBar.NetworkController( 4068): refreshNwBoosterIndicator - setNWBoosterIndicators(false)
D/StatusBar.NetworkController( 4068): refreshNwBoosterIndicator - setNWBoosterIndicators(false)
D/KeyguardUnlockEventHandler( 4068): mIsUnlockStarted - true
D/KeyguardUnlockEventHandler( 4068): mIsUnlockStarted - true
D/InputReader( 3531): Input event(3): value=0 when=44607464828000
D/InputReader( 3531): Input event(3): value=0 when=44607464828000
I/InputReader( 3531): Touch event's action is 0x1 (deviceType=0) [pCnt=1, s=] when=44607464828000
I/InputDispatcher( 3531): Delivering touch to (4068): action: 0x1, toolType: 1
D/KeyguardUnlockEventHandler( 4068): mIsUnlockStarted - true
D/KeyguardUnlockEventHandler( 4068): launch() - mIsKeyguardDismissing=false
D/KeyguardSecurityView( 4068): showNextSecurityScreenOrFinish(false)
D/KeyguardViewMediator( 4068): keyguardDone(true)
D/KeyguardViewMediator( 4068): handleKeyguardDone
D/KeyguardViewMediator( 4068): handleHide
D/KeyguardViewMediator( 4068): isAutoUnlockEnabled in KeyguardViewMediator = true
D/KeyguardViewMediator( 4068): isSecure() = false
D/KeyguardEffectViewUtil( 4068): wallpaperType :1
D/StatusBar-Window( 4068): fnf=false sanc=true, kni=false, sbf=true
D/CoverUI ( 4068): applyFocusableFlag() : Remove SAMSUNG_FLAG_SVIEW_COVER
